../USB_DEVICE/App/usbd_cdc_if.c:150:15:CDC_Init_FS	8	static
../USB_DEVICE/App/usbd_cdc_if.c:164:15:CDC_DeInit_FS	4	static
../USB_DEVICE/App/usbd_cdc_if.c:178:15:CDC_Control_FS	16	static
../USB_DEVICE/App/usbd_cdc_if.c:259:15:CDC_Receive_FS	16	static
../USB_DEVICE/App/usbd_cdc_if.c:280:9:CDC_Transmit_FS	24	static
../USB_DEVICE/App/usbd_cdc_if.c:295:6:CDC_Attach_Receive_FS	16	static
../USB_DEVICE/App/usbd_cdc_if.c:299:10:CDC_Transmit_FS_Status	16	static
../USB_DEVICE/App/usbd_cdc_if.c:305:9:CDC_Device_Is_Connected	4	static
