Archive member included to satisfy reference by file (symbol)

/opt/st/stm32cubeide_1.12.0/plugins/com.st.stm32cube.ide.mcu.externaltools.gnu-tools-for-stm32.10.3-2021.10.linux64_1.0.200.202301161003/tools/bin/../lib/gcc/arm-none-eabi/10.3.1/../../../../arm-none-eabi/lib/thumb/v7-m/nofp/libc_nano.a(lib_a-errno.o)
                              ./Core/Src/syscalls.o (__errno)
/opt/st/stm32cubeide_1.12.0/plugins/com.st.stm32cube.ide.mcu.externaltools.gnu-tools-for-stm32.10.3-2021.10.linux64_1.0.200.202301161003/tools/bin/../lib/gcc/arm-none-eabi/10.3.1/../../../../arm-none-eabi/lib/thumb/v7-m/nofp/libc_nano.a(lib_a-exit.o)
                              /opt/st/stm32cubeide_1.12.0/plugins/com.st.stm32cube.ide.mcu.externaltools.gnu-tools-for-stm32.10.3-2021.10.linux64_1.0.200.202301161003/tools/bin/../lib/gcc/arm-none-eabi/10.3.1/../../../../arm-none-eabi/lib/thumb/v7-m/nofp/crt0.o (exit)
/opt/st/stm32cubeide_1.12.0/plugins/com.st.stm32cube.ide.mcu.externaltools.gnu-tools-for-stm32.10.3-2021.10.linux64_1.0.200.202301161003/tools/bin/../lib/gcc/arm-none-eabi/10.3.1/../../../../arm-none-eabi/lib/thumb/v7-m/nofp/libc_nano.a(lib_a-impure.o)
                              /opt/st/stm32cubeide_1.12.0/plugins/com.st.stm32cube.ide.mcu.externaltools.gnu-tools-for-stm32.10.3-2021.10.linux64_1.0.200.202301161003/tools/bin/../lib/gcc/arm-none-eabi/10.3.1/../../../../arm-none-eabi/lib/thumb/v7-m/nofp/libc_nano.a(lib_a-exit.o) (_global_impure_ptr)
/opt/st/stm32cubeide_1.12.0/plugins/com.st.stm32cube.ide.mcu.externaltools.gnu-tools-for-stm32.10.3-2021.10.linux64_1.0.200.202301161003/tools/bin/../lib/gcc/arm-none-eabi/10.3.1/../../../../arm-none-eabi/lib/thumb/v7-m/nofp/libc_nano.a(lib_a-init.o)
                              /opt/st/stm32cubeide_1.12.0/plugins/com.st.stm32cube.ide.mcu.externaltools.gnu-tools-for-stm32.10.3-2021.10.linux64_1.0.200.202301161003/tools/bin/../lib/gcc/arm-none-eabi/10.3.1/../../../../arm-none-eabi/lib/thumb/v7-m/nofp/crt0.o (__libc_init_array)
/opt/st/stm32cubeide_1.12.0/plugins/com.st.stm32cube.ide.mcu.externaltools.gnu-tools-for-stm32.10.3-2021.10.linux64_1.0.200.202301161003/tools/bin/../lib/gcc/arm-none-eabi/10.3.1/../../../../arm-none-eabi/lib/thumb/v7-m/nofp/libc_nano.a(lib_a-memset.o)
                              /opt/st/stm32cubeide_1.12.0/plugins/com.st.stm32cube.ide.mcu.externaltools.gnu-tools-for-stm32.10.3-2021.10.linux64_1.0.200.202301161003/tools/bin/../lib/gcc/arm-none-eabi/10.3.1/../../../../arm-none-eabi/lib/thumb/v7-m/nofp/crt0.o (memset)

Discarded input sections

 .text          0x0000000000000000        0x0 /opt/st/stm32cubeide_1.12.0/plugins/com.st.stm32cube.ide.mcu.externaltools.gnu-tools-for-stm32.10.3-2021.10.linux64_1.0.200.202301161003/tools/bin/../lib/gcc/arm-none-eabi/10.3.1/thumb/v7-m/nofp/crti.o
 .data          0x0000000000000000        0x0 /opt/st/stm32cubeide_1.12.0/plugins/com.st.stm32cube.ide.mcu.externaltools.gnu-tools-for-stm32.10.3-2021.10.linux64_1.0.200.202301161003/tools/bin/../lib/gcc/arm-none-eabi/10.3.1/thumb/v7-m/nofp/crti.o
 .bss           0x0000000000000000        0x0 /opt/st/stm32cubeide_1.12.0/plugins/com.st.stm32cube.ide.mcu.externaltools.gnu-tools-for-stm32.10.3-2021.10.linux64_1.0.200.202301161003/tools/bin/../lib/gcc/arm-none-eabi/10.3.1/thumb/v7-m/nofp/crti.o
 .data          0x0000000000000000        0x4 /opt/st/stm32cubeide_1.12.0/plugins/com.st.stm32cube.ide.mcu.externaltools.gnu-tools-for-stm32.10.3-2021.10.linux64_1.0.200.202301161003/tools/bin/../lib/gcc/arm-none-eabi/10.3.1/thumb/v7-m/nofp/crtbegin.o
 .rodata        0x0000000000000000       0x24 /opt/st/stm32cubeide_1.12.0/plugins/com.st.stm32cube.ide.mcu.externaltools.gnu-tools-for-stm32.10.3-2021.10.linux64_1.0.200.202301161003/tools/bin/../lib/gcc/arm-none-eabi/10.3.1/thumb/v7-m/nofp/crtbegin.o
 .text          0x0000000000000000       0x7c /opt/st/stm32cubeide_1.12.0/plugins/com.st.stm32cube.ide.mcu.externaltools.gnu-tools-for-stm32.10.3-2021.10.linux64_1.0.200.202301161003/tools/bin/../lib/gcc/arm-none-eabi/10.3.1/../../../../arm-none-eabi/lib/thumb/v7-m/nofp/crt0.o
 .data          0x0000000000000000        0x0 /opt/st/stm32cubeide_1.12.0/plugins/com.st.stm32cube.ide.mcu.externaltools.gnu-tools-for-stm32.10.3-2021.10.linux64_1.0.200.202301161003/tools/bin/../lib/gcc/arm-none-eabi/10.3.1/../../../../arm-none-eabi/lib/thumb/v7-m/nofp/crt0.o
 .bss           0x0000000000000000        0x0 /opt/st/stm32cubeide_1.12.0/plugins/com.st.stm32cube.ide.mcu.externaltools.gnu-tools-for-stm32.10.3-2021.10.linux64_1.0.200.202301161003/tools/bin/../lib/gcc/arm-none-eabi/10.3.1/../../../../arm-none-eabi/lib/thumb/v7-m/nofp/crt0.o
 .ARM.extab     0x0000000000000000        0x0 /opt/st/stm32cubeide_1.12.0/plugins/com.st.stm32cube.ide.mcu.externaltools.gnu-tools-for-stm32.10.3-2021.10.linux64_1.0.200.202301161003/tools/bin/../lib/gcc/arm-none-eabi/10.3.1/../../../../arm-none-eabi/lib/thumb/v7-m/nofp/crt0.o
[...]
Memory Configuration

Name             Origin             Length             Attributes
RAM              0x0000000020000000 0x0000000000005000 xrw
FLASH            0x0000000008000000 0x000000000001fc00 xr
FLASHDATA        0x000000000801fc00 0x0000000000000400 xr
*default*        0x0000000000000000 0xffffffffffffffff

Linker script and memory map

LOAD /opt/st/stm32cubeide_1.12.0/plugins/com.st.stm32cube.ide.mcu.externaltools.gnu-tools-for-stm32.10.3-2021.10.linux64_1.0.200.202301161003/tools/bin/../lib/gcc/arm-none-eabi/10.3.1/thumb/v7-m/nofp/crti.o
LOAD /opt/st/stm32cubeide_1.12.0/plugins/com.st.stm32cube.ide.mcu.externaltools.gnu-tools-for-stm32.10.3-2021.10.linux64_1.0.200.202301161003/tools/bin/../lib/gcc/arm-none-eabi/10.3.1/thumb/v7-m/nofp/crtbegin.o
LOAD /opt/st/stm32cubeide_1.12.0/plugins/com.st.stm32cube.ide.mcu.externaltools.gnu-tools-for-stm32.10.3-2021.10.linux64_1.0.200.202301161003/tools/bin/../lib/gcc/arm-none-eabi/10.3.1/../../../../arm-none-eabi/lib/thumb/v7-m/nofp/crt0.o
LOAD ./Core/Src/button.o
LOAD ./Core/Src/cmdparser.o
LOAD ./Core/Src/local.o
LOAD ./Core/Src/main.o
LOAD ./Core/Src/pcomm.o
LOAD ./Core/Src/stm32f1xx_hal_msp.o
LOAD ./Core/Src/stm32f1xx_it.o
LOAD ./Core/Src/strutil.o
LOAD ./Core/Src/syscalls.o
LOAD ./Core/Src/sysmem.o
LOAD ./Core/Src/system_stm32f1xx.o
LOAD ./Core/Src/util.o
LOAD ./Core/Startup/startup_stm32f103cbtx.o
LOAD ./Drivers/STM32F1xx_HAL_Driver/Src/stm32f1xx_hal.o
LOAD ./Drivers/STM32F1xx_HAL_Driver/Src/stm32f1xx_hal_adc.o
LOAD ./Drivers/STM32F1xx_HAL_Driver/Src/stm32f1xx_hal_adc_ex.o
LOAD ./Drivers/STM32F1xx_HAL_Driver/Src/stm32f1xx_hal_cortex.o
LOAD ./Drivers/STM32F1xx_HAL_Driver/Src/stm32f1xx_hal_dma.o
LOAD ./Drivers/STM32F1xx_HAL_Driver/Src/stm32f1xx_hal_exti.o
LOAD ./Drivers/STM32F1xx_HAL_Driver/Src/stm32f1xx_hal_flash.o
LOAD ./Drivers/STM32F1xx_HAL_Driver/Src/stm32f1xx_hal_flash_ex.o
LOAD ./Drivers/STM32F1xx_HAL_Driver/Src/stm32f1xx_hal_gpio.o
LOAD ./Drivers/STM32F1xx_HAL_Driver/Src/stm32f1xx_hal_gpio_ex.o
LOAD ./Drivers/STM32F1xx_HAL_Driver/Src/stm32f1xx_hal_pcd.o
LOAD ./Drivers/STM32F1xx_HAL_Driver/Src/stm32f1xx_hal_pcd_ex.o
LOAD ./Drivers/STM32F1xx_HAL_Driver/Src/stm32f1xx_hal_pwr.o
LOAD ./Drivers/STM32F1xx_HAL_Driver/Src/stm32f1xx_hal_rcc.o
LOAD ./Drivers/STM32F1xx_HAL_Driver/Src/stm32f1xx_hal_rcc_ex.o
LOAD ./Drivers/STM32F1xx_HAL_Driver/Src/stm32f1xx_hal_tim.o
LOAD ./Drivers/STM32F1xx_HAL_Driver/Src/stm32f1xx_hal_tim_ex.o
LOAD ./Drivers/STM32F1xx_HAL_Driver/Src/stm32f1xx_ll_usb.o
LOAD ./Middlewares/ST/STM32_USB_Device_Library/Class/CDC/Src/usbd_cdc.o
LOAD ./Middlewares/ST/STM32_USB_Device_Library/Core/Src/usbd_core.o
LOAD ./Middlewares/ST/STM32_USB_Device_Library/Core/Src/usbd_ctlreq.o
LOAD ./Middlewares/ST/STM32_USB_Device_Library/Core/Src/usbd_ioreq.o
LOAD ./USB_DEVICE/App/usb_device.o
LOAD ./USB_DEVICE/App/usbd_cdc_if.o
LOAD ./USB_DEVICE/App/usbd_desc.o
LOAD ./USB_DEVICE/Target/usbd_conf.o
START GROUP
LOAD /opt/st/stm32cubeide_1.12.0/plugins/com.st.stm32cube.ide.mcu.externaltools.gnu-tools-for-stm32.10.3-2021.10.linux64_1.0.200.202301161003/tools/bin/../lib/gcc/arm-none-eabi/10.3.1/../../../../arm-none-eabi/lib/thumb/v7-m/nofp/libc_nano.a
LOAD /opt/st/stm32cubeide_1.12.0/plugins/com.st.stm32cube.ide.mcu.externaltools.gnu-tools-for-stm32.10.3-2021.10.linux64_1.0.200.202301161003/tools/bin/../lib/gcc/arm-none-eabi/10.3.1/../../../../arm-none-eabi/lib/thumb/v7-m/nofp/libm.a
END GROUP
START GROUP
LOAD /opt/st/stm32cubeide_1.12.0/plugins/com.st.stm32cube.ide.mcu.externaltools.gnu-tools-for-stm32.10.3-2021.10.linux64_1.0.200.202301161003/tools/bin/../lib/gcc/arm-none-eabi/10.3.1/thumb/v7-m/nofp/libgcc.a
LOAD /opt/st/stm32cubeide_1.12.0/plugins/com.st.stm32cube.ide.mcu.externaltools.gnu-tools-for-stm32.10.3-2021.10.linux64_1.0.200.202301161003/tools/bin/../lib/gcc/arm-none-eabi/10.3.1/../../../../arm-none-eabi/lib/thumb/v7-m/nofp/libc_nano.a
END GROUP
START GROUP
LOAD /opt/st/stm32cubeide_1.12.0/plugins/com.st.stm32cube.ide.mcu.externaltools.gnu-tools-for-stm32.10.3-2021.10.linux64_1.0.200.202301161003/tools/bin/../lib/gcc/arm-none-eabi/10.3.1/thumb/v7-m/nofp/libgcc.a
LOAD /opt/st/stm32cubeide_1.12.0/plugins/com.st.stm32cube.ide.mcu.externaltools.gnu-tools-for-stm32.10.3-2021.10.linux64_1.0.200.202301161003/tools/bin/../lib/gcc/arm-none-eabi/10.3.1/../../../../arm-none-eabi/lib/thumb/v7-m/nofp/libc_nano.a
LOAD /opt/st/stm32cubeide_1.12.0/plugins/com.st.stm32cube.ide.mcu.externaltools.gnu-tools-for-stm32.10.3-2021.10.linux64_1.0.200.202301161003/tools/bin/../lib/gcc/arm-none-eabi/10.3.1/../../../../arm-none-eabi/lib/thumb/v7-m/nofp/libnosys.a
END GROUP
START GROUP
LOAD /opt/st/stm32cubeide_1.12.0/plugins/com.st.stm32cube.ide.mcu.externaltools.gnu-tools-for-stm32.10.3-2021.10.linux64_1.0.200.202301161003/tools/bin/../lib/gcc/arm-none-eabi/10.3.1/thumb/v7-m/nofp/libgcc.a
LOAD /opt/st/stm32cubeide_1.12.0/plugins/com.st.stm32cube.ide.mcu.externaltools.gnu-tools-for-stm32.10.3-2021.10.linux64_1.0.200.202301161003/tools/bin/../lib/gcc/arm-none-eabi/10.3.1/../../../../arm-none-eabi/lib/thumb/v7-m/nofp/libc_nano.a
LOAD /opt/st/stm32cubeide_1.12.0/plugins/com.st.stm32cube.ide.mcu.externaltools.gnu-tools-for-stm32.10.3-2021.10.linux64_1.0.200.202301161003/tools/bin/../lib/gcc/arm-none-eabi/10.3.1/../../../../arm-none-eabi/lib/thumb/v7-m/nofp/libnosys.a
END GROUP
LOAD /opt/st/stm32cubeide_1.12.0/plugins/com.st.stm32cube.ide.mcu.externaltools.gnu-tools-for-stm32.10.3-2021.10.linux64_1.0.200.202301161003/tools/bin/../lib/gcc/arm-none-eabi/10.3.1/thumb/v7-m/nofp/crtend.o
LOAD /opt/st/stm32cubeide_1.12.0/plugins/com.st.stm32cube.ide.mcu.externaltools.gnu-tools-for-stm32.10.3-2021.10.linux64_1.0.200.202301161003/tools/bin/../lib/gcc/arm-none-eabi/10.3.1/thumb/v7-m/nofp/crtn.o
                0x0000000020005000                _estack = (ORIGIN (RAM) + LENGTH (RAM))
                0x0000000000000200                _Min_Heap_Size = 0x200
                0x0000000000000400                _Min_Stack_Size = 0x400

.isr_vector     0x0000000008000000      0x10c
                0x0000000008000000                . = ALIGN (0x4)
 *(.isr_vector)
 .isr_vector    0x0000000008000000      0x10c ./Core/Startup/startup_stm32f103cbtx.o
                0x0000000008000000                g_pfnVectors
                0x000000000800010c                . = ALIGN (0x4)

.text           0x000000000800010c     0xa960
                0x000000000800010c                . = ALIGN (0x4)
 *(.text)
 .text          0x000000000800010c       0x40 /opt/st/stm32cubeide_1.12.0/plugins/com.st.stm32cube.ide.mcu.externaltools.gnu-tools-for-stm32.10.3-2021.10.linux64_1.0.200.202301161003/tools/bin/../lib/gcc/arm-none-eabi/10.3.1/thumb/v7-m/nofp/crtbegin.o
 *(.text*)
 .text.cmd_init
                0x000000000800014c       0x40 ./Core/Src/cmdparser.o
                0x000000000800014c                cmd_init
 .text.cmd_exec
                0x000000000800018c       0xe0 ./Core/Src/cmdparser.o
                0x000000000800018c                cmd_exec
 .text.local_init_control
                0x000000000800026c       0x82 ./Core/Src/local.o
                0x000000000800026c                local_init_control
 *fill*         0x00000000080002ee        0x2 
 .text.HAL_ADC_ConvCpltCallback
                0x00000000080002f0       0x70 ./Core/Src/main.o
                0x00000000080002f0                HAL_ADC_ConvCpltCallback
 .text.heartbeat_gpio_callback
                0x0000000008000360       0x24 ./Core/Src/main.o
                0x0000000008000360                heartbeat_gpio_callback
 .text.cdc_receive
                0x0000000008000384       0x24 ./Core/Src/main.o
                0x0000000008000384                cdc_receive
 .text.tasks_1ms
                0x00000000080003a8       0x4c ./Core/Src/main.o
                0x00000000080003a8                tasks_1ms
 .text.tasks_10ms
                0x00000000080003f4        0xc ./Core/Src/main.o
                0x00000000080003f4                tasks_10ms
 .text.tasks_100ms
                0x0000000008000400       0x14 ./Core/Src/main.o
                0x0000000008000400                tasks_100ms
 .text.tasks_1s
                0x0000000008000414        0xc ./Core/Src/main.o
                0x0000000008000414                tasks_1s
 .text.tasks_10s
                0x0000000008000420        0xc ./Core/Src/main.o
                0x0000000008000420                tasks_10s
 .text.main     0x000000000800042c      0x174 ./Core/Src/main.o
                0x000000000800042c                main
 .text.SystemClock_Config
                0x00000000080005a0       0xba ./Core/Src/main.o
                0x00000000080005a0                SystemClock_Config
 *fill*         0x000000000800065a        0x2 
 .text.MX_ADC1_Init
                0x000000000800065c       0x9c ./Core/Src/main.o
 .text.MX_ADC2_Init
                0x00000000080006f8       0x7c ./Core/Src/main.o
 .text.MX_TIM3_Init
                0x0000000008000774       0x98 ./Core/Src/main.o
 .text.MX_TIM4_Init
                0x000000000800080c       0xec ./Core/Src/main.o
 .text.MX_GPIO_Init
                0x00000000080008f8       0xd8 ./Core/Src/main.o
 .text.Error_Handler
                0x00000000080009d0        0xa ./Core/Src/main.o
                0x00000000080009d0                Error_Handler
 .text.pcomm_init
                0x00000000080009da       0xbc ./Core/Src/pcomm.o
                0x00000000080009da                pcomm_init
 .text.pcomm_rx_receive_array
                0x0000000008000a96       0x5e ./Core/Src/pcomm.o
                0x0000000008000a96                pcomm_rx_receive_array
 .text.pcomm_rx_data_ready
                0x0000000008000af4       0x30 ./Core/Src/pcomm.o
                0x0000000008000af4                pcomm_rx_data_ready
 .text.pcomm_rx_data_flush
                0x0000000008000b24       0x22 ./Core/Src/pcomm.o
                0x0000000008000b24                pcomm_rx_data_flush
 *fill*         0x0000000008000b46        0x2 
 .text.pcomm_tx_put_header
                0x0000000008000b48       0xec ./Core/Src/pcomm.o
                0x0000000008000b48                pcomm_tx_put_header
 .text.pcomm_tx_put_chksum
                0x0000000008000c34       0x74 ./Core/Src/pcomm.o
                0x0000000008000c34                pcomm_tx_put_chksum
 .text.pcomm_tx_put_data_frame
                0x0000000008000ca8       0x7a ./Core/Src/pcomm.o
                0x0000000008000ca8                pcomm_tx_put_data_frame
 .text.pcomm_tx_put_cmd_frame
                0x0000000008000d22       0xb8 ./Core/Src/pcomm.o
                0x0000000008000d22                pcomm_tx_put_cmd_frame
 .text.pcomm_tx_data_ready
                0x0000000008000dda       0x16 ./Core/Src/pcomm.o
                0x0000000008000dda                pcomm_tx_data_ready
 .text.pcomm_tx_data_flush
                0x0000000008000df0       0x34 ./Core/Src/pcomm.o
                0x0000000008000df0                pcomm_tx_data_flush
 .text._checkframe
                0x0000000008000e24      0x2a8 ./Core/Src/pcomm.o
 .text.HAL_MspInit
                0x00000000080010cc       0x64 ./Core/Src/stm32f1xx_hal_msp.o
                0x00000000080010cc                HAL_MspInit
 .text.HAL_ADC_MspInit
                0x0000000008001130       0xec ./Core/Src/stm32f1xx_hal_msp.o
                0x0000000008001130                HAL_ADC_MspInit
 .text.HAL_TIM_Base_MspInit
                0x000000000800121c       0x74 ./Core/Src/stm32f1xx_hal_msp.o
                0x000000000800121c                HAL_TIM_Base_MspInit
 .text.HAL_TIM_MspPostInit
                0x0000000008001290       0x68 ./Core/Src/stm32f1xx_hal_msp.o
                0x0000000008001290                HAL_TIM_MspPostInit
 .text.NMI_Handler
                0x00000000080012f8        0x6 ./Core/Src/stm32f1xx_it.o
                0x00000000080012f8                NMI_Handler
 .text.HardFault_Handler
                0x00000000080012fe        0x6 ./Core/Src/stm32f1xx_it.o
                0x00000000080012fe                HardFault_Handler
 .text.MemManage_Handler
                0x0000000008001304        0x6 ./Core/Src/stm32f1xx_it.o
                0x0000000008001304                MemManage_Handler
 .text.BusFault_Handler
                0x000000000800130a        0x6 ./Core/Src/stm32f1xx_it.o
                0x000000000800130a                BusFault_Handler
 .text.UsageFault_Handler
                0x0000000008001310        0x6 ./Core/Src/stm32f1xx_it.o
                0x0000000008001310                UsageFault_Handler
 .text.SVC_Handler
                0x0000000008001316        0xc ./Core/Src/stm32f1xx_it.o
                0x0000000008001316                SVC_Handler
 .text.DebugMon_Handler
                0x0000000008001322        0xc ./Core/Src/stm32f1xx_it.o
                0x0000000008001322                DebugMon_Handler
 .text.PendSV_Handler
                0x000000000800132e        0xc ./Core/Src/stm32f1xx_it.o
                0x000000000800132e                PendSV_Handler
 .text.SysTick_Handler
                0x000000000800133a        0xc ./Core/Src/stm32f1xx_it.o
                0x000000000800133a                SysTick_Handler
 *fill*         0x0000000008001346        0x2 
 .text.ADC1_2_IRQHandler
                0x0000000008001348       0x1c ./Core/Src/stm32f1xx_it.o
                0x0000000008001348                ADC1_2_IRQHandler
 .text.USB_LP_CAN1_RX0_IRQHandler
                0x0000000008001364       0x14 ./Core/Src/stm32f1xx_it.o
                0x0000000008001364                USB_LP_CAN1_RX0_IRQHandler
 .text.TIM4_IRQHandler
                0x0000000008001378       0x14 ./Core/Src/stm32f1xx_it.o
                0x0000000008001378                TIM4_IRQHandler
 .text.SystemInit
                0x000000000800138c        0xc ./Core/Src/system_stm32f1xx.o
                0x000000000800138c                SystemInit
 .text.usrtick_init
                0x0000000008001398       0x32 ./Core/Src/util.o
                0x0000000008001398                usrtick_init
 .text.usrtick_attach
                0x00000000080013ca       0x6e ./Core/Src/util.o
                0x00000000080013ca                usrtick_attach
 .text.usrtick_work
                0x0000000008001438       0xf2 ./Core/Src/util.o
                0x0000000008001438                usrtick_work
 *fill*         0x000000000800152a        0x2 
 .text._usrtick_get_us
                0x000000000800152c       0x38 ./Core/Src/util.o
 .text._usrtick_get_us_since
                0x0000000008001564       0x58 ./Core/Src/util.o
 .text.heartbeat_init
                0x00000000080015bc       0x28 ./Core/Src/util.o
                0x00000000080015bc                heartbeat_init
 .text.heartbeat
                0x00000000080015e4       0x46 ./Core/Src/util.o
                0x00000000080015e4                heartbeat
 .text.heartbeat_attach
                0x000000000800162a       0x1a ./Core/Src/util.o
                0x000000000800162a                heartbeat_attach
 .text.get_firmware_version
                0x0000000008001644      0x370 ./Core/Src/util.o
                0x0000000008001644                get_firmware_version
 .text.Reset_Handler
                0x00000000080019b4       0x48 ./Core/Startup/startup_stm32f103cbtx.o
                0x00000000080019b4                Reset_Handler
 .text.Default_Handler
                0x00000000080019fc        0x2 ./Core/Startup/startup_stm32f103cbtx.o
                0x00000000080019fc                RTC_Alarm_IRQHandler
                0x00000000080019fc                EXTI2_IRQHandler
                0x00000000080019fc                TIM1_CC_IRQHandler
                0x00000000080019fc                PVD_IRQHandler
                0x00000000080019fc                EXTI3_IRQHandler
                0x00000000080019fc                EXTI0_IRQHandler
                0x00000000080019fc                I2C2_EV_IRQHandler
                0x00000000080019fc                SPI1_IRQHandler
                0x00000000080019fc                TAMPER_IRQHandler
                0x00000000080019fc                DMA1_Channel4_IRQHandler
                0x00000000080019fc                USART3_IRQHandler
                0x00000000080019fc                RTC_IRQHandler
                0x00000000080019fc                DMA1_Channel7_IRQHandler
                0x00000000080019fc                CAN1_RX1_IRQHandler
                0x00000000080019fc                I2C1_EV_IRQHandler
                0x00000000080019fc                DMA1_Channel6_IRQHandler
                0x00000000080019fc                TIM3_IRQHandler
                0x00000000080019fc                RCC_IRQHandler
                0x00000000080019fc                TIM1_TRG_COM_IRQHandler
                0x00000000080019fc                DMA1_Channel1_IRQHandler
                0x00000000080019fc                Default_Handler
                0x00000000080019fc                EXTI15_10_IRQHandler
                0x00000000080019fc                EXTI9_5_IRQHandler
                0x00000000080019fc                SPI2_IRQHandler
                0x00000000080019fc                DMA1_Channel5_IRQHandler
                0x00000000080019fc                EXTI4_IRQHandler
                0x00000000080019fc                USB_HP_CAN1_TX_IRQHandler
                0x00000000080019fc                DMA1_Channel3_IRQHandler
                0x00000000080019fc                TIM1_UP_IRQHandler
                0x00000000080019fc                WWDG_IRQHandler
                0x00000000080019fc                TIM2_IRQHandler
                0x00000000080019fc                TIM1_BRK_IRQHandler
                0x00000000080019fc                EXTI1_IRQHandler
                0x00000000080019fc                USART2_IRQHandler
                0x00000000080019fc                I2C2_ER_IRQHandler
                0x00000000080019fc                DMA1_Channel2_IRQHandler
                0x00000000080019fc                CAN1_SCE_IRQHandler
                0x00000000080019fc                FLASH_IRQHandler
                0x00000000080019fc                USART1_IRQHandler
                0x00000000080019fc                I2C1_ER_IRQHandler
                0x00000000080019fc                USBWakeUp_IRQHandler
 *fill*         0x00000000080019fe        0x2 
 .text.HAL_Init
                0x0000000008001a00       0x2c ./Drivers/STM32F1xx_HAL_Driver/Src/stm32f1xx_hal.o
                0x0000000008001a00                HAL_Init
 .text.HAL_InitTick
                0x0000000008001a2c       0x60 ./Drivers/STM32F1xx_HAL_Driver/Src/stm32f1xx_hal.o
                0x0000000008001a2c                HAL_InitTick
 .text.HAL_IncTick
                0x0000000008001a8c       0x24 ./Drivers/STM32F1xx_HAL_Driver/Src/stm32f1xx_hal.o
                0x0000000008001a8c                HAL_IncTick
 .text.HAL_GetTick
                0x0000000008001ab0       0x14 ./Drivers/STM32F1xx_HAL_Driver/Src/stm32f1xx_hal.o
                0x0000000008001ab0                HAL_GetTick
 .text.HAL_ADC_Init
                0x0000000008001ac4      0x1b0 ./Drivers/STM32F1xx_HAL_Driver/Src/stm32f1xx_hal_adc.o
                0x0000000008001ac4                HAL_ADC_Init
 .text.HAL_ADC_Start_IT
                0x0000000008001c74      0x16c ./Drivers/STM32F1xx_HAL_Driver/Src/stm32f1xx_hal_adc.o
                0x0000000008001c74                HAL_ADC_Start_IT
 .text.HAL_ADC_GetValue
                0x0000000008001de0       0x18 ./Drivers/STM32F1xx_HAL_Driver/Src/stm32f1xx_hal_adc.o
                0x0000000008001de0                HAL_ADC_GetValue
 .text.HAL_ADC_IRQHandler
                0x0000000008001df8      0x186 ./Drivers/STM32F1xx_HAL_Driver/Src/stm32f1xx_hal_adc.o
                0x0000000008001df8                HAL_ADC_IRQHandler
 .text.HAL_ADC_LevelOutOfWindowCallback
                0x0000000008001f7e       0x12 ./Drivers/STM32F1xx_HAL_Driver/Src/stm32f1xx_hal_adc.o
                0x0000000008001f7e                HAL_ADC_LevelOutOfWindowCallback
 .text.HAL_ADC_ConfigChannel
                0x0000000008001f90      0x1f0 ./Drivers/STM32F1xx_HAL_Driver/Src/stm32f1xx_hal_adc.o
                0x0000000008001f90                HAL_ADC_ConfigChannel
 .text.ADC_Enable
                0x0000000008002180       0xb4 ./Drivers/STM32F1xx_HAL_Driver/Src/stm32f1xx_hal_adc.o
                0x0000000008002180                ADC_Enable
 .text.ADC_ConversionStop_Disable
                0x0000000008002234       0x82 ./Drivers/STM32F1xx_HAL_Driver/Src/stm32f1xx_hal_adc.o
                0x0000000008002234                ADC_ConversionStop_Disable
 *fill*         0x00000000080022b6        0x2 
 .text.HAL_ADCEx_Calibration_Start
                0x00000000080022b8      0x158 ./Drivers/STM32F1xx_HAL_Driver/Src/stm32f1xx_hal_adc_ex.o
                0x00000000080022b8                HAL_ADCEx_Calibration_Start
 .text.HAL_ADCEx_InjectedConvCpltCallback
                0x0000000008002410       0x12 ./Drivers/STM32F1xx_HAL_Driver/Src/stm32f1xx_hal_adc_ex.o
                0x0000000008002410                HAL_ADCEx_InjectedConvCpltCallback
 *fill*         0x0000000008002422        0x2 
 .text.HAL_ADCEx_MultiModeConfigChannel
                0x0000000008002424       0xa4 ./Drivers/STM32F1xx_HAL_Driver/Src/stm32f1xx_hal_adc_ex.o
                0x0000000008002424                HAL_ADCEx_MultiModeConfigChannel
 .text.__NVIC_SetPriorityGrouping
                0x00000000080024c8       0x48 ./Drivers/STM32F1xx_HAL_Driver/Src/stm32f1xx_hal_cortex.o
 .text.__NVIC_GetPriorityGrouping
                0x0000000008002510       0x1c ./Drivers/STM32F1xx_HAL_Driver/Src/stm32f1xx_hal_cortex.o
 .text.__NVIC_EnableIRQ
                0x000000000800252c       0x38 ./Drivers/STM32F1xx_HAL_Driver/Src/stm32f1xx_hal_cortex.o
 .text.__NVIC_SetPriority
                0x0000000008002564       0x54 ./Drivers/STM32F1xx_HAL_Driver/Src/stm32f1xx_hal_cortex.o
 .text.NVIC_EncodePriority
                0x00000000080025b8       0x64 ./Drivers/STM32F1xx_HAL_Driver/Src/stm32f1xx_hal_cortex.o
 .text.SysTick_Config
                0x000000000800261c       0x44 ./Drivers/STM32F1xx_HAL_Driver/Src/stm32f1xx_hal_cortex.o
 .text.HAL_NVIC_SetPriorityGrouping
                0x0000000008002660       0x16 ./Drivers/STM32F1xx_HAL_Driver/Src/stm32f1xx_hal_cortex.o
                0x0000000008002660                HAL_NVIC_SetPriorityGrouping
 .text.HAL_NVIC_SetPriority
                0x0000000008002676       0x38 ./Drivers/STM32F1xx_HAL_Driver/Src/stm32f1xx_hal_cortex.o
                0x0000000008002676                HAL_NVIC_SetPriority
 .text.HAL_NVIC_EnableIRQ
                0x00000000080026ae       0x1c ./Drivers/STM32F1xx_HAL_Driver/Src/stm32f1xx_hal_cortex.o
                0x00000000080026ae                HAL_NVIC_EnableIRQ
 .text.HAL_SYSTICK_Config
                0x00000000080026ca       0x18 ./Drivers/STM32F1xx_HAL_Driver/Src/stm32f1xx_hal_cortex.o
                0x00000000080026ca                HAL_SYSTICK_Config
 *fill*         0x00000000080026e2        0x2 
 .text.HAL_GPIO_Init
                0x00000000080026e4      0x308 ./Drivers/STM32F1xx_HAL_Driver/Src/stm32f1xx_hal_gpio.o
                0x00000000080026e4                HAL_GPIO_Init
 .text.HAL_GPIO_WritePin
                0x00000000080029ec       0x30 ./Drivers/STM32F1xx_HAL_Driver/Src/stm32f1xx_hal_gpio.o
                0x00000000080029ec                HAL_GPIO_WritePin
 .text.HAL_PCD_Init
                0x0000000008002a1c      0x216 ./Drivers/STM32F1xx_HAL_Driver/Src/stm32f1xx_hal_pcd.o
                0x0000000008002a1c                HAL_PCD_Init
 .text.HAL_PCD_Start
                0x0000000008002c32       0x4c ./Drivers/STM32F1xx_HAL_Driver/Src/stm32f1xx_hal_pcd.o
                0x0000000008002c32                HAL_PCD_Start
 .text.HAL_PCD_IRQHandler
                0x0000000008002c7e      0x2a6 ./Drivers/STM32F1xx_HAL_Driver/Src/stm32f1xx_hal_pcd.o
                0x0000000008002c7e                HAL_PCD_IRQHandler
 .text.HAL_PCD_SetAddress
                0x0000000008002f24       0x4a ./Drivers/STM32F1xx_HAL_Driver/Src/stm32f1xx_hal_pcd.o
                0x0000000008002f24                HAL_PCD_SetAddress
 .text.HAL_PCD_EP_Open
                0x0000000008002f6e       0xcc ./Drivers/STM32F1xx_HAL_Driver/Src/stm32f1xx_hal_pcd.o
                0x0000000008002f6e                HAL_PCD_EP_Open
 .text.HAL_PCD_EP_Close
                0x000000000800303a       0x90 ./Drivers/STM32F1xx_HAL_Driver/Src/stm32f1xx_hal_pcd.o
                0x000000000800303a                HAL_PCD_EP_Close
 .text.HAL_PCD_EP_Receive
                0x00000000080030ca       0x7a ./Drivers/STM32F1xx_HAL_Driver/Src/stm32f1xx_hal_pcd.o
                0x00000000080030ca                HAL_PCD_EP_Receive
 .text.HAL_PCD_EP_GetRxCount
                0x0000000008003144       0x2e ./Drivers/STM32F1xx_HAL_Driver/Src/stm32f1xx_hal_pcd.o
                0x0000000008003144                HAL_PCD_EP_GetRxCount
 .text.HAL_PCD_EP_Transmit
                0x0000000008003172       0x86 ./Drivers/STM32F1xx_HAL_Driver/Src/stm32f1xx_hal_pcd.o
                0x0000000008003172                HAL_PCD_EP_Transmit
 .text.HAL_PCD_EP_SetStall
                0x00000000080031f8       0xc0 ./Drivers/STM32F1xx_HAL_Driver/Src/stm32f1xx_hal_pcd.o
                0x00000000080031f8                HAL_PCD_EP_SetStall
 .text.HAL_PCD_EP_ClrStall
                0x00000000080032b8       0xa8 ./Drivers/STM32F1xx_HAL_Driver/Src/stm32f1xx_hal_pcd.o
                0x00000000080032b8                HAL_PCD_EP_ClrStall
 .text.PCD_EP_ISR_Handler
                0x0000000008003360      0x600 ./Drivers/STM32F1xx_HAL_Driver/Src/stm32f1xx_hal_pcd.o
 .text.HAL_PCD_EP_DB_Receive
                0x0000000008003960      0x21a ./Drivers/STM32F1xx_HAL_Driver/Src/stm32f1xx_hal_pcd.o
 .text.HAL_PCD_EP_DB_Transmit
                0x0000000008003b7a      0x7a4 ./Drivers/STM32F1xx_HAL_Driver/Src/stm32f1xx_hal_pcd.o
 .text.HAL_PCDEx_PMAConfig
                0x000000000800431e       0x84 ./Drivers/STM32F1xx_HAL_Driver/Src/stm32f1xx_hal_pcd_ex.o
                0x000000000800431e                HAL_PCDEx_PMAConfig
 *fill*         0x00000000080043a2        0x2 
 .text.HAL_RCC_OscConfig
                0x00000000080043a4      0x504 ./Drivers/STM32F1xx_HAL_Driver/Src/stm32f1xx_hal_rcc.o
                0x00000000080043a4                HAL_RCC_OscConfig
 .text.HAL_RCC_ClockConfig
                0x00000000080048a8      0x1d4 ./Drivers/STM32F1xx_HAL_Driver/Src/stm32f1xx_hal_rcc.o
                0x00000000080048a8                HAL_RCC_ClockConfig
 .text.HAL_RCC_GetSysClockFreq
                0x0000000008004a7c       0xbc ./Drivers/STM32F1xx_HAL_Driver/Src/stm32f1xx_hal_rcc.o
                0x0000000008004a7c                HAL_RCC_GetSysClockFreq
 .text.HAL_RCC_GetHCLKFreq
                0x0000000008004b38       0x14 ./Drivers/STM32F1xx_HAL_Driver/Src/stm32f1xx_hal_rcc.o
                0x0000000008004b38                HAL_RCC_GetHCLKFreq
 .text.HAL_RCC_GetPCLK2Freq
                0x0000000008004b4c       0x28 ./Drivers/STM32F1xx_HAL_Driver/Src/stm32f1xx_hal_rcc.o
                0x0000000008004b4c                HAL_RCC_GetPCLK2Freq
 .text.RCC_Delay
                0x0000000008004b74       0x3c ./Drivers/STM32F1xx_HAL_Driver/Src/stm32f1xx_hal_rcc.o
 .text.HAL_RCCEx_PeriphCLKConfig
                0x0000000008004bb0      0x16c ./Drivers/STM32F1xx_HAL_Driver/Src/stm32f1xx_hal_rcc_ex.o
                0x0000000008004bb0                HAL_RCCEx_PeriphCLKConfig
 .text.HAL_RCCEx_GetPeriphCLKFreq
                0x0000000008004d1c      0x180 ./Drivers/STM32F1xx_HAL_Driver/Src/stm32f1xx_hal_rcc_ex.o
                0x0000000008004d1c                HAL_RCCEx_GetPeriphCLKFreq
 .text.HAL_TIM_Base_Init
                0x0000000008004e9c       0x9e ./Drivers/STM32F1xx_HAL_Driver/Src/stm32f1xx_hal_tim.o
                0x0000000008004e9c                HAL_TIM_Base_Init
 *fill*         0x0000000008004f3a        0x2 
 .text.HAL_TIM_Base_Start
                0x0000000008004f3c       0x94 ./Drivers/STM32F1xx_HAL_Driver/Src/stm32f1xx_hal_tim.o
                0x0000000008004f3c                HAL_TIM_Base_Start
 .text.HAL_TIM_Base_Start_IT
                0x0000000008004fd0       0xa4 ./Drivers/STM32F1xx_HAL_Driver/Src/stm32f1xx_hal_tim.o
                0x0000000008004fd0                HAL_TIM_Base_Start_IT
 .text.HAL_TIM_PWM_Init
                0x0000000008005074       0x9e ./Drivers/STM32F1xx_HAL_Driver/Src/stm32f1xx_hal_tim.o
                0x0000000008005074                HAL_TIM_PWM_Init
 .text.HAL_TIM_PWM_MspInit
                0x0000000008005112       0x12 ./Drivers/STM32F1xx_HAL_Driver/Src/stm32f1xx_hal_tim.o
                0x0000000008005112                HAL_TIM_PWM_MspInit
 .text.HAL_TIM_PWM_Start
                0x0000000008005124      0x144 ./Drivers/STM32F1xx_HAL_Driver/Src/stm32f1xx_hal_tim.o
                0x0000000008005124                HAL_TIM_PWM_Start
 .text.HAL_TIM_IRQHandler
                0x0000000008005268      0x210 ./Drivers/STM32F1xx_HAL_Driver/Src/stm32f1xx_hal_tim.o
                0x0000000008005268                HAL_TIM_IRQHandler
 .text.HAL_TIM_PWM_ConfigChannel
                0x0000000008005478      0x17c ./Drivers/STM32F1xx_HAL_Driver/Src/stm32f1xx_hal_tim.o
                0x0000000008005478                HAL_TIM_PWM_ConfigChannel
 .text.HAL_TIM_ConfigClockSource
                0x00000000080055f4      0x188 ./Drivers/STM32F1xx_HAL_Driver/Src/stm32f1xx_hal_tim.o
                0x00000000080055f4                HAL_TIM_ConfigClockSource
 .text.HAL_TIM_PeriodElapsedCallback
                0x000000000800577c       0x12 ./Drivers/STM32F1xx_HAL_Driver/Src/stm32f1xx_hal_tim.o
                0x000000000800577c                HAL_TIM_PeriodElapsedCallback
 .text.HAL_TIM_OC_DelayElapsedCallback
                0x000000000800578e       0x12 ./Drivers/STM32F1xx_HAL_Driver/Src/stm32f1xx_hal_tim.o
                0x000000000800578e                HAL_TIM_OC_DelayElapsedCallback
 .text.HAL_TIM_IC_CaptureCallback
                0x00000000080057a0       0x12 ./Drivers/STM32F1xx_HAL_Driver/Src/stm32f1xx_hal_tim.o
                0x00000000080057a0                HAL_TIM_IC_CaptureCallback
 .text.HAL_TIM_PWM_PulseFinishedCallback
                0x00000000080057b2       0x12 ./Drivers/STM32F1xx_HAL_Driver/Src/stm32f1xx_hal_tim.o
                0x00000000080057b2                HAL_TIM_PWM_PulseFinishedCallback
 .text.HAL_TIM_TriggerCallback
                0x00000000080057c4       0x12 ./Drivers/STM32F1xx_HAL_Driver/Src/stm32f1xx_hal_tim.o
                0x00000000080057c4                HAL_TIM_TriggerCallback
 *fill*         0x00000000080057d6        0x2 
 .text.TIM_Base_SetConfig
                0x00000000080057d8       0xc4 ./Drivers/STM32F1xx_HAL_Driver/Src/stm32f1xx_hal_tim.o
                0x00000000080057d8                TIM_Base_SetConfig
 .text.TIM_OC1_SetConfig
                0x000000000800589c       0xcc ./Drivers/STM32F1xx_HAL_Driver/Src/stm32f1xx_hal_tim.o
 .text.TIM_OC2_SetConfig
                0x0000000008005968       0xd4 ./Drivers/STM32F1xx_HAL_Driver/Src/stm32f1xx_hal_tim.o
                0x0000000008005968                TIM_OC2_SetConfig
 .text.TIM_OC3_SetConfig
                0x0000000008005a3c       0xd4 ./Drivers/STM32F1xx_HAL_Driver/Src/stm32f1xx_hal_tim.o
 .text.TIM_OC4_SetConfig
                0x0000000008005b10       0x9c ./Drivers/STM32F1xx_HAL_Driver/Src/stm32f1xx_hal_tim.o
 .text.TIM_TI1_ConfigInputStage
                0x0000000008005bac       0x5c ./Drivers/STM32F1xx_HAL_Driver/Src/stm32f1xx_hal_tim.o
 .text.TIM_TI2_ConfigInputStage
                0x0000000008005c08       0x5e ./Drivers/STM32F1xx_HAL_Driver/Src/stm32f1xx_hal_tim.o
 .text.TIM_ITRx_SetConfig
                0x0000000008005c66       0x34 ./Drivers/STM32F1xx_HAL_Driver/Src/stm32f1xx_hal_tim.o
 .text.TIM_ETR_SetConfig
                0x0000000008005c9a       0x3e ./Drivers/STM32F1xx_HAL_Driver/Src/stm32f1xx_hal_tim.o
                0x0000000008005c9a                TIM_ETR_SetConfig
 .text.TIM_CCxChannelCmd
                0x0000000008005cd8       0x48 ./Drivers/STM32F1xx_HAL_Driver/Src/stm32f1xx_hal_tim.o
                0x0000000008005cd8                TIM_CCxChannelCmd
 .text.HAL_TIMEx_MasterConfigSynchronization
                0x0000000008005d20       0xbc ./Drivers/STM32F1xx_HAL_Driver/Src/stm32f1xx_hal_tim_ex.o
                0x0000000008005d20                HAL_TIMEx_MasterConfigSynchronization
 .text.HAL_TIMEx_CommutCallback
                0x0000000008005ddc       0x12 ./Drivers/STM32F1xx_HAL_Driver/Src/stm32f1xx_hal_tim_ex.o
                0x0000000008005ddc                HAL_TIMEx_CommutCallback
 .text.HAL_TIMEx_BreakCallback
                0x0000000008005dee       0x12 ./Drivers/STM32F1xx_HAL_Driver/Src/stm32f1xx_hal_tim_ex.o
                0x0000000008005dee                HAL_TIMEx_BreakCallback
 .text.USB_CoreInit
                0x0000000008005e00       0x20 ./Drivers/STM32F1xx_HAL_Driver/Src/stm32f1xx_ll_usb.o
                0x0000000008005e00                USB_CoreInit
 .text.USB_EnableGlobalInt
                0x0000000008005e20       0x2c ./Drivers/STM32F1xx_HAL_Driver/Src/stm32f1xx_ll_usb.o
                0x0000000008005e20                USB_EnableGlobalInt
 .text.USB_DisableGlobalInt
                0x0000000008005e4c       0x34 ./Drivers/STM32F1xx_HAL_Driver/Src/stm32f1xx_ll_usb.o
                0x0000000008005e4c                USB_DisableGlobalInt
 .text.USB_SetCurrentMode
                0x0000000008005e80       0x18 ./Drivers/STM32F1xx_HAL_Driver/Src/stm32f1xx_ll_usb.o
                0x0000000008005e80                USB_SetCurrentMode
 .text.USB_DevInit
                0x0000000008005e98       0x40 ./Drivers/STM32F1xx_HAL_Driver/Src/stm32f1xx_ll_usb.o
                0x0000000008005e98                USB_DevInit
 .text.USB_ActivateEndpoint
                0x0000000008005ed8      0x6d4 ./Drivers/STM32F1xx_HAL_Driver/Src/stm32f1xx_ll_usb.o
                0x0000000008005ed8                USB_ActivateEndpoint
 .text.USB_DeactivateEndpoint
                0x00000000080065ac      0x3d8 ./Drivers/STM32F1xx_HAL_Driver/Src/stm32f1xx_ll_usb.o
                0x00000000080065ac                USB_DeactivateEndpoint
 .text.USB_EPStartXfer
                0x0000000008006984     0x1c70 ./Drivers/STM32F1xx_HAL_Driver/Src/stm32f1xx_ll_usb.o
                0x0000000008006984                USB_EPStartXfer
 .text.USB_EPSetStall
                0x00000000080085f4       0xa0 ./Drivers/STM32F1xx_HAL_Driver/Src/stm32f1xx_ll_usb.o
                0x00000000080085f4                USB_EPSetStall
 .text.USB_EPClearStall
                0x0000000008008694      0x15a ./Drivers/STM32F1xx_HAL_Driver/Src/stm32f1xx_ll_usb.o
                0x0000000008008694                USB_EPClearStall
 .text.USB_SetDevAddress
                0x00000000080087ee       0x26 ./Drivers/STM32F1xx_HAL_Driver/Src/stm32f1xx_ll_usb.o
                0x00000000080087ee                USB_SetDevAddress
 .text.USB_DevConnect
                0x0000000008008814       0x14 ./Drivers/STM32F1xx_HAL_Driver/Src/stm32f1xx_ll_usb.o
                0x0000000008008814                USB_DevConnect
 .text.USB_DevDisconnect
                0x0000000008008828       0x14 ./Drivers/STM32F1xx_HAL_Driver/Src/stm32f1xx_ll_usb.o
                0x0000000008008828                USB_DevDisconnect
 .text.USB_ReadInterrupts
                0x000000000800883c       0x1e ./Drivers/STM32F1xx_HAL_Driver/Src/stm32f1xx_ll_usb.o
                0x000000000800883c                USB_ReadInterrupts
 .text.USB_EP0_OutStart
                0x000000000800885a       0x16 ./Drivers/STM32F1xx_HAL_Driver/Src/stm32f1xx_ll_usb.o
                0x000000000800885a                USB_EP0_OutStart
 .text.USB_WritePMA
                0x0000000008008870       0x8a ./Drivers/STM32F1xx_HAL_Driver/Src/stm32f1xx_ll_usb.o
                0x0000000008008870                USB_WritePMA
 .text.USB_ReadPMA
                0x00000000080088fa       0x9e ./Drivers/STM32F1xx_HAL_Driver/Src/stm32f1xx_ll_usb.o
                0x00000000080088fa                USB_ReadPMA
 .text.USBD_CDC_Init
                0x0000000008008998       0xf4 ./Middlewares/ST/STM32_USB_Device_Library/Class/CDC/Src/usbd_cdc.o
 .text.USBD_CDC_DeInit
                0x0000000008008a8c       0x6e ./Middlewares/ST/STM32_USB_Device_Library/Class/CDC/Src/usbd_cdc.o
 .text.USBD_CDC_Setup
                0x0000000008008afa      0x146 ./Middlewares/ST/STM32_USB_Device_Library/Class/CDC/Src/usbd_cdc.o
 .text.USBD_CDC_DataIn
                0x0000000008008c40       0xa6 ./Middlewares/ST/STM32_USB_Device_Library/Class/CDC/Src/usbd_cdc.o
 .text.USBD_CDC_DataOut
                0x0000000008008ce6       0x56 ./Middlewares/ST/STM32_USB_Device_Library/Class/CDC/Src/usbd_cdc.o
 .text.USBD_CDC_EP0_RxReady
                0x0000000008008d3c       0x50 ./Middlewares/ST/STM32_USB_Device_Library/Class/CDC/Src/usbd_cdc.o
 .text.USBD_CDC_GetFSCfgDesc
                0x0000000008008d8c       0x20 ./Middlewares/ST/STM32_USB_Device_Library/Class/CDC/Src/usbd_cdc.o
 .text.USBD_CDC_GetHSCfgDesc
                0x0000000008008dac       0x20 ./Middlewares/ST/STM32_USB_Device_Library/Class/CDC/Src/usbd_cdc.o
 .text.USBD_CDC_GetOtherSpeedCfgDesc
                0x0000000008008dcc       0x20 ./Middlewares/ST/STM32_USB_Device_Library/Class/CDC/Src/usbd_cdc.o
 .text.USBD_CDC_GetDeviceQualifierDescriptor
                0x0000000008008dec       0x20 ./Middlewares/ST/STM32_USB_Device_Library/Class/CDC/Src/usbd_cdc.o
                0x0000000008008dec                USBD_CDC_GetDeviceQualifierDescriptor
 .text.USBD_CDC_RegisterInterface
                0x0000000008008e0c       0x2c ./Middlewares/ST/STM32_USB_Device_Library/Class/CDC/Src/usbd_cdc.o
                0x0000000008008e0c                USBD_CDC_RegisterInterface
 .text.USBD_CDC_SetTxBuffer
                0x0000000008008e38       0x32 ./Middlewares/ST/STM32_USB_Device_Library/Class/CDC/Src/usbd_cdc.o
                0x0000000008008e38                USBD_CDC_SetTxBuffer
 .text.USBD_CDC_SetRxBuffer
                0x0000000008008e6a       0x26 ./Middlewares/ST/STM32_USB_Device_Library/Class/CDC/Src/usbd_cdc.o
                0x0000000008008e6a                USBD_CDC_SetRxBuffer
 .text.USBD_CDC_TransmitPacket
                0x0000000008008e90       0x5e ./Middlewares/ST/STM32_USB_Device_Library/Class/CDC/Src/usbd_cdc.o
                0x0000000008008e90                USBD_CDC_TransmitPacket
 .text.USBD_CDC_ReceivePacket
                0x0000000008008eee       0x54 ./Middlewares/ST/STM32_USB_Device_Library/Class/CDC/Src/usbd_cdc.o
                0x0000000008008eee                USBD_CDC_ReceivePacket
 .text.USBD_Init
                0x0000000008008f42       0x56 ./Middlewares/ST/STM32_USB_Device_Library/Core/Src/usbd_core.o
                0x0000000008008f42                USBD_Init
 .text.USBD_RegisterClass
                0x0000000008008f98       0x32 ./Middlewares/ST/STM32_USB_Device_Library/Core/Src/usbd_core.o
                0x0000000008008f98                USBD_RegisterClass
 .text.USBD_Start
                0x0000000008008fca       0x18 ./Middlewares/ST/STM32_USB_Device_Library/Core/Src/usbd_core.o
                0x0000000008008fca                USBD_Start
 .text.USBD_RunTestMode
                0x0000000008008fe2       0x14 ./Middlewares/ST/STM32_USB_Device_Library/Core/Src/usbd_core.o
                0x0000000008008fe2                USBD_RunTestMode
 .text.USBD_SetClassConfig
                0x0000000008008ff6       0x3e ./Middlewares/ST/STM32_USB_Device_Library/Core/Src/usbd_core.o
                0x0000000008008ff6                USBD_SetClassConfig
 .text.USBD_ClrClassConfig
                0x0000000008009034       0x26 ./Middlewares/ST/STM32_USB_Device_Library/Core/Src/usbd_core.o
                0x0000000008009034                USBD_ClrClassConfig
 .text.USBD_LL_SetupStage
                0x000000000800905a       0x9a ./Middlewares/ST/STM32_USB_Device_Library/Core/Src/usbd_core.o
                0x000000000800905a                USBD_LL_SetupStage
 .text.USBD_LL_DataOutStage
                0x00000000080090f4       0xe2 ./Middlewares/ST/STM32_USB_Device_Library/Core/Src/usbd_core.o
                0x00000000080090f4                USBD_LL_DataOutStage
 .text.USBD_LL_DataInStage
                0x00000000080091d6      0x14a ./Middlewares/ST/STM32_USB_Device_Library/Core/Src/usbd_core.o
                0x00000000080091d6                USBD_LL_DataInStage
 .text.USBD_LL_Reset
                0x0000000008009320       0x82 ./Middlewares/ST/STM32_USB_Device_Library/Core/Src/usbd_core.o
                0x0000000008009320                USBD_LL_Reset
 .text.USBD_LL_SetSpeed
                0x00000000080093a2       0x1e ./Middlewares/ST/STM32_USB_Device_Library/Core/Src/usbd_core.o
                0x00000000080093a2                USBD_LL_SetSpeed
 .text.USBD_LL_Suspend
                0x00000000080093c0       0x28 ./Middlewares/ST/STM32_USB_Device_Library/Core/Src/usbd_core.o
                0x00000000080093c0                USBD_LL_Suspend
 .text.USBD_LL_Resume
                0x00000000080093e8       0x2a ./Middlewares/ST/STM32_USB_Device_Library/Core/Src/usbd_core.o
                0x00000000080093e8                USBD_LL_Resume
 .text.USBD_LL_SOF
                0x0000000008009412       0x34 ./Middlewares/ST/STM32_USB_Device_Library/Core/Src/usbd_core.o
                0x0000000008009412                USBD_LL_SOF
 *fill*         0x0000000008009446        0x2 
 .text.USBD_StdDevReq
                0x0000000008009448       0xd4 ./Middlewares/ST/STM32_USB_Device_Library/Core/Src/usbd_ctlreq.o
                0x0000000008009448                USBD_StdDevReq
 .text.USBD_StdItfReq
                0x000000000800951c       0x90 ./Middlewares/ST/STM32_USB_Device_Library/Core/Src/usbd_ctlreq.o
                0x000000000800951c                USBD_StdItfReq
 .text.USBD_StdEPReq
                0x00000000080095ac      0x2c6 ./Middlewares/ST/STM32_USB_Device_Library/Core/Src/usbd_ctlreq.o
                0x00000000080095ac                USBD_StdEPReq
 *fill*         0x0000000008009872        0x2 
 .text.USBD_GetDescriptor
                0x0000000008009874      0x2d0 ./Middlewares/ST/STM32_USB_Device_Library/Core/Src/usbd_ctlreq.o
 .text.USBD_SetAddress
                0x0000000008009b44       0x86 ./Middlewares/ST/STM32_USB_Device_Library/Core/Src/usbd_ctlreq.o
 *fill*         0x0000000008009bca        0x2 
 .text.USBD_SetConfig
                0x0000000008009bcc      0x11c ./Middlewares/ST/STM32_USB_Device_Library/Core/Src/usbd_ctlreq.o
 .text.USBD_GetConfig
                0x0000000008009ce8       0x6a ./Middlewares/ST/STM32_USB_Device_Library/Core/Src/usbd_ctlreq.o
 .text.USBD_GetStatus
                0x0000000008009d52       0x66 ./Middlewares/ST/STM32_USB_Device_Library/Core/Src/usbd_ctlreq.o
 .text.USBD_SetFeature
                0x0000000008009db8       0x28 ./Middlewares/ST/STM32_USB_Device_Library/Core/Src/usbd_ctlreq.o
 .text.USBD_ClrFeature
                0x0000000008009de0       0x42 ./Middlewares/ST/STM32_USB_Device_Library/Core/Src/usbd_ctlreq.o
 .text.USBD_ParseSetupRequest
                0x0000000008009e22       0x78 ./Middlewares/ST/STM32_USB_Device_Library/Core/Src/usbd_ctlreq.o
                0x0000000008009e22                USBD_ParseSetupRequest
 .text.USBD_CtlError
                0x0000000008009e9a       0x22 ./Middlewares/ST/STM32_USB_Device_Library/Core/Src/usbd_ctlreq.o
                0x0000000008009e9a                USBD_CtlError
 .text.USBD_GetString
                0x0000000008009ebc       0x84 ./Middlewares/ST/STM32_USB_Device_Library/Core/Src/usbd_ctlreq.o
                0x0000000008009ebc                USBD_GetString
 .text.USBD_GetLen
                0x0000000008009f40       0x2e ./Middlewares/ST/STM32_USB_Device_Library/Core/Src/usbd_ctlreq.o
 .text.USBD_CtlSendData
                0x0000000008009f6e       0x38 ./Middlewares/ST/STM32_USB_Device_Library/Core/Src/usbd_ioreq.o
                0x0000000008009f6e                USBD_CtlSendData
 .text.USBD_CtlContinueSendData
                0x0000000008009fa6       0x24 ./Middlewares/ST/STM32_USB_Device_Library/Core/Src/usbd_ioreq.o
                0x0000000008009fa6                USBD_CtlContinueSendData
 .text.USBD_CtlPrepareRx
                0x0000000008009fca       0x3c ./Middlewares/ST/STM32_USB_Device_Library/Core/Src/usbd_ioreq.o
                0x0000000008009fca                USBD_CtlPrepareRx
 .text.USBD_CtlContinueRx
                0x000000000800a006       0x24 ./Middlewares/ST/STM32_USB_Device_Library/Core/Src/usbd_ioreq.o
                0x000000000800a006                USBD_CtlContinueRx
 .text.USBD_CtlSendStatus
                0x000000000800a02a       0x26 ./Middlewares/ST/STM32_USB_Device_Library/Core/Src/usbd_ioreq.o
                0x000000000800a02a                USBD_CtlSendStatus
 .text.USBD_CtlReceiveStatus
                0x000000000800a050       0x26 ./Middlewares/ST/STM32_USB_Device_Library/Core/Src/usbd_ioreq.o
                0x000000000800a050                USBD_CtlReceiveStatus
 *fill*         0x000000000800a076        0x2 
 .text.MX_USB_DEVICE_Init
                0x000000000800a078       0x60 ./USB_DEVICE/App/usb_device.o
                0x000000000800a078                MX_USB_DEVICE_Init
 .text.CDC_Init_FS
                0x000000000800a0d8       0x28 ./USB_DEVICE/App/usbd_cdc_if.o
 .text.CDC_DeInit_FS
                0x000000000800a100        0xe ./USB_DEVICE/App/usbd_cdc_if.o
 *fill*         0x000000000800a10e        0x2 
 .text.CDC_Control_FS
                0x000000000800a110       0xbc ./USB_DEVICE/App/usbd_cdc_if.o
 .text.CDC_Receive_FS
                0x000000000800a1cc       0x34 ./USB_DEVICE/App/usbd_cdc_if.o
 .text.CDC_Transmit_FS
                0x000000000800a200       0x4c ./USB_DEVICE/App/usbd_cdc_if.o
                0x000000000800a200                CDC_Transmit_FS
 .text.CDC_Attach_Receive_FS
                0x000000000800a24c       0x1c ./USB_DEVICE/App/usbd_cdc_if.o
                0x000000000800a24c                CDC_Attach_Receive_FS
 .text.CDC_Transmit_FS_Status
                0x000000000800a268       0x24 ./USB_DEVICE/App/usbd_cdc_if.o
                0x000000000800a268                CDC_Transmit_FS_Status
 .text.USBD_FS_DeviceDescriptor
                0x000000000800a28c       0x24 ./USB_DEVICE/App/usbd_desc.o
                0x000000000800a28c                USBD_FS_DeviceDescriptor
 .text.USBD_FS_LangIDStrDescriptor
                0x000000000800a2b0       0x24 ./USB_DEVICE/App/usbd_desc.o
                0x000000000800a2b0                USBD_FS_LangIDStrDescriptor
 .text.USBD_FS_ProductStrDescriptor
                0x000000000800a2d4       0x3c ./USB_DEVICE/App/usbd_desc.o
                0x000000000800a2d4                USBD_FS_ProductStrDescriptor
 .text.USBD_FS_ManufacturerStrDescriptor
                0x000000000800a310       0x28 ./USB_DEVICE/App/usbd_desc.o
                0x000000000800a310                USBD_FS_ManufacturerStrDescriptor
 .text.USBD_FS_SerialStrDescriptor
                0x000000000800a338       0x24 ./USB_DEVICE/App/usbd_desc.o
                0x000000000800a338                USBD_FS_SerialStrDescriptor
 .text.USBD_FS_ConfigStrDescriptor
                0x000000000800a35c       0x3c ./USB_DEVICE/App/usbd_desc.o
                0x000000000800a35c                USBD_FS_ConfigStrDescriptor
 .text.USBD_FS_InterfaceStrDescriptor
                0x000000000800a398       0x3c ./USB_DEVICE/App/usbd_desc.o
                0x000000000800a398                USBD_FS_InterfaceStrDescriptor
 .text.Get_SerialNum
                0x000000000800a3d4       0x58 ./USB_DEVICE/App/usbd_desc.o
 .text.IntToUnicode
                0x000000000800a42c       0x7c ./USB_DEVICE/App/usbd_desc.o
 .text.HAL_PCD_MspInit
                0x000000000800a4a8       0x4c ./USB_DEVICE/Target/usbd_conf.o
                0x000000000800a4a8                HAL_PCD_MspInit
 .text.HAL_PCD_SetupStageCallback
                0x000000000800a4f4       0x24 ./USB_DEVICE/Target/usbd_conf.o
                0x000000000800a4f4                HAL_PCD_SetupStageCallback
 .text.HAL_PCD_DataOutStageCallback
                0x000000000800a518       0x36 ./USB_DEVICE/Target/usbd_conf.o
                0x000000000800a518                HAL_PCD_DataOutStageCallback
 .text.HAL_PCD_DataInStageCallback
                0x000000000800a54e       0x34 ./USB_DEVICE/Target/usbd_conf.o
                0x000000000800a54e                HAL_PCD_DataInStageCallback
 .text.HAL_PCD_SOFCallback
                0x000000000800a582       0x1c ./USB_DEVICE/Target/usbd_conf.o
                0x000000000800a582                HAL_PCD_SOFCallback
 .text.HAL_PCD_ResetCallback
                0x000000000800a59e       0x3c ./USB_DEVICE/Target/usbd_conf.o
                0x000000000800a59e                HAL_PCD_ResetCallback
 *fill*         0x000000000800a5da        0x2 
 .text.HAL_PCD_SuspendCallback
                0x000000000800a5dc       0x34 ./USB_DEVICE/Target/usbd_conf.o
                0x000000000800a5dc                HAL_PCD_SuspendCallback
 .text.HAL_PCD_ResumeCallback
                0x000000000800a610       0x1c ./USB_DEVICE/Target/usbd_conf.o
                0x000000000800a610                HAL_PCD_ResumeCallback
 .text.USBD_LL_Init
                0x000000000800a62c       0xb4 ./USB_DEVICE/Target/usbd_conf.o
                0x000000000800a62c                USBD_LL_Init
 .text.USBD_LL_Start
                0x000000000800a6e0       0x36 ./USB_DEVICE/Target/usbd_conf.o
                0x000000000800a6e0                USBD_LL_Start
 .text.USBD_LL_OpenEP
                0x000000000800a716       0x4c ./USB_DEVICE/Target/usbd_conf.o
                0x000000000800a716                USBD_LL_OpenEP
 .text.USBD_LL_CloseEP
                0x000000000800a762       0x3e ./USB_DEVICE/Target/usbd_conf.o
                0x000000000800a762                USBD_LL_CloseEP
 .text.USBD_LL_StallEP
                0x000000000800a7a0       0x3e ./USB_DEVICE/Target/usbd_conf.o
                0x000000000800a7a0                USBD_LL_StallEP
 .text.USBD_LL_ClearStallEP
                0x000000000800a7de       0x3e ./USB_DEVICE/Target/usbd_conf.o
                0x000000000800a7de                USBD_LL_ClearStallEP
 .text.USBD_LL_IsStallEP
                0x000000000800a81c       0x58 ./USB_DEVICE/Target/usbd_conf.o
                0x000000000800a81c                USBD_LL_IsStallEP
 .text.USBD_LL_SetUSBAddress
                0x000000000800a874       0x3e ./USB_DEVICE/Target/usbd_conf.o
                0x000000000800a874                USBD_LL_SetUSBAddress
 .text.USBD_LL_Transmit
                0x000000000800a8b2       0x46 ./USB_DEVICE/Target/usbd_conf.o
                0x000000000800a8b2                USBD_LL_Transmit
 .text.USBD_LL_PrepareReceive
                0x000000000800a8f8       0x46 ./USB_DEVICE/Target/usbd_conf.o
                0x000000000800a8f8                USBD_LL_PrepareReceive
 .text.USBD_LL_GetRxDataSize
                0x000000000800a93e       0x26 ./USB_DEVICE/Target/usbd_conf.o
                0x000000000800a93e                USBD_LL_GetRxDataSize
 .text.USBD_static_malloc
                0x000000000800a964       0x18 ./USB_DEVICE/Target/usbd_conf.o
                0x000000000800a964                USBD_static_malloc
 .text.USBD_static_free
                0x000000000800a97c       0x12 ./USB_DEVICE/Target/usbd_conf.o
                0x000000000800a97c                USBD_static_free
 .text.HAL_PCDEx_SetConnectionState
                0x000000000800a98e       0x16 ./USB_DEVICE/Target/usbd_conf.o
                0x000000000800a98e                HAL_PCDEx_SetConnectionState
 .text.USBD_Get_USB_Status
                0x000000000800a9a4       0x58 ./USB_DEVICE/Target/usbd_conf.o
 .text.__libc_init_array
                0x000000000800a9fc       0x48 /opt/st/stm32cubeide_1.12.0/plugins/com.st.stm32cube.ide.mcu.externaltools.gnu-tools-for-stm32.10.3-2021.10.linux64_1.0.200.202301161003/tools/bin/../lib/gcc/arm-none-eabi/10.3.1/../../../../arm-none-eabi/lib/thumb/v7-m/nofp/libc_nano.a(lib_a-init.o)
                0x000000000800a9fc                __libc_init_array
 .text.memset   0x000000000800aa44       0x10 /opt/st/stm32cubeide_1.12.0/plugins/com.st.stm32cube.ide.mcu.externaltools.gnu-tools-for-stm32.10.3-2021.10.linux64_1.0.200.202301161003/tools/bin/../lib/gcc/arm-none-eabi/10.3.1/../../../../arm-none-eabi/lib/thumb/v7-m/nofp/libc_nano.a(lib_a-memset.o)
                0x000000000800aa44                memset
 *(.glue_7)
 .glue_7        0x000000000800aa54        0x0 linker stubs
 *(.glue_7t)
 .glue_7t       0x000000000800aa54        0x0 linker stubs
 *(.eh_frame)
 .eh_frame      0x000000000800aa54        0x0 /opt/st/stm32cubeide_1.12.0/plugins/com.st.stm32cube.ide.mcu.externaltools.gnu-tools-for-stm32.10.3-2021.10.linux64_1.0.200.202301161003/tools/bin/../lib/gcc/arm-none-eabi/10.3.1/thumb/v7-m/nofp/crtbegin.o
 *(.init)
 .init          0x000000000800aa54        0x4 /opt/st/stm32cubeide_1.12.0/plugins/com.st.stm32cube.ide.mcu.externaltools.gnu-tools-for-stm32.10.3-2021.10.linux64_1.0.200.202301161003/tools/bin/../lib/gcc/arm-none-eabi/10.3.1/thumb/v7-m/nofp/crti.o
                0x000000000800aa54                _init
 .init          0x000000000800aa58        0x8 /opt/st/stm32cubeide_1.12.0/plugins/com.st.stm32cube.ide.mcu.externaltools.gnu-tools-for-stm32.10.3-2021.10.linux64_1.0.200.202301161003/tools/bin/../lib/gcc/arm-none-eabi/10.3.1/thumb/v7-m/nofp/crtn.o
 *(.fini)
 .fini          0x000000000800aa60        0x4 /opt/st/stm32cubeide_1.12.0/plugins/com.st.stm32cube.ide.mcu.externaltools.gnu-tools-for-stm32.10.3-2021.10.linux64_1.0.200.202301161003/tools/bin/../lib/gcc/arm-none-eabi/10.3.1/thumb/v7-m/nofp/crti.o
                0x000000000800aa60                _fini
 .fini          0x000000000800aa64        0x8 /opt/st/stm32cubeide_1.12.0/plugins/com.st.stm32cube.ide.mcu.externaltools.gnu-tools-for-stm32.10.3-2021.10.linux64_1.0.200.202301161003/tools/bin/../lib/gcc/arm-none-eabi/10.3.1/thumb/v7-m/nofp/crtn.o
                0x000000000800aa6c                . = ALIGN (0x4)
                0x000000000800aa6c                _etext = .

.vfp11_veneer   0x000000000800aa6c        0x0
 .vfp11_veneer  0x000000000800aa6c        0x0 linker stubs

.v4_bx          0x000000000800aa6c        0x0
 .v4_bx         0x000000000800aa6c        0x0 linker stubs

.iplt           0x000000000800aa6c        0x0
 .iplt          0x000000000800aa6c        0x0 /opt/st/stm32cubeide_1.12.0/plugins/com.st.stm32cube.ide.mcu.externaltools.gnu-tools-for-stm32.10.3-2021.10.linux64_1.0.200.202301161003/tools/bin/../lib/gcc/arm-none-eabi/10.3.1/thumb/v7-m/nofp/crtbegin.o

.rodata         0x000000000800aa6c       0xbc
                0x000000000800aa6c                . = ALIGN (0x4)
 *(.rodata)
 .rodata        0x000000000800aa6c        0x4 ./Core/Src/cmdparser.o
 .rodata        0x000000000800aa70       0x16 ./Core/Src/main.o
 *fill*         0x000000000800aa86        0x2 
 .rodata        0x000000000800aa88       0x18 ./Core/Src/util.o
 .rodata        0x000000000800aaa0       0x10 ./Drivers/STM32F1xx_HAL_Driver/Src/stm32f1xx_hal_rcc.o
 .rodata        0x000000000800aab0       0x10 ./Drivers/STM32F1xx_HAL_Driver/Src/stm32f1xx_hal_rcc_ex.o
 .rodata        0x000000000800aac0       0x46 ./USB_DEVICE/App/usbd_desc.o
 *(.rodata*)
 *fill*         0x000000000800ab06        0x2 
 .rodata._header
                0x000000000800ab08        0x6 ./Core/Src/pcomm.o
 *fill*         0x000000000800ab0e        0x2 
 .rodata.AHBPrescTable
                0x000000000800ab10       0x10 ./Core/Src/system_stm32f1xx.o
                0x000000000800ab10                AHBPrescTable
 .rodata.APBPrescTable
                0x000000000800ab20        0x8 ./Core/Src/system_stm32f1xx.o
                0x000000000800ab20                APBPrescTable
                0x000000000800ab28                . = ALIGN (0x4)

.rel.dyn        0x000000000800ab28        0x0
 .rel.iplt      0x000000000800ab28        0x0 /opt/st/stm32cubeide_1.12.0/plugins/com.st.stm32cube.ide.mcu.externaltools.gnu-tools-for-stm32.10.3-2021.10.linux64_1.0.200.202301161003/tools/bin/../lib/gcc/arm-none-eabi/10.3.1/thumb/v7-m/nofp/crtbegin.o

.ARM.extab      0x000000000800ab28        0x0
                0x000000000800ab28                . = ALIGN (0x4)
 *(.ARM.extab* .gnu.linkonce.armextab.*)
                0x000000000800ab28                . = ALIGN (0x4)

.ARM            0x000000000800ab28        0x0
                0x000000000800ab28                . = ALIGN (0x4)
                0x000000000800ab28                __exidx_start = .
 *(.ARM.exidx*)
                0x000000000800ab28                __exidx_end = .
                0x000000000800ab28                . = ALIGN (0x4)

.preinit_array  0x000000000800ab28        0x0
                0x000000000800ab28                . = ALIGN (0x4)
                0x000000000800ab28                PROVIDE (__preinit_array_start = .)
 *(.preinit_array*)
                0x000000000800ab28                PROVIDE (__preinit_array_end = .)
                0x000000000800ab28                . = ALIGN (0x4)

.init_array     0x000000000800ab28        0x4
                0x000000000800ab28                . = ALIGN (0x4)
                0x000000000800ab28                PROVIDE (__init_array_start = .)
 *(SORT_BY_NAME(.init_array.*))
 *(.init_array*)
 .init_array    0x000000000800ab28        0x4 /opt/st/stm32cubeide_1.12.0/plugins/com.st.stm32cube.ide.mcu.externaltools.gnu-tools-for-stm32.10.3-2021.10.linux64_1.0.200.202301161003/tools/bin/../lib/gcc/arm-none-eabi/10.3.1/thumb/v7-m/nofp/crtbegin.o
                0x000000000800ab2c                PROVIDE (__init_array_end = .)
                0x000000000800ab2c                . = ALIGN (0x4)

.fini_array     0x000000000800ab2c        0x4
                0x000000000800ab2c                . = ALIGN (0x4)
                [!provide]                        PROVIDE (__fini_array_start = .)
 *(SORT_BY_NAME(.fini_array.*))
 *(.fini_array*)
 .fini_array    0x000000000800ab2c        0x4 /opt/st/stm32cubeide_1.12.0/plugins/com.st.stm32cube.ide.mcu.externaltools.gnu-tools-for-stm32.10.3-2021.10.linux64_1.0.200.202301161003/tools/bin/../lib/gcc/arm-none-eabi/10.3.1/thumb/v7-m/nofp/crtbegin.o
                [!provide]                        PROVIDE (__fini_array_end = .)
                0x000000000800ab30                . = ALIGN (0x4)
                0x000000000800ab30                _sidata = LOADADDR (.data)

.data           0x0000000020000000      0x180 load address 0x000000000800ab30
                0x0000000020000000                . = ALIGN (0x4)
                0x0000000020000000                _sdata = .
 *(.data)
 *(.data*)
 .data.cmd_error
                0x0000000020000000        0x4 ./Core/Src/cmdparser.o
 .data.SystemCoreClock
                0x0000000020000004        0x4 ./Core/Src/system_stm32f1xx.o
                0x0000000020000004                SystemCoreClock
 .data.uwTickPrio
                0x0000000020000008        0x4 ./Drivers/STM32F1xx_HAL_Driver/Src/stm32f1xx_hal.o
                0x0000000020000008                uwTickPrio
 .data.uwTickFreq
                0x000000002000000c        0x1 ./Drivers/STM32F1xx_HAL_Driver/Src/stm32f1xx_hal.o
                0x000000002000000c                uwTickFreq
 *fill*         0x000000002000000d        0x3 
 .data.USBD_CDC_DeviceQualifierDesc
                0x0000000020000010        0xa ./Middlewares/ST/STM32_USB_Device_Library/Class/CDC/Src/usbd_cdc.o
 *fill*         0x000000002000001a        0x2 
 .data.USBD_CDC
                0x000000002000001c       0x38 ./Middlewares/ST/STM32_USB_Device_Library/Class/CDC/Src/usbd_cdc.o
                0x000000002000001c                USBD_CDC
 .data.USBD_CDC_CfgHSDesc
                0x0000000020000054       0x43 ./Middlewares/ST/STM32_USB_Device_Library/Class/CDC/Src/usbd_cdc.o
                0x0000000020000054                USBD_CDC_CfgHSDesc
 *fill*         0x0000000020000097        0x1 
 .data.USBD_CDC_CfgFSDesc
                0x0000000020000098       0x43 ./Middlewares/ST/STM32_USB_Device_Library/Class/CDC/Src/usbd_cdc.o
                0x0000000020000098                USBD_CDC_CfgFSDesc
 *fill*         0x00000000200000db        0x1 
 .data.USBD_CDC_OtherSpeedCfgDesc
                0x00000000200000dc       0x43 ./Middlewares/ST/STM32_USB_Device_Library/Class/CDC/Src/usbd_cdc.o
                0x00000000200000dc                USBD_CDC_OtherSpeedCfgDesc
 *fill*         0x000000002000011f        0x1 
 .data.USBD_Interface_fops_FS
                0x0000000020000120       0x10 ./USB_DEVICE/App/usbd_cdc_if.o
                0x0000000020000120                USBD_Interface_fops_FS
 .data.FS_Desc  0x0000000020000130       0x1c ./USB_DEVICE/App/usbd_desc.o
                0x0000000020000130                FS_Desc
 .data.USBD_FS_DeviceDesc
                0x000000002000014c       0x12 ./USB_DEVICE/App/usbd_desc.o
                0x000000002000014c                USBD_FS_DeviceDesc
 *fill*         0x000000002000015e        0x2 
 .data.USBD_LangIDDesc
                0x0000000020000160        0x4 ./USB_DEVICE/App/usbd_desc.o
                0x0000000020000160                USBD_LangIDDesc
 .data.USBD_StringSerial
                0x0000000020000164       0x1a ./USB_DEVICE/App/usbd_desc.o
                0x0000000020000164                USBD_StringSerial
 *(.RamFunc)
 *(.RamFunc*)
                0x0000000020000180                . = ALIGN (0x4)
 *fill*         0x000000002000017e        0x2 
                0x0000000020000180                _edata = .

.igot.plt       0x0000000020000180        0x0 load address 0x000000000800acb0
 .igot.plt      0x0000000020000180        0x0 /opt/st/stm32cubeide_1.12.0/plugins/com.st.stm32cube.ide.mcu.externaltools.gnu-tools-for-stm32.10.3-2021.10.linux64_1.0.200.202301161003/tools/bin/../lib/gcc/arm-none-eabi/10.3.1/thumb/v7-m/nofp/crtbegin.o

.configdata
 *(.configdata)
 *(.configdata*)
                0x0000000020000180                . = ALIGN (0x4)

.bss            0x0000000020000180     0x38e8
                0x0000000020000180                _sbss = .
                0x0000000020000180                __bss_start__ = _sbss
 *(.bss)
 .bss           0x0000000020000180       0x1c /opt/st/stm32cubeide_1.12.0/plugins/com.st.stm32cube.ide.mcu.externaltools.gnu-tools-for-stm32.10.3-2021.10.linux64_1.0.200.202301161003/tools/bin/../lib/gcc/arm-none-eabi/10.3.1/thumb/v7-m/nofp/crtbegin.o
 *(.bss*)
 .bss.cdc       0x000000002000019c        0x4 ./Core/Src/cmdparser.o
 .bss.usrtick   0x00000000200001a0        0x4 ./Core/Src/cmdparser.o
 .bss.hb        0x00000000200001a4        0x4 ./Core/Src/cmdparser.o
 .bss.control   0x00000000200001a8        0x4 ./Core/Src/cmdparser.o
 .bss.firmware_version
                0x00000000200001ac       0x2a ./Core/Src/main.o
                0x00000000200001ac                firmware_version
 *fill*         0x00000000200001d6        0x2 
 .bss.hadc1     0x00000000200001d8       0x30 ./Core/Src/main.o
                0x00000000200001d8                hadc1
 .bss.hadc2     0x0000000020000208       0x30 ./Core/Src/main.o
                0x0000000020000208                hadc2
 .bss.htim3     0x0000000020000238       0x48 ./Core/Src/main.o
                0x0000000020000238                htim3
 .bss.htim4     0x0000000020000280       0x48 ./Core/Src/main.o
                0x0000000020000280                htim4
 .bss.__rx_bf_cdc
                0x00000000200002c8      0x100 ./Core/Src/main.o
                0x00000000200002c8                __rx_bf_cdc
 .bss.__tx_bf_cdc
                0x00000000200003c8      0x400 ./Core/Src/main.o
                0x00000000200003c8                __tx_bf_cdc
 .bss.__bf_adc_ch1
                0x00000000200007c8     0x1000 ./Core/Src/main.o
                0x00000000200007c8                __bf_adc_ch1
 .bss.__bf_adc_ch2
                0x00000000200017c8     0x1000 ./Core/Src/main.o
                0x00000000200017c8                __bf_adc_ch2
 .bss.usrtick   0x00000000200027c8       0x4c ./Core/Src/main.o
                0x00000000200027c8                usrtick
 .bss.hb        0x0000000020002814        0xc ./Core/Src/main.o
                0x0000000020002814                hb
 .bss.cdc       0x0000000020002820       0x40 ./Core/Src/main.o
                0x0000000020002820                cdc
 .bss.control   0x0000000020002860       0x2c ./Core/Src/main.o
                0x0000000020002860                control
 .bss.uwTick    0x000000002000288c        0x4 ./Drivers/STM32F1xx_HAL_Driver/Src/stm32f1xx_hal.o
                0x000000002000288c                uwTick
 .bss.cfgidx.0  0x0000000020002890        0x1 ./Middlewares/ST/STM32_USB_Device_Library/Core/Src/usbd_ctlreq.o
 *fill*         0x0000000020002891        0x3 
 .bss.hUsbDeviceFS
                0x0000000020002894      0x2c4 ./USB_DEVICE/App/usb_device.o
                0x0000000020002894                hUsbDeviceFS
 .bss.UserRxBufferFS
                0x0000000020002b58      0x400 ./USB_DEVICE/App/usbd_cdc_if.o
                0x0000000020002b58                UserRxBufferFS
 .bss.UserTxBufferFS
                0x0000000020002f58      0x400 ./USB_DEVICE/App/usbd_cdc_if.o
                0x0000000020002f58                UserTxBufferFS
 .bss.CDC_Rx_to_buff
                0x0000000020003358        0x4 ./USB_DEVICE/App/usbd_cdc_if.o
                0x0000000020003358                CDC_Rx_to_buff
 .bss.USBD_StrDesc
                0x000000002000335c      0x200 ./USB_DEVICE/App/usbd_desc.o
                0x000000002000335c                USBD_StrDesc
 .bss.hpcd_USB_FS
                0x000000002000355c      0x2ec ./USB_DEVICE/Target/usbd_conf.o
                0x000000002000355c                hpcd_USB_FS
 .bss.mem.0     0x0000000020003848      0x220 ./USB_DEVICE/Target/usbd_conf.o
 *(COMMON)
                0x0000000020003a68                . = ALIGN (0x4)
                0x0000000020003a68                _ebss = .
                0x0000000020003a68                __bss_end__ = _ebss

._user_heap_stack
                0x0000000020003a68      0x600
                0x0000000020003a68                . = ALIGN (0x8)
                [!provide]                        PROVIDE (end = .)
                0x0000000020003a68                PROVIDE (_end = .)
                0x0000000020003c68                . = (. + _Min_Heap_Size)
 *fill*         0x0000000020003a68      0x200 
                0x0000000020004068                . = (. + _Min_Stack_Size)
 *fill*         0x0000000020003c68      0x400 
                0x0000000020004068                . = ALIGN (0x8)

/DISCARD/
 libc.a(*)
 libm.a(*)
 libgcc.a(*)

.ARM.attributes
                0x0000000000000000       0x29
 *(.ARM.attributes)
 .ARM.attributes
                0x0000000000000000       0x1d /opt/st/stm32cubeide_1.12.0/plugins/com.st.stm32cube.ide.mcu.externaltools.gnu-tools-for-stm32.10.3-2021.10.linux64_1.0.200.202301161003/tools/bin/../lib/gcc/arm-none-eabi/10.3.1/thumb/v7-m/nofp/crti.o
 .ARM.attributes
                0x000000000000001d       0x2d /opt/st/stm32cubeide_1.12.0/plugins/com.st.stm32cube.ide.mcu.externaltools.gnu-tools-for-stm32.10.3-2021.10.linux64_1.0.200.202301161003/tools/bin/../lib/gcc/arm-none-eabi/10.3.1/thumb/v7-m/nofp/crtbegin.o
 .ARM.attributes
                0x000000000000004a       0x2d ./Core/Src/cmdparser.o
 .ARM.attributes
                0x0000000000000077       0x2d ./Core/Src/local.o
 .ARM.attributes
                0x00000000000000a4       0x2d ./Core/Src/main.o
 .ARM.attributes
                0x00000000000000d1       0x2d ./Core/Src/pcomm.o
 .ARM.attributes
                0x00000000000000fe       0x2d ./Core/Src/stm32f1xx_hal_msp.o
 .ARM.attributes
                0x000000000000012b       0x2d ./Core/Src/stm32f1xx_it.o
 .ARM.attributes
                0x0000000000000158       0x2d ./Core/Src/system_stm32f1xx.o
 .ARM.attributes
                0x0000000000000185       0x2d ./Core/Src/util.o
 .ARM.attributes
                0x00000000000001b2       0x21 ./Core/Startup/startup_stm32f103cbtx.o
 .ARM.attributes
                0x00000000000001d3       0x2d ./Drivers/STM32F1xx_HAL_Driver/Src/stm32f1xx_hal.o
 .ARM.attributes
                0x0000000000000200       0x2d ./Drivers/STM32F1xx_HAL_Driver/Src/stm32f1xx_hal_adc.o
 .ARM.attributes
                0x000000000000022d       0x2d ./Drivers/STM32F1xx_HAL_Driver/Src/stm32f1xx_hal_adc_ex.o
 .ARM.attributes
                0x000000000000025a       0x2d ./Drivers/STM32F1xx_HAL_Driver/Src/stm32f1xx_hal_cortex.o
 .ARM.attributes
                0x0000000000000287       0x2d ./Drivers/STM32F1xx_HAL_Driver/Src/stm32f1xx_hal_gpio.o
 .ARM.attributes
                0x00000000000002b4       0x2d ./Drivers/STM32F1xx_HAL_Driver/Src/stm32f1xx_hal_pcd.o
 .ARM.attributes
                0x00000000000002e1       0x2d ./Drivers/STM32F1xx_HAL_Driver/Src/stm32f1xx_hal_pcd_ex.o
 .ARM.attributes
                0x000000000000030e       0x2d ./Drivers/STM32F1xx_HAL_Driver/Src/stm32f1xx_hal_rcc.o
 .ARM.attributes
                0x000000000000033b       0x2d ./Drivers/STM32F1xx_HAL_Driver/Src/stm32f1xx_hal_rcc_ex.o
 .ARM.attributes
                0x0000000000000368       0x2d ./Drivers/STM32F1xx_HAL_Driver/Src/stm32f1xx_hal_tim.o
 .ARM.attributes
                0x0000000000000395       0x2d ./Drivers/STM32F1xx_HAL_Driver/Src/stm32f1xx_hal_tim_ex.o
 .ARM.attributes
                0x00000000000003c2       0x2d ./Drivers/STM32F1xx_HAL_Driver/Src/stm32f1xx_ll_usb.o
 .ARM.attributes
                0x00000000000003ef       0x2d ./Middlewares/ST/STM32_USB_Device_Library/Class/CDC/Src/usbd_cdc.o
 .ARM.attributes
                0x000000000000041c       0x2d ./Middlewares/ST/STM32_USB_Device_Library/Core/Src/usbd_core.o
 .ARM.attributes
                0x0000000000000449       0x2d ./Middlewares/ST/STM32_USB_Device_Library/Core/Src/usbd_ctlreq.o
 .ARM.attributes
                0x0000000000000476       0x2d ./Middlewares/ST/STM32_USB_Device_Library/Core/Src/usbd_ioreq.o
 .ARM.attributes
                0x00000000000004a3       0x2d ./USB_DEVICE/App/usb_device.o
 .ARM.attributes
                0x00000000000004d0       0x2d ./USB_DEVICE/App/usbd_cdc_if.o
 .ARM.attributes
                0x00000000000004fd       0x2d ./USB_DEVICE/App/usbd_desc.o
 .ARM.attributes
                0x000000000000052a       0x2d ./USB_DEVICE/Target/usbd_conf.o
 .ARM.attributes
                0x0000000000000557       0x2d /opt/st/stm32cubeide_1.12.0/plugins/com.st.stm32cube.ide.mcu.externaltools.gnu-tools-for-stm32.10.3-2021.10.linux64_1.0.200.202301161003/tools/bin/../lib/gcc/arm-none-eabi/10.3.1/../../../../arm-none-eabi/lib/thumb/v7-m/nofp/libc_nano.a(lib_a-init.o)
 .ARM.attributes
                0x0000000000000584       0x2d /opt/st/stm32cubeide_1.12.0/plugins/com.st.stm32cube.ide.mcu.externaltools.gnu-tools-for-stm32.10.3-2021.10.linux64_1.0.200.202301161003/tools/bin/../lib/gcc/arm-none-eabi/10.3.1/../../../../arm-none-eabi/lib/thumb/v7-m/nofp/libc_nano.a(lib_a-memset.o)
 .ARM.attributes
                0x00000000000005b1       0x1d /opt/st/stm32cubeide_1.12.0/plugins/com.st.stm32cube.ide.mcu.externaltools.gnu-tools-for-stm32.10.3-2021.10.linux64_1.0.200.202301161003/tools/bin/../lib/gcc/arm-none-eabi/10.3.1/thumb/v7-m/nofp/crtn.o
OUTPUT(scope.elf elf32-littlearm)
LOAD linker stubs
LOAD /opt/st/stm32cubeide_1.12.0/plugins/com.st.stm32cube.ide.mcu.externaltools.gnu-tools-for-stm32.10.3-2021.10.linux64_1.0.200.202301161003/tools/bin/../lib/gcc/arm-none-eabi/10.3.1/../../../../arm-none-eabi/lib/thumb/v7-m/nofp/libc.a
LOAD /opt/st/stm32cubeide_1.12.0/plugins/com.st.stm32cube.ide.mcu.externaltools.gnu-tools-for-stm32.10.3-2021.10.linux64_1.0.200.202301161003/tools/bin/../lib/gcc/arm-none-eabi/10.3.1/../../../../arm-none-eabi/lib/thumb/v7-m/nofp/libm.a
LOAD /opt/st/stm32cubeide_1.12.0/plugins/com.st.stm32cube.ide.mcu.externaltools.gnu-tools-for-stm32.10.3-2021.10.linux64_1.0.200.202301161003/tools/bin/../lib/gcc/arm-none-eabi/10.3.1/thumb/v7-m/nofp/libgcc.a

.debug_info     0x0000000000000000    0x15c3f
 .debug_info    0x0000000000000000      0x610 ./Core/Src/cmdparser.o
 .debug_info    0x0000000000000610      0x217 ./Core/Src/local.o
 .debug_info    0x0000000000000827     0x19ba ./Core/Src/main.o
 .debug_info    0x00000000000021e1      0xb40 ./Core/Src/pcomm.o
 .debug_info    0x0000000000002d21      0xdf7 ./Core/Src/stm32f1xx_hal_msp.o
 .debug_info    0x0000000000003b18      0xe44 ./Core/Src/stm32f1xx_it.o
 .debug_info    0x000000000000495c      0x23d ./Core/Src/system_stm32f1xx.o
 .debug_info    0x0000000000004b99      0x4ed ./Core/Src/util.o
 .debug_info    0x0000000000005086       0x22 ./Core/Startup/startup_stm32f103cbtx.o
 .debug_info    0x00000000000050a8      0x734 ./Drivers/STM32F1xx_HAL_Driver/Src/stm32f1xx_hal.o
 .debug_info    0x00000000000057dc      0xcd9 ./Drivers/STM32F1xx_HAL_Driver/Src/stm32f1xx_hal_adc.o
 .debug_info    0x00000000000064b5      0xa8f ./Drivers/STM32F1xx_HAL_Driver/Src/stm32f1xx_hal_adc_ex.o
 .debug_info    0x0000000000006f44      0xb20 ./Drivers/STM32F1xx_HAL_Driver/Src/stm32f1xx_hal_cortex.o
 .debug_info    0x0000000000007a64      0x615 ./Drivers/STM32F1xx_HAL_Driver/Src/stm32f1xx_hal_gpio.o
 .debug_info    0x0000000000008079     0x16ab ./Drivers/STM32F1xx_HAL_Driver/Src/stm32f1xx_hal_pcd.o
 .debug_info    0x0000000000009724      0x728 ./Drivers/STM32F1xx_HAL_Driver/Src/stm32f1xx_hal_pcd_ex.o
 .debug_info    0x0000000000009e4c      0x860 ./Drivers/STM32F1xx_HAL_Driver/Src/stm32f1xx_hal_rcc.o
 .debug_info    0x000000000000a6ac      0x3e0 ./Drivers/STM32F1xx_HAL_Driver/Src/stm32f1xx_hal_rcc_ex.o
 .debug_info    0x000000000000aa8c     0x29de ./Drivers/STM32F1xx_HAL_Driver/Src/stm32f1xx_hal_tim.o
 .debug_info    0x000000000000d46a     0x1513 ./Drivers/STM32F1xx_HAL_Driver/Src/stm32f1xx_hal_tim_ex.o
 .debug_info    0x000000000000e97d     0x190d ./Drivers/STM32F1xx_HAL_Driver/Src/stm32f1xx_ll_usb.o
 .debug_info    0x000000000001028a     0x10f1 ./Middlewares/ST/STM32_USB_Device_Library/Class/CDC/Src/usbd_cdc.o
 .debug_info    0x000000000001137b      0xb02 ./Middlewares/ST/STM32_USB_Device_Library/Core/Src/usbd_core.o
 .debug_info    0x0000000000011e7d      0x9b6 ./Middlewares/ST/STM32_USB_Device_Library/Core/Src/usbd_ctlreq.o
 .debug_info    0x0000000000012833      0x715 ./Middlewares/ST/STM32_USB_Device_Library/Core/Src/usbd_ioreq.o
 .debug_info    0x0000000000012f48      0x679 ./USB_DEVICE/App/usb_device.o
 .debug_info    0x00000000000135c1      0x8c5 ./USB_DEVICE/App/usbd_cdc_if.o
 .debug_info    0x0000000000013e86      0x484 ./USB_DEVICE/App/usbd_desc.o
 .debug_info    0x000000000001430a     0x1935 ./USB_DEVICE/Target/usbd_conf.o

.debug_abbrev   0x0000000000000000     0x3a85
 .debug_abbrev  0x0000000000000000      0x183 ./Core/Src/cmdparser.o
 .debug_abbrev  0x0000000000000183       0xa3 ./Core/Src/local.o
 .debug_abbrev  0x0000000000000226      0x34b ./Core/Src/main.o
 .debug_abbrev  0x0000000000000571      0x222 ./Core/Src/pcomm.o
 .debug_abbrev  0x0000000000000793      0x1f2 ./Core/Src/stm32f1xx_hal_msp.o
 .debug_abbrev  0x0000000000000985      0x1b5 ./Core/Src/stm32f1xx_it.o
 .debug_abbrev  0x0000000000000b3a      0x13b ./Core/Src/system_stm32f1xx.o
 .debug_abbrev  0x0000000000000c75      0x227 ./Core/Src/util.o
 .debug_abbrev  0x0000000000000e9c       0x12 ./Core/Startup/startup_stm32f103cbtx.o
 .debug_abbrev  0x0000000000000eae      0x1fb ./Drivers/STM32F1xx_HAL_Driver/Src/stm32f1xx_hal.o
 .debug_abbrev  0x00000000000010a9      0x210 ./Drivers/STM32F1xx_HAL_Driver/Src/stm32f1xx_hal_adc.o
 .debug_abbrev  0x00000000000012b9      0x234 ./Drivers/STM32F1xx_HAL_Driver/Src/stm32f1xx_hal_adc_ex.o
 .debug_abbrev  0x00000000000014ed      0x2ed ./Drivers/STM32F1xx_HAL_Driver/Src/stm32f1xx_hal_cortex.o
 .debug_abbrev  0x00000000000017da      0x1bb ./Drivers/STM32F1xx_HAL_Driver/Src/stm32f1xx_hal_gpio.o
 .debug_abbrev  0x0000000000001995      0x2b9 ./Drivers/STM32F1xx_HAL_Driver/Src/stm32f1xx_hal_pcd.o
 .debug_abbrev  0x0000000000001c4e      0x17f ./Drivers/STM32F1xx_HAL_Driver/Src/stm32f1xx_hal_pcd_ex.o
 .debug_abbrev  0x0000000000001dcd      0x2a8 ./Drivers/STM32F1xx_HAL_Driver/Src/stm32f1xx_hal_rcc.o
 .debug_abbrev  0x0000000000002075      0x182 ./Drivers/STM32F1xx_HAL_Driver/Src/stm32f1xx_hal_rcc_ex.o
 .debug_abbrev  0x00000000000021f7      0x25d ./Drivers/STM32F1xx_HAL_Driver/Src/stm32f1xx_hal_tim.o
 .debug_abbrev  0x0000000000002454      0x265 ./Drivers/STM32F1xx_HAL_Driver/Src/stm32f1xx_hal_tim_ex.o
 .debug_abbrev  0x00000000000026b9      0x1cd ./Drivers/STM32F1xx_HAL_Driver/Src/stm32f1xx_ll_usb.o
 .debug_abbrev  0x0000000000002886      0x2c0 ./Middlewares/ST/STM32_USB_Device_Library/Class/CDC/Src/usbd_cdc.o
 .debug_abbrev  0x0000000000002b46      0x236 ./Middlewares/ST/STM32_USB_Device_Library/Core/Src/usbd_core.o
 .debug_abbrev  0x0000000000002d7c      0x257 ./Middlewares/ST/STM32_USB_Device_Library/Core/Src/usbd_ctlreq.o
 .debug_abbrev  0x0000000000002fd3      0x183 ./Middlewares/ST/STM32_USB_Device_Library/Core/Src/usbd_ioreq.o
 .debug_abbrev  0x0000000000003156      0x183 ./USB_DEVICE/App/usb_device.o
 .debug_abbrev  0x00000000000032d9      0x2ad ./USB_DEVICE/App/usbd_cdc_if.o
 .debug_abbrev  0x0000000000003586      0x1fa ./USB_DEVICE/App/usbd_desc.o
 .debug_abbrev  0x0000000000003780      0x305 ./USB_DEVICE/Target/usbd_conf.o

.debug_aranges  0x0000000000000000     0x1388
 .debug_aranges
                0x0000000000000000       0x28 ./Core/Src/cmdparser.o
 .debug_aranges
                0x0000000000000028       0x20 ./Core/Src/local.o
 .debug_aranges
                0x0000000000000048       0xa8 ./Core/Src/main.o
 .debug_aranges
                0x00000000000000f0      0x108 ./Core/Src/pcomm.o
 .debug_aranges
                0x00000000000001f8       0x48 ./Core/Src/stm32f1xx_hal_msp.o
 .debug_aranges
                0x0000000000000240       0x78 ./Core/Src/stm32f1xx_it.o
 .debug_aranges
                0x00000000000002b8       0x28 ./Core/Src/system_stm32f1xx.o
 .debug_aranges
                0x00000000000002e0       0x70 ./Core/Src/util.o
 .debug_aranges
                0x0000000000000350       0x28 ./Core/Startup/startup_stm32f103cbtx.o
 .debug_aranges
                0x0000000000000378       0xe0 ./Drivers/STM32F1xx_HAL_Driver/Src/stm32f1xx_hal.o
 .debug_aranges
                0x0000000000000458       0xf0 ./Drivers/STM32F1xx_HAL_Driver/Src/stm32f1xx_hal_adc.o
 .debug_aranges
                0x0000000000000548       0x80 ./Drivers/STM32F1xx_HAL_Driver/Src/stm32f1xx_hal_adc_ex.o
 .debug_aranges
                0x00000000000005c8      0x100 ./Drivers/STM32F1xx_HAL_Driver/Src/stm32f1xx_hal_cortex.o
 .debug_aranges
                0x00000000000006c8       0x58 ./Drivers/STM32F1xx_HAL_Driver/Src/stm32f1xx_hal_gpio.o
 .debug_aranges
                0x0000000000000720      0x138 ./Drivers/STM32F1xx_HAL_Driver/Src/stm32f1xx_hal_pcd.o
 .debug_aranges
                0x0000000000000858       0x38 ./Drivers/STM32F1xx_HAL_Driver/Src/stm32f1xx_hal_pcd_ex.o
 .debug_aranges
                0x0000000000000890       0x90 ./Drivers/STM32F1xx_HAL_Driver/Src/stm32f1xx_hal_rcc.o
 .debug_aranges
                0x0000000000000920       0x30 ./Drivers/STM32F1xx_HAL_Driver/Src/stm32f1xx_hal_rcc_ex.o
 .debug_aranges
                0x0000000000000950      0x3d0 ./Drivers/STM32F1xx_HAL_Driver/Src/stm32f1xx_hal_tim.o
 .debug_aranges
                0x0000000000000d20      0x168 ./Drivers/STM32F1xx_HAL_Driver/Src/stm32f1xx_hal_tim_ex.o
 .debug_aranges
                0x0000000000000e88       0xf0 ./Drivers/STM32F1xx_HAL_Driver/Src/stm32f1xx_ll_usb.o
 .debug_aranges
                0x0000000000000f78       0x90 ./Middlewares/ST/STM32_USB_Device_Library/Class/CDC/Src/usbd_cdc.o
 .debug_aranges
                0x0000000000001008       0xb8 ./Middlewares/ST/STM32_USB_Device_Library/Core/Src/usbd_core.o
 .debug_aranges
                0x00000000000010c0       0x88 ./Middlewares/ST/STM32_USB_Device_Library/Core/Src/usbd_ctlreq.o
 .debug_aranges
                0x0000000000001148       0x50 ./Middlewares/ST/STM32_USB_Device_Library/Core/Src/usbd_ioreq.o
 .debug_aranges
                0x0000000000001198       0x20 ./USB_DEVICE/App/usb_device.o
 .debug_aranges
                0x00000000000011b8       0x58 ./USB_DEVICE/App/usbd_cdc_if.o
 .debug_aranges
                0x0000000000001210       0x60 ./USB_DEVICE/App/usbd_desc.o
 .debug_aranges
                0x0000000000001270      0x118 ./USB_DEVICE/Target/usbd_conf.o

.debug_ranges   0x0000000000000000     0x11c0
 .debug_ranges  0x0000000000000000       0x18 ./Core/Src/cmdparser.o
 .debug_ranges  0x0000000000000018       0x10 ./Core/Src/local.o
 .debug_ranges  0x0000000000000028       0x98 ./Core/Src/main.o
 .debug_ranges  0x00000000000000c0       0xf8 ./Core/Src/pcomm.o
 .debug_ranges  0x00000000000001b8       0x38 ./Core/Src/stm32f1xx_hal_msp.o
 .debug_ranges  0x00000000000001f0       0x68 ./Core/Src/stm32f1xx_it.o
 .debug_ranges  0x0000000000000258       0x18 ./Core/Src/system_stm32f1xx.o
 .debug_ranges  0x0000000000000270       0x60 ./Core/Src/util.o
 .debug_ranges  0x00000000000002d0       0x20 ./Core/Startup/startup_stm32f103cbtx.o
 .debug_ranges  0x00000000000002f0       0xd0 ./Drivers/STM32F1xx_HAL_Driver/Src/stm32f1xx_hal.o
 .debug_ranges  0x00000000000003c0       0xe0 ./Drivers/STM32F1xx_HAL_Driver/Src/stm32f1xx_hal_adc.o
 .debug_ranges  0x00000000000004a0       0x70 ./Drivers/STM32F1xx_HAL_Driver/Src/stm32f1xx_hal_adc_ex.o
 .debug_ranges  0x0000000000000510       0xf0 ./Drivers/STM32F1xx_HAL_Driver/Src/stm32f1xx_hal_cortex.o
 .debug_ranges  0x0000000000000600       0x48 ./Drivers/STM32F1xx_HAL_Driver/Src/stm32f1xx_hal_gpio.o
 .debug_ranges  0x0000000000000648      0x128 ./Drivers/STM32F1xx_HAL_Driver/Src/stm32f1xx_hal_pcd.o
 .debug_ranges  0x0000000000000770       0x28 ./Drivers/STM32F1xx_HAL_Driver/Src/stm32f1xx_hal_pcd_ex.o
 .debug_ranges  0x0000000000000798       0x80 ./Drivers/STM32F1xx_HAL_Driver/Src/stm32f1xx_hal_rcc.o
 .debug_ranges  0x0000000000000818       0x20 ./Drivers/STM32F1xx_HAL_Driver/Src/stm32f1xx_hal_rcc_ex.o
 .debug_ranges  0x0000000000000838      0x3c0 ./Drivers/STM32F1xx_HAL_Driver/Src/stm32f1xx_hal_tim.o
 .debug_ranges  0x0000000000000bf8      0x158 ./Drivers/STM32F1xx_HAL_Driver/Src/stm32f1xx_hal_tim_ex.o
 .debug_ranges  0x0000000000000d50       0xe0 ./Drivers/STM32F1xx_HAL_Driver/Src/stm32f1xx_ll_usb.o
 .debug_ranges  0x0000000000000e30       0x80 ./Middlewares/ST/STM32_USB_Device_Library/Class/CDC/Src/usbd_cdc.o
 .debug_ranges  0x0000000000000eb0       0xa8 ./Middlewares/ST/STM32_USB_Device_Library/Core/Src/usbd_core.o
 .debug_ranges  0x0000000000000f58       0x78 ./Middlewares/ST/STM32_USB_Device_Library/Core/Src/usbd_ctlreq.o
 .debug_ranges  0x0000000000000fd0       0x40 ./Middlewares/ST/STM32_USB_Device_Library/Core/Src/usbd_ioreq.o
 .debug_ranges  0x0000000000001010       0x10 ./USB_DEVICE/App/usb_device.o
 .debug_ranges  0x0000000000001020       0x48 ./USB_DEVICE/App/usbd_cdc_if.o
 .debug_ranges  0x0000000000001068       0x50 ./USB_DEVICE/App/usbd_desc.o
 .debug_ranges  0x00000000000010b8      0x108 ./USB_DEVICE/Target/usbd_conf.o

.debug_macro    0x0000000000000000    0x1a7c4
 .debug_macro   0x0000000000000000      0x20c ./Core/Src/cmdparser.o
 .debug_macro   0x000000000000020c      0x221 ./Core/Src/cmdparser.o
 .debug_macro   0x000000000000042d       0x2e ./Core/Src/cmdparser.o
 .debug_macro   0x000000000000045b       0x22 ./Core/Src/cmdparser.o
 .debug_macro   0x000000000000047d       0x1c ./Core/Src/cmdparser.o
 .debug_macro   0x0000000000000499       0x22 ./Core/Src/cmdparser.o
 .debug_macro   0x00000000000004bb       0xbd ./Core/Src/cmdparser.o
 .debug_macro   0x0000000000000578      0xd23 ./Core/Src/cmdparser.o
 .debug_macro   0x000000000000129b     0xe09e ./Core/Src/cmdparser.o
 .debug_macro   0x000000000000f339       0x6d ./Core/Src/cmdparser.o
 .debug_macro   0x000000000000f3a6     0x3468 ./Core/Src/cmdparser.o
 .debug_macro   0x000000000001280e      0x174 ./Core/Src/cmdparser.o
 .debug_macro   0x0000000000012982       0x5c ./Core/Src/cmdparser.o
 .debug_macro   0x00000000000129de      0x5be ./Core/Src/cmdparser.o
 .debug_macro   0x0000000000012f9c      0x289 ./Core/Src/cmdparser.o
 .debug_macro   0x0000000000013225      0x1cb ./Core/Src/cmdparser.o
 .debug_macro   0x00000000000133f0      0x114 ./Core/Src/cmdparser.o
 .debug_macro   0x0000000000013504      0x1b2 ./Core/Src/cmdparser.o
 .debug_macro   0x00000000000136b6       0x27 ./Core/Src/cmdparser.o
 .debug_macro   0x00000000000136dd      0x136 ./Core/Src/cmdparser.o
 .debug_macro   0x0000000000013813      0x1bc ./Core/Src/cmdparser.o
 .debug_macro   0x00000000000139cf       0x34 ./Core/Src/cmdparser.o
 .debug_macro   0x0000000000013a03       0x3c ./Core/Src/cmdparser.o
 .debug_macro   0x0000000000013a3f       0x57 ./Core/Src/cmdparser.o
 .debug_macro   0x0000000000013a96      0x46a ./Core/Src/cmdparser.o
 .debug_macro   0x0000000000013f00      0x1b5 ./Core/Src/cmdparser.o
 .debug_macro   0x00000000000140b5       0x88 ./Core/Src/cmdparser.o
 .debug_macro   0x000000000001413d      0x241 ./Core/Src/cmdparser.o
 .debug_macro   0x000000000001437e      0x141 ./Core/Src/cmdparser.o
 .debug_macro   0x00000000000144bf      0x8d1 ./Core/Src/cmdparser.o
 .debug_macro   0x0000000000014d90       0x65 ./Core/Src/cmdparser.o
 .debug_macro   0x0000000000014df5      0x249 ./Core/Src/cmdparser.o
 .debug_macro   0x000000000001503e       0x83 ./Core/Src/cmdparser.o
 .debug_macro   0x00000000000150c1       0x1d ./Core/Src/cmdparser.o
 .debug_macro   0x00000000000150de       0x1c ./Core/Src/cmdparser.o
 .debug_macro   0x00000000000150fa       0x70 ./Core/Src/cmdparser.o
 .debug_macro   0x000000000001516a       0x6d ./Core/Src/local.o
 .debug_macro   0x00000000000151d7      0x478 ./Core/Src/main.o
 .debug_macro   0x000000000001564f       0x64 ./Core/Src/main.o
 .debug_macro   0x00000000000156b3       0x52 ./Core/Src/main.o
 .debug_macro   0x0000000000015705       0x18 ./Core/Src/main.o
 .debug_macro   0x000000000001571d       0x3c ./Core/Src/main.o
 .debug_macro   0x0000000000015759       0x34 ./Core/Src/main.o
 .debug_macro   0x000000000001578d       0x16 ./Core/Src/main.o
 .debug_macro   0x00000000000157a3       0x35 ./Core/Src/main.o
 .debug_macro   0x00000000000157d8      0x341 ./Core/Src/main.o
 .debug_macro   0x0000000000015b19       0x10 ./Core/Src/main.o
 .debug_macro   0x0000000000015b29       0x16 ./Core/Src/main.o
 .debug_macro   0x0000000000015b3f       0x43 ./Core/Src/main.o
 .debug_macro   0x0000000000015b82       0x34 ./Core/Src/main.o
 .debug_macro   0x0000000000015bb6       0x10 ./Core/Src/main.o
 .debug_macro   0x0000000000015bc6       0x58 ./Core/Src/main.o
 .debug_macro   0x0000000000015c1e       0x71 ./Core/Src/main.o
 .debug_macro   0x0000000000015c8f       0x1c ./Core/Src/main.o
 .debug_macro   0x0000000000015cab      0x12a ./Core/Src/main.o
 .debug_macro   0x0000000000015dd5       0x10 ./Core/Src/main.o
 .debug_macro   0x0000000000015de5       0x1c ./Core/Src/main.o
 .debug_macro   0x0000000000015e01       0x52 ./Core/Src/main.o
 .debug_macro   0x0000000000015e53       0x22 ./Core/Src/main.o
 .debug_macro   0x0000000000015e75       0x10 ./Core/Src/main.o
 .debug_macro   0x0000000000015e85       0x52 ./Core/Src/main.o
 .debug_macro   0x0000000000015ed7       0xd5 ./Core/Src/main.o
 .debug_macro   0x0000000000015fac       0x1c ./Core/Src/main.o
 .debug_macro   0x0000000000015fc8       0x3d ./Core/Src/main.o
 .debug_macro   0x0000000000016005       0x16 ./Core/Src/main.o
 .debug_macro   0x000000000001601b      0x145 ./Core/Src/main.o
 .debug_macro   0x0000000000016160       0x16 ./Core/Src/main.o
 .debug_macro   0x0000000000016176       0x16 ./Core/Src/main.o
 .debug_macro   0x000000000001618c       0x29 ./Core/Src/main.o
 .debug_macro   0x00000000000161b5       0x16 ./Core/Src/main.o
 .debug_macro   0x00000000000161cb       0x20 ./Core/Src/main.o
 .debug_macro   0x00000000000161eb       0x5f ./Core/Src/main.o
 .debug_macro   0x000000000001624a      0x1c8 ./Core/Src/main.o
 .debug_macro   0x0000000000016412       0x8f ./Core/Src/main.o
 .debug_macro   0x00000000000164a1       0x10 ./Core/Src/main.o
 .debug_macro   0x00000000000164b1       0x23 ./Core/Src/main.o
 .debug_macro   0x00000000000164d4       0x72 ./Core/Src/pcomm.o
 .debug_macro   0x0000000000016546       0x16 ./Core/Src/pcomm.o
 .debug_macro   0x000000000001655c      0x1e0 ./Core/Src/stm32f1xx_hal_msp.o
 .debug_macro   0x000000000001673c      0x1ea ./Core/Src/stm32f1xx_it.o
 .debug_macro   0x0000000000016926      0x1d1 ./Core/Src/system_stm32f1xx.o
 .debug_macro   0x0000000000016af7      0x1e6 ./Core/Src/util.o
 .debug_macro   0x0000000000016cdd      0x1f5 ./Drivers/STM32F1xx_HAL_Driver/Src/stm32f1xx_hal.o
 .debug_macro   0x0000000000016ed2      0x1ee ./Drivers/STM32F1xx_HAL_Driver/Src/stm32f1xx_hal_adc.o
 .debug_macro   0x00000000000170c0      0x1e3 ./Drivers/STM32F1xx_HAL_Driver/Src/stm32f1xx_hal_adc_ex.o
 .debug_macro   0x00000000000172a3      0x1d1 ./Drivers/STM32F1xx_HAL_Driver/Src/stm32f1xx_hal_cortex.o
 .debug_macro   0x0000000000017474      0x23c ./Drivers/STM32F1xx_HAL_Driver/Src/stm32f1xx_hal_gpio.o
 .debug_macro   0x00000000000176b0      0x1dd ./Drivers/STM32F1xx_HAL_Driver/Src/stm32f1xx_hal_pcd.o
 .debug_macro   0x000000000001788d      0x1d1 ./Drivers/STM32F1xx_HAL_Driver/Src/stm32f1xx_hal_pcd_ex.o
 .debug_macro   0x0000000000017a5e      0x1e3 ./Drivers/STM32F1xx_HAL_Driver/Src/stm32f1xx_hal_rcc.o
 .debug_macro   0x0000000000017c41      0x1d1 ./Drivers/STM32F1xx_HAL_Driver/Src/stm32f1xx_hal_rcc_ex.o
 .debug_macro   0x0000000000017e12      0x1d2 ./Drivers/STM32F1xx_HAL_Driver/Src/stm32f1xx_hal_tim.o
 .debug_macro   0x0000000000017fe4      0x1d1 ./Drivers/STM32F1xx_HAL_Driver/Src/stm32f1xx_hal_tim_ex.o
 .debug_macro   0x00000000000181b5      0x1d1 ./Drivers/STM32F1xx_HAL_Driver/Src/stm32f1xx_ll_usb.o
 .debug_macro   0x0000000000018386      0x3f6 ./Middlewares/ST/STM32_USB_Device_Library/Class/CDC/Src/usbd_cdc.o
 .debug_macro   0x000000000001877c       0x97 ./Middlewares/ST/STM32_USB_Device_Library/Class/CDC/Src/usbd_cdc.o
 .debug_macro   0x0000000000018813       0xfd ./Middlewares/ST/STM32_USB_Device_Library/Class/CDC/Src/usbd_cdc.o
 .debug_macro   0x0000000000018910       0x56 ./Middlewares/ST/STM32_USB_Device_Library/Class/CDC/Src/usbd_cdc.o
 .debug_macro   0x0000000000018966      0x3dd ./Middlewares/ST/STM32_USB_Device_Library/Core/Src/usbd_core.o
 .debug_macro   0x0000000000018d43      0x1ce ./Middlewares/ST/STM32_USB_Device_Library/Core/Src/usbd_core.o
 .debug_macro   0x0000000000018f11      0x3e7 ./Middlewares/ST/STM32_USB_Device_Library/Core/Src/usbd_ctlreq.o
 .debug_macro   0x00000000000192f8      0x3e3 ./Middlewares/ST/STM32_USB_Device_Library/Core/Src/usbd_ioreq.o
 .debug_macro   0x00000000000196db      0x416 ./USB_DEVICE/App/usb_device.o
 .debug_macro   0x0000000000019af1       0x6a ./USB_DEVICE/App/usb_device.o
 .debug_macro   0x0000000000019b5b       0x22 ./USB_DEVICE/App/usb_device.o
 .debug_macro   0x0000000000019b7d       0x16 ./USB_DEVICE/App/usb_device.o
 .debug_macro   0x0000000000019b93      0x401 ./USB_DEVICE/App/usbd_cdc_if.o
 .debug_macro   0x0000000000019f94      0x41a ./USB_DEVICE/App/usbd_desc.o
 .debug_macro   0x000000000001a3ae       0x1c ./USB_DEVICE/App/usbd_desc.o
 .debug_macro   0x000000000001a3ca      0x3fa ./USB_DEVICE/Target/usbd_conf.o

.debug_line     0x0000000000000000    0x17299
 .debug_line    0x0000000000000000      0x768 ./Core/Src/cmdparser.o
 .debug_line    0x0000000000000768      0x3a4 ./Core/Src/local.o
 .debug_line    0x0000000000000b0c      0xdb1 ./Core/Src/main.o
 .debug_line    0x00000000000018bd      0xce7 ./Core/Src/pcomm.o
 .debug_line    0x00000000000025a4      0x7b4 ./Core/Src/stm32f1xx_hal_msp.o
 .debug_line    0x0000000000002d58      0x7c1 ./Core/Src/stm32f1xx_it.o
 .debug_line    0x0000000000003519      0x734 ./Core/Src/system_stm32f1xx.o
 .debug_line    0x0000000000003c4d      0xaba ./Core/Src/util.o
 .debug_line    0x0000000000004707       0x87 ./Core/Startup/startup_stm32f103cbtx.o
 .debug_line    0x000000000000478e      0x961 ./Drivers/STM32F1xx_HAL_Driver/Src/stm32f1xx_hal.o
 .debug_line    0x00000000000050ef      0xfd8 ./Drivers/STM32F1xx_HAL_Driver/Src/stm32f1xx_hal_adc.o
 .debug_line    0x00000000000060c7      0xd26 ./Drivers/STM32F1xx_HAL_Driver/Src/stm32f1xx_hal_adc_ex.o
 .debug_line    0x0000000000006ded      0xb49 ./Drivers/STM32F1xx_HAL_Driver/Src/stm32f1xx_hal_cortex.o
 .debug_line    0x0000000000007936      0x9f8 ./Drivers/STM32F1xx_HAL_Driver/Src/stm32f1xx_hal_gpio.o
 .debug_line    0x000000000000832e     0x134f ./Drivers/STM32F1xx_HAL_Driver/Src/stm32f1xx_hal_pcd.o
 .debug_line    0x000000000000967d      0x72f ./Drivers/STM32F1xx_HAL_Driver/Src/stm32f1xx_hal_pcd_ex.o
 .debug_line    0x0000000000009dac      0xd6f ./Drivers/STM32F1xx_HAL_Driver/Src/stm32f1xx_hal_rcc.o
 .debug_line    0x000000000000ab1b      0x8ad ./Drivers/STM32F1xx_HAL_Driver/Src/stm32f1xx_hal_rcc_ex.o
 .debug_line    0x000000000000b3c8     0x3317 ./Drivers/STM32F1xx_HAL_Driver/Src/stm32f1xx_hal_tim.o
 .debug_line    0x000000000000e6df     0x1889 ./Drivers/STM32F1xx_HAL_Driver/Src/stm32f1xx_hal_tim_ex.o
 .debug_line    0x000000000000ff68     0x1094 ./Drivers/STM32F1xx_HAL_Driver/Src/stm32f1xx_ll_usb.o
 .debug_line    0x0000000000010ffc      0xd39 ./Middlewares/ST/STM32_USB_Device_Library/Class/CDC/Src/usbd_cdc.o
 .debug_line    0x0000000000011d35      0xdb9 ./Middlewares/ST/STM32_USB_Device_Library/Core/Src/usbd_core.o
 .debug_line    0x0000000000012aee      0xfdb ./Middlewares/ST/STM32_USB_Device_Library/Core/Src/usbd_ctlreq.o
 .debug_line    0x0000000000013ac9      0xa4f ./Middlewares/ST/STM32_USB_Device_Library/Core/Src/usbd_ioreq.o
 .debug_line    0x0000000000014518      0xa0f ./USB_DEVICE/App/usb_device.o
 .debug_line    0x0000000000014f27      0xaa6 ./USB_DEVICE/App/usbd_cdc_if.o
 .debug_line    0x00000000000159cd      0xad8 ./USB_DEVICE/App/usbd_desc.o
 .debug_line    0x00000000000164a5      0xdf4 ./USB_DEVICE/Target/usbd_conf.o

.debug_str      0x0000000000000000    0x92a67
 .debug_str     0x0000000000000000    0x88bc8 ./Core/Src/cmdparser.o
                                      0x88f80 (size before relaxing)
 .debug_str     0x0000000000088bc8       0x4d ./Core/Src/local.o
                                       0x3d3d (size before relaxing)
 .debug_str     0x0000000000088c15     0x5a31 ./Core/Src/main.o
                                      0x8eace (size before relaxing)
 .debug_str     0x000000000008e646      0x222 ./Core/Src/pcomm.o
                                       0x3fff (size before relaxing)
 .debug_str     0x000000000008e868      0x371 ./Core/Src/stm32f1xx_hal_msp.o
                                      0x89532 (size before relaxing)
 .debug_str     0x000000000008ebd9      0x403 ./Core/Src/stm32f1xx_it.o