../Core/Src/esp8266_transport.c:106:6:espt_init	16	static
../Core/Src/esp8266_transport.c:137:6:espt_set_wifi_mode	16	static
../Core/Src/esp8266_transport.c:141:6:espt_set_operation_mode	16	static
../Core/Src/esp8266_transport.c:145:6:espt_set_SSID	16	static
../Core/Src/esp8266_transport.c:149:6:espt_set_WPA_PSK	16	static
../Core/Src/esp8266_transport.c:153:6:espt_set_dst_ipaddr	16	static
../Core/Src/esp8266_transport.c:160:6:espt_set_transport	16	static
../Core/Src/esp8266_transport.c:164:6:espt_set_dst_port	16	static
../Core/Src/esp8266_transport.c:168:6:espt_set_src_port	16	static
../Core/Src/esp8266_transport.c:172:6:espt_connect	16	static
../Core/Src/esp8266_transport.c:176:6:espt_disconnect	16	static
../Core/Src/esp8266_transport.c:180:6:espt_reconnect	16	static
../Core/Src/esp8266_transport.c:184:6:espt_wakeup	16	static
../Core/Src/esp8266_transport.c:190:6:espt_sleep	16	static
../Core/Src/esp8266_transport.c:199:6:espt_attach_receive_data	16	static
../Core/Src/esp8266_transport.c:203:6:espt_attach_receive_control	16	static
../Core/Src/esp8266_transport.c:207:6:espt_attach_send_data	16	static
../Core/Src/esp8266_transport.c:211:6:espt_attach_chip_enable	16	static
../Core/Src/esp8266_transport.c:216:13:_espt_dummy_2	16	static
../Core/Src/esp8266_transport.c:217:13:_espt_dummy_1	16	static
../Core/Src/esp8266_transport.c:262:6:espt_work	32	static
../Core/Src/esp8266_transport.c:629:9:espt_send_wifi_mode	24	static
../Core/Src/esp8266_transport.c:658:9:espt_status	16	static
../Core/Src/esp8266_transport.c:662:6:espt_send_data_finished	16	static
../Core/Src/esp8266_transport.c:670:6:espt_from_esp_received	32	static
../Core/Src/esp8266_transport.c:684:9:espt_send_alive	24	static
../Core/Src/esp8266_transport.c:708:9:espt_get_alive_status	16	static
../Core/Src/esp8266_transport.c:713:9:espt_restore	24	static
../Core/Src/esp8266_transport.c:737:9:espt_set_autoconn	24	static
../Core/Src/esp8266_transport.c:768:9:espt_list_available_ap	24	static
../Core/Src/esp8266_transport.c:790:9:espt_ap_connect	24	static
../Core/Src/esp8266_transport.c:827:9:espt_ap_disconnect	24	static
../Core/Src/esp8266_transport.c:855:10:espt_get_apaddr	16	static
../Core/Src/esp8266_transport.c:859:9:espt_get_char_apaddr	16	static
../Core/Src/esp8266_transport.c:863:10:espt_get_srcaddr	16	static
../Core/Src/esp8266_transport.c:867:9:espt_get_char_srcaddr	16	static
../Core/Src/esp8266_transport.c:882:9:espt_socket_open	48	static
../Core/Src/esp8266_transport.c:960:9:espt_socket_send	40	static
../Core/Src/esp8266_transport.c:998:9:espt_socket_send_ack	16	static
../Core/Src/esp8266_transport.c:1006:9:espt_socket_close	24	static
../Core/Src/esp8266_transport.c:1034:6:espt_acquire_ip_data	24	static
../Core/Src/esp8266_transport.c:1063:13:_parse_address	72	static
../Core/Src/esp8266_transport.c:1153:16:_ipd_manage	16	static
../Core/Src/esp8266_transport.c:1202:16:_strcmp	24	static
../Core/Src/esp8266_transport.c:1221:17:_strlen	24	static
../Core/Src/esp8266_transport.c:1240:17:_cut	32	static
../Core/Src/esp8266_transport.c:1269:16:_to_uint16	40	static
../Core/Src/esp8266_transport.c:1290:16:_to_str	32	static
../Core/Src/esp8266_transport.c:1317:17:_strcpy	32	static
../Core/Src/esp8266_transport.c:1333:16:_char_ipv6_to_uint8_array	40	static
../Core/Src/esp8266_transport.c:1352:16:_uint8_array_to_char_ipv4	24	static
../Core/Src/esp8266_transport.c:1372:16:_check_ipv4_is_valid	16	static
