main.c:126:6:HAL_ADC_ConvCpltCallback	3
main.c:144:6:heartbeat_gpio_callback	1
main.c:151:6:cdc_receive	1
main.c:156:6:pwm_set_timer	1
main.c:163:6:adc_set_timer	1
main.c:171:6:tasks_1ms	4
main.c:186:6:tasks_10ms	1
main.c:188:6:tasks_100ms	1
main.c:192:6:tasks_1s	1
main.c:194:6:tasks_10s	1
main.c:204:5:main	5
main.c:300:6:SystemClock_Config	4
main.c:348:13:MX_ADC1_Init	4
main.c:404:13:MX_ADC2_Init	3
main.c:451:13:MX_TIM3_Init	4
main.c:496:13:MX_TIM4_Init	6
main.c:555:13:MX_GPIO_Init	1
main.c:599:6:Error_Handler	1
