../Core/Src/main.c:124:6:HAL_ADC_ConvCpltCallback	16	static
../Core/Src/main.c:140:6:heartbeat_gpio_callback	16	static
../Core/Src/main.c:147:6:sseg_gpio_high_callback	16	static
../Core/Src/main.c:151:6:sseg_gpio_low_callback	16	static
../Core/Src/main.c:160:6:tasks_1ms	8	static
../Core/Src/main.c:164:6:tasks_10ms	4	static
../Core/Src/main.c:166:6:tasks_100ms	8	static
../Core/Src/main.c:170:6:tasks_1s	4	static
../Core/Src/main.c:172:6:tasks_10s	4	static
../Core/Src/main.c:182:5:main	8	static
../Core/Src/main.c:245:6:SystemClock_Config	88	static
../Core/Src/main.c:292:13:MX_ADC1_Init	24	static
../Core/Src/main.c:339:13:MX_GPIO_Init	40	static
../Core/Src/main.c:414:6:Error_Handler	4	static,ignoring_inline_asm
