main.c:126:6:HAL_ADC_ConvCpltCallback	3
main.c:144:6:heartbeat_gpio_callback	1
main.c:151:6:cdc_receive	1
main.c:156:6:pwm_set_timer_by_config	1
main.c:164:6:adc_set_timer_by_config	1
main.c:172:6:tasks_1ms	4
main.c:187:6:tasks_10ms	1
main.c:189:6:tasks_100ms	1
main.c:193:6:tasks_1s	1
main.c:195:6:tasks_10s	1
main.c:205:5:main	5
main.c:301:6:SystemClock_Config	4
main.c:349:13:MX_ADC1_Init	4
main.c:405:13:MX_ADC2_Init	3
main.c:452:13:MX_TIM3_Init	4
main.c:497:13:MX_TIM4_Init	6
main.c:556:13:MX_GPIO_Init	1
main.c:600:6:Error_Handler	1
