../Core/Src/main.c:126:6:HAL_ADC_ConvCpltCallback	24	static
../Core/Src/main.c:144:6:heartbeat_gpio_callback	16	static
../Core/Src/main.c:151:6:cdc_receive	16	static
../Core/Src/main.c:156:6:pwm_set_timer	16	static
../Core/Src/main.c:163:6:adc_set_timer	16	static
../Core/Src/main.c:171:6:tasks_1ms	8	static
../Core/Src/main.c:186:6:tasks_10ms	4	static
../Core/Src/main.c:188:6:tasks_100ms	8	static
../Core/Src/main.c:192:6:tasks_1s	4	static
../Core/Src/main.c:194:6:tasks_10s	4	static
../Core/Src/main.c:204:5:main	24	static
../Core/Src/main.c:300:6:SystemClock_Config	88	static
../Core/Src/main.c:348:13:MX_ADC1_Init	24	static
../Core/Src/main.c:404:13:MX_ADC2_Init	24	static
../Core/Src/main.c:451:13:MX_TIM3_Init	32	static
../Core/Src/main.c:496:13:MX_TIM4_Init	64	static
../Core/Src/main.c:555:13:MX_GPIO_Init	40	static
../Core/Src/main.c:599:6:Error_Handler	4	static,ignoring_inline_asm
