../Core/Src/pcomm.c:65:6:pcomm_init	24	static
../Core/Src/pcomm.c:97:6:pcomm_rx_receive_array	32	static
../Core/Src/pcomm.c:105:6:pcomm_rx_receive_byte	16	static
../Core/Src/pcomm.c:116:9:pcomm_rx_data_ready	16	static
../Core/Src/pcomm.c:129:6:pcomm_rx_data_flush	16	static
../Core/Src/pcomm.c:141:6:pcomm_tx_put_header	24	static
../Core/Src/pcomm.c:160:6:pcomm_tx_put_data	16	static
../Core/Src/pcomm.c:169:6:pcomm_tx_put_data_array	32	static
../Core/Src/pcomm.c:181:6:pcomm_tx_put_chksum	16	static
../Core/Src/pcomm.c:194:6:pcomm_tx_put_data_frame	40	static
../Core/Src/pcomm.c:207:6:pcomm_tx_put_cmd_frame	40	static
../Core/Src/pcomm.c:224:10:pcomm_tx_data_ready	16	static
../Core/Src/pcomm.c:233:6:pcomm_tx_data_flush	16	static
../Core/Src/pcomm.c:260:9:pcomm_rx_read_uint8_t	16	static
../Core/Src/pcomm.c:264:8:pcomm_rx_read_int8_t	16	static
../Core/Src/pcomm.c:269:10:pcomm_rx_read_uint16_t	24	static
../Core/Src/pcomm.c:275:9:pcomm_rx_read_int16_t	24	static
../Core/Src/pcomm.c:281:10:pcomm_rx_read_uint32_t	24	static
../Core/Src/pcomm.c:287:9:pcomm_rx_read_int32_t	24	static
../Core/Src/pcomm.c:293:6:pcomm_rx_read_char	16	static
../Core/Src/pcomm.c:298:7:pcomm_rx_read_float	24	static
../Core/Src/pcomm.c:304:6:pcomm_tx_put_uint8_t	16	static
../Core/Src/pcomm.c:308:6:pcomm_tx_put_int8_t	16	static
../Core/Src/pcomm.c:313:6:pcomm_tx_put_uint16_t	16	static
../Core/Src/pcomm.c:318:6:pcomm_tx_put_int16_t	16	static
../Core/Src/pcomm.c:323:6:pcomm_tx_put_uint32_t	16	static
../Core/Src/pcomm.c:328:6:pcomm_tx_put_int32_t	16	static
../Core/Src/pcomm.c:333:6:pcomm_tx_put_char	16	static
../Core/Src/pcomm.c:338:6:pcomm_tx_put_float	16	static
../Core/Src/pcomm.c:360:16:_checkframe	16	static
