Archive member included to satisfy reference by file (symbol)

/opt/st/stm32cubeide_1.10.1/plugins/com.st.stm32cube.ide.mcu.externaltools.gnu-tools-for-stm32.10.3-2021.10.linux64_1.0.0.202111181127/tools/bin/../lib/gcc/arm-none-eabi/10.3.1/../../../../arm-none-eabi/lib/thumb/v7-m/nofp/libc_nano.a(lib_a-errno.o)
                              ./Core/Src/syscalls.o (__errno)
/opt/st/stm32cubeide_1.10.1/plugins/com.st.stm32cube.ide.mcu.externaltools.gnu-tools-for-stm32.10.3-2021.10.linux64_1.0.0.202111181127/tools/bin/../lib/gcc/arm-none-eabi/10.3.1/../../../../arm-none-eabi/lib/thumb/v7-m/nofp/libc_nano.a(lib_a-exit.o)
                              /opt/st/stm32cubeide_1.10.1/plugins/com.st.stm32cube.ide.mcu.externaltools.gnu-tools-for-stm32.10.3-2021.10.linux64_1.0.0.202111181127/tools/bin/../lib/gcc/arm-none-eabi/10.3.1/../../../../arm-none-eabi/lib/thumb/v7-m/nofp/crt0.o (exit)
/opt/st/stm32cubeide_1.10.1/plugins/com.st.stm32cube.ide.mcu.externaltools.gnu-tools-for-stm32.10.3-2021.10.linux64_1.0.0.202111181127/tools/bin/../lib/gcc/arm-none-eabi/10.3.1/../../../../arm-none-eabi/lib/thumb/v7-m/nofp/libc_nano.a(lib_a-impure.o)
                              /opt/st/stm32cubeide_1.10.1/plugins/com.st.stm32cube.ide.mcu.externaltools.gnu-tools-for-stm32.10.3-2021.10.linux64_1.0.0.202111181127/tools/bin/../lib/gcc/arm-none-eabi/10.3.1/../../../../arm-none-eabi/lib/thumb/v7-m/nofp/libc_nano.a(lib_a-exit.o) (_global_impure_ptr)
/opt/st/stm32cubeide_1.10.1/plugins/com.st.stm32cube.ide.mcu.externaltools.gnu-tools-for-stm32.10.3-2021.10.linux64_1.0.0.202111181127/tools/bin/../lib/gcc/arm-none-eabi/10.3.1/../../../../arm-none-eabi/lib/thumb/v7-m/nofp/libc_nano.a(lib_a-init.o)
                              /opt/st/stm32cubeide_1.10.1/plugins/com.st.stm32cube.ide.mcu.externaltools.gnu-tools-for-stm32.10.3-2021.10.linux64_1.0.0.202111181127/tools/bin/../lib/gcc/arm-none-eabi/10.3.1/../../../../arm-none-eabi/lib/thumb/v7-m/nofp/crt0.o (__libc_init_array)
/opt/st/stm32cubeide_1.10.1/plugins/com.st.stm32cube.ide.mcu.externaltools.gnu-tools-for-stm32.10.3-2021.10.linux64_1.0.0.202111181127/tools/bin/../lib/gcc/arm-none-eabi/10.3.1/../../../../arm-none-eabi/lib/thumb/v7-m/nofp/libc_nano.a(lib_a-memset.o)
                              /opt/st/stm32cubeide_1.10.1/plugins/com.st.stm32cube.ide.mcu.externaltools.gnu-tools-for-stm32.10.3-2021.10.linux64_1.0.0.202111181127/tools/bin/../lib/gcc/arm-none-eabi/10.3.1/../../../../arm-none-eabi/lib/thumb/v7-m/nofp/crt0.o (memset)

Discarded input sections

 .text          0x0000000000000000        0x0 /opt/st/stm32cubeide_1.10.1/plugins/com.st.stm32cube.ide.mcu.externaltools.gnu-tools-for-stm32.10.3-2021.10.linux64_1.0.0.202111181127/tools/bin/../lib/gcc/arm-none-eabi/10.3.1/thumb/v7-m/nofp/crti.o
 .data          0x0000000000000000        0x0 /opt/st/stm32cubeide_1.10.1/plugins/com.st.stm32cube.ide.mcu.externaltools.gnu-tools-for-stm32.10.3-2021.10.linux64_1.0.0.202111181127/tools/bin/../lib/gcc/arm-none-eabi/10.3.1/thumb/v7-m/nofp/crti.o
 .bss           0x0000000000000000        0x0 /opt/st/stm32cubeide_1.10.1/plugins/com.st.stm32cube.ide.mcu.externaltools.gnu-tools-for-stm32.10.3-2021.10.linux64_1.0.0.202111181127/tools/bin/../lib/gcc/arm-none-eabi/10.3.1/thumb/v7-m/nofp/crti.o
 .data          0x0000000000000000        0x4 /opt/st/stm32cubeide_1.10.1/plugins/com.st.stm32cube.ide.mcu.externaltools.gnu-tools-for-stm32.10.3-2021.10.linux64_1.0.0.202111181127/tools/bin/../lib/gcc/arm-none-eabi/10.3.1/thumb/v7-m/nofp/crtbegin.o
 .rodata        0x0000000000000000       0x24 /opt/st/stm32cubeide_1.10.1/plugins/com.st.stm32cube.ide.mcu.externaltools.gnu-tools-for-stm32.10.3-2021.10.linux64_1.0.0.202111181127/tools/bin/../lib/gcc/arm-none-eabi/10.3.1/thumb/v7-m/nofp/crtbegin.o
 .text          0x0000000000000000       0x7c /opt/st/stm32cubeide_1.10.1/plugins/com.st.stm32cube.ide.mcu.externaltools.gnu-tools-for-stm32.10.3-2021.10.linux64_1.0.0.202111181127/tools/bin/../lib/gcc/arm-none-eabi/10.3.1/../../../../arm-none-eabi/lib/thumb/v7-m/nofp/crt0.o
 .data          0x0000000000000000        0x0 /opt/st/stm32cubeide_1.10.1/plugins/com.st.stm32cube.ide.mcu.externaltools.gnu-tools-for-stm32.10.3-2021.10.linux64_1.0.0.202111181127/tools/bin/../lib/gcc/arm-none-eabi/10.3.1/../../../../arm-none-eabi/lib/thumb/v7-m/nofp/crt0.o
 .bss           0x0000000000000000        0x0 /opt/st/stm32cubeide_1.10.1/plugins/com.st.stm32cube.ide.mcu.externaltools.gnu-tools-for-stm32.10.3-2021.10.linux64_1.0.0.202111181127/tools/bin/../lib/gcc/arm-none-eabi/10.3.1/../../../../arm-none-eabi/lib/thumb/v7-m/nofp/crt0.o
 .ARM.extab     0x0000000000000000        0x0 /opt/st/stm32cubeide_1.10.1/plugins/com.st.stm32cube.ide.mcu.externaltools.gnu-tools-for-stm32.10.3-2021.10.linux64_1.0.0.202111181127/tools/bin/../lib/gcc/arm-none-eabi/10.3.1/../../../../arm-none-eabi/lib/thumb/v7-m/nofp/crt0.o
[...]
Memory Configuration

Name             Origin             Length             Attributes
RAM              0x0000000020000000 0x0000000000005000 xrw
FLASH            0x0000000008000000 0x0000000000020000 xr
*default*        0x0000000000000000 0xffffffffffffffff

Linker script and memory map

LOAD /opt/st/stm32cubeide_1.10.1/plugins/com.st.stm32cube.ide.mcu.externaltools.gnu-tools-for-stm32.10.3-2021.10.linux64_1.0.0.202111181127/tools/bin/../lib/gcc/arm-none-eabi/10.3.1/thumb/v7-m/nofp/crti.o
LOAD /opt/st/stm32cubeide_1.10.1/plugins/com.st.stm32cube.ide.mcu.externaltools.gnu-tools-for-stm32.10.3-2021.10.linux64_1.0.0.202111181127/tools/bin/../lib/gcc/arm-none-eabi/10.3.1/thumb/v7-m/nofp/crtbegin.o
LOAD /opt/st/stm32cubeide_1.10.1/plugins/com.st.stm32cube.ide.mcu.externaltools.gnu-tools-for-stm32.10.3-2021.10.linux64_1.0.0.202111181127/tools/bin/../lib/gcc/arm-none-eabi/10.3.1/../../../../arm-none-eabi/lib/thumb/v7-m/nofp/crt0.o
LOAD ./Core/Src/cmdparser.o
LOAD ./Core/Src/esp8266_transport.o
LOAD ./Core/Src/main.o
LOAD ./Core/Src/pcomm.o
LOAD ./Core/Src/stm32f1xx_hal_msp.o
LOAD ./Core/Src/stm32f1xx_it.o
LOAD ./Core/Src/syscalls.o
LOAD ./Core/Src/sysmem.o
LOAD ./Core/Src/system_stm32f1xx.o
LOAD ./Core/Src/util.o
LOAD ./Core/Startup/startup_stm32f103cbtx.o
LOAD ./Drivers/STM32F1xx_HAL_Driver/Src/stm32f1xx_hal.o
LOAD ./Drivers/STM32F1xx_HAL_Driver/Src/stm32f1xx_hal_adc.o
LOAD ./Drivers/STM32F1xx_HAL_Driver/Src/stm32f1xx_hal_adc_ex.o
LOAD ./Drivers/STM32F1xx_HAL_Driver/Src/stm32f1xx_hal_cortex.o
LOAD ./Drivers/STM32F1xx_HAL_Driver/Src/stm32f1xx_hal_dma.o
LOAD ./Drivers/STM32F1xx_HAL_Driver/Src/stm32f1xx_hal_exti.o
LOAD ./Drivers/STM32F1xx_HAL_Driver/Src/stm32f1xx_hal_flash.o
LOAD ./Drivers/STM32F1xx_HAL_Driver/Src/stm32f1xx_hal_flash_ex.o
LOAD ./Drivers/STM32F1xx_HAL_Driver/Src/stm32f1xx_hal_gpio.o
LOAD ./Drivers/STM32F1xx_HAL_Driver/Src/stm32f1xx_hal_gpio_ex.o
LOAD ./Drivers/STM32F1xx_HAL_Driver/Src/stm32f1xx_hal_pcd.o
LOAD ./Drivers/STM32F1xx_HAL_Driver/Src/stm32f1xx_hal_pcd_ex.o
LOAD ./Drivers/STM32F1xx_HAL_Driver/Src/stm32f1xx_hal_pwr.o
LOAD ./Drivers/STM32F1xx_HAL_Driver/Src/stm32f1xx_hal_rcc.o
LOAD ./Drivers/STM32F1xx_HAL_Driver/Src/stm32f1xx_hal_rcc_ex.o
LOAD ./Drivers/STM32F1xx_HAL_Driver/Src/stm32f1xx_hal_tim.o
LOAD ./Drivers/STM32F1xx_HAL_Driver/Src/stm32f1xx_hal_tim_ex.o
LOAD ./Drivers/STM32F1xx_HAL_Driver/Src/stm32f1xx_hal_uart.o
LOAD ./Drivers/STM32F1xx_HAL_Driver/Src/stm32f1xx_ll_usb.o
LOAD ./Middlewares/ST/STM32_USB_Device_Library/Class/CDC/Src/usbd_cdc.o
LOAD ./Middlewares/ST/STM32_USB_Device_Library/Core/Src/usbd_core.o
LOAD ./Middlewares/ST/STM32_USB_Device_Library/Core/Src/usbd_ctlreq.o
LOAD ./Middlewares/ST/STM32_USB_Device_Library/Core/Src/usbd_ioreq.o
LOAD ./USB_DEVICE/App/usb_device.o
LOAD ./USB_DEVICE/App/usbd_cdc_if.o
LOAD ./USB_DEVICE/App/usbd_desc.o
LOAD ./USB_DEVICE/Target/usbd_conf.o
START GROUP
LOAD /opt/st/stm32cubeide_1.10.1/plugins/com.st.stm32cube.ide.mcu.externaltools.gnu-tools-for-stm32.10.3-2021.10.linux64_1.0.0.202111181127/tools/bin/../lib/gcc/arm-none-eabi/10.3.1/../../../../arm-none-eabi/lib/thumb/v7-m/nofp/libc_nano.a
LOAD /opt/st/stm32cubeide_1.10.1/plugins/com.st.stm32cube.ide.mcu.externaltools.gnu-tools-for-stm32.10.3-2021.10.linux64_1.0.0.202111181127/tools/bin/../lib/gcc/arm-none-eabi/10.3.1/../../../../arm-none-eabi/lib/thumb/v7-m/nofp/libm.a
END GROUP
START GROUP
LOAD /opt/st/stm32cubeide_1.10.1/plugins/com.st.stm32cube.ide.mcu.externaltools.gnu-tools-for-stm32.10.3-2021.10.linux64_1.0.0.202111181127/tools/bin/../lib/gcc/arm-none-eabi/10.3.1/thumb/v7-m/nofp/libgcc.a
LOAD /opt/st/stm32cubeide_1.10.1/plugins/com.st.stm32cube.ide.mcu.externaltools.gnu-tools-for-stm32.10.3-2021.10.linux64_1.0.0.202111181127/tools/bin/../lib/gcc/arm-none-eabi/10.3.1/../../../../arm-none-eabi/lib/thumb/v7-m/nofp/libc_nano.a
END GROUP
START GROUP
LOAD /opt/st/stm32cubeide_1.10.1/plugins/com.st.stm32cube.ide.mcu.externaltools.gnu-tools-for-stm32.10.3-2021.10.linux64_1.0.0.202111181127/tools/bin/../lib/gcc/arm-none-eabi/10.3.1/thumb/v7-m/nofp/libgcc.a
LOAD /opt/st/stm32cubeide_1.10.1/plugins/com.st.stm32cube.ide.mcu.externaltools.gnu-tools-for-stm32.10.3-2021.10.linux64_1.0.0.202111181127/tools/bin/../lib/gcc/arm-none-eabi/10.3.1/../../../../arm-none-eabi/lib/thumb/v7-m/nofp/libc_nano.a
LOAD /opt/st/stm32cubeide_1.10.1/plugins/com.st.stm32cube.ide.mcu.externaltools.gnu-tools-for-stm32.10.3-2021.10.linux64_1.0.0.202111181127/tools/bin/../lib/gcc/arm-none-eabi/10.3.1/../../../../arm-none-eabi/lib/thumb/v7-m/nofp/libnosys.a
END GROUP
START GROUP
LOAD /opt/st/stm32cubeide_1.10.1/plugins/com.st.stm32cube.ide.mcu.externaltools.gnu-tools-for-stm32.10.3-2021.10.linux64_1.0.0.202111181127/tools/bin/../lib/gcc/arm-none-eabi/10.3.1/thumb/v7-m/nofp/libgcc.a
LOAD /opt/st/stm32cubeide_1.10.1/plugins/com.st.stm32cube.ide.mcu.externaltools.gnu-tools-for-stm32.10.3-2021.10.linux64_1.0.0.202111181127/tools/bin/../lib/gcc/arm-none-eabi/10.3.1/../../../../arm-none-eabi/lib/thumb/v7-m/nofp/libc_nano.a
LOAD /opt/st/stm32cubeide_1.10.1/plugins/com.st.stm32cube.ide.mcu.externaltools.gnu-tools-for-stm32.10.3-2021.10.linux64_1.0.0.202111181127/tools/bin/../lib/gcc/arm-none-eabi/10.3.1/../../../../arm-none-eabi/lib/thumb/v7-m/nofp/libnosys.a
END GROUP
LOAD /opt/st/stm32cubeide_1.10.1/plugins/com.st.stm32cube.ide.mcu.externaltools.gnu-tools-for-stm32.10.3-2021.10.linux64_1.0.0.202111181127/tools/bin/../lib/gcc/arm-none-eabi/10.3.1/thumb/v7-m/nofp/crtend.o
LOAD /opt/st/stm32cubeide_1.10.1/plugins/com.st.stm32cube.ide.mcu.externaltools.gnu-tools-for-stm32.10.3-2021.10.linux64_1.0.0.202111181127/tools/bin/../lib/gcc/arm-none-eabi/10.3.1/thumb/v7-m/nofp/crtn.o
                0x0000000020005000                _estack = (ORIGIN (RAM) + LENGTH (RAM))
                0x0000000000000200                _Min_Heap_Size = 0x200
                0x0000000000000400                _Min_Stack_Size = 0x400

.isr_vector     0x0000000008000000      0x10c
                0x0000000008000000                . = ALIGN (0x4)
 *(.isr_vector)
 .isr_vector    0x0000000008000000      0x10c ./Core/Startup/startup_stm32f103cbtx.o
                0x0000000008000000                g_pfnVectors
                0x000000000800010c                . = ALIGN (0x4)

.text           0x000000000800010c     0x56a0
                0x000000000800010c                . = ALIGN (0x4)
 *(.text)
 .text          0x000000000800010c       0x40 /opt/st/stm32cubeide_1.10.1/plugins/com.st.stm32cube.ide.mcu.externaltools.gnu-tools-for-stm32.10.3-2021.10.linux64_1.0.0.202111181127/tools/bin/../lib/gcc/arm-none-eabi/10.3.1/thumb/v7-m/nofp/crtbegin.o
 *(.text*)
 .text.cmd_exec
                0x000000000800014c       0x54 ./Core/Src/cmdparser.o
                0x000000000800014c                cmd_exec
 .text._strcmp  0x00000000080001a0       0x26 ./Core/Src/esp8266_transport.o
 .text._strlen  0x00000000080001c6       0x10 ./Core/Src/esp8266_transport.o
 *fill*         0x00000000080001d6        0x2 
 .text._to_uint16
                0x00000000080001d8       0x5c ./Core/Src/esp8266_transport.o
 .text._cut.constprop.0
                0x0000000008000234       0x3c ./Core/Src/esp8266_transport.o
 .text._to_str.isra.0
                0x0000000008000270       0x48 ./Core/Src/esp8266_transport.o
 .text.espt_init
                0x00000000080002b8       0x78 ./Core/Src/esp8266_transport.o
                0x00000000080002b8                espt_init
 .text.espt_work
                0x0000000008000330      0x4fc ./Core/Src/esp8266_transport.o
                0x0000000008000330                espt_work
 .text.espt_update_tout
                0x000000000800082c       0x1e ./Core/Src/esp8266_transport.o
                0x000000000800082c                espt_update_tout
 .text.espt_status
                0x000000000800084a        0x4 ./Core/Src/esp8266_transport.o
                0x000000000800084a                espt_status
 *fill*         0x000000000800084e        0x2 
 .text.espt_alive
                0x0000000008000850       0x4c ./Core/Src/esp8266_transport.o
                0x0000000008000850                espt_alive
 .text.espt_list_available_ap
                0x000000000800089c       0x48 ./Core/Src/esp8266_transport.o
                0x000000000800089c                espt_list_available_ap
 .text.cdc_receive
                0x00000000080008e4       0x10 ./Core/Src/main.o
                0x00000000080008e4                cdc_receive
 .text.HAL_TIM_PeriodElapsedCallback
                0x00000000080008f4       0x3c ./Core/Src/main.o
                0x00000000080008f4                HAL_TIM_PeriodElapsedCallback
 .text.HAL_UART_RxCpltCallback
                0x0000000008000930       0x2c ./Core/Src/main.o
                0x0000000008000930                HAL_UART_RxCpltCallback
 .text.HAL_UART_TxCpltCallback
                0x000000000800095c       0x1c ./Core/Src/main.o
                0x000000000800095c                HAL_UART_TxCpltCallback
 .text.HAL_ADC_ConvCpltCallback
                0x0000000008000978       0x14 ./Core/Src/main.o
                0x0000000008000978                HAL_ADC_ConvCpltCallback
 .text.heartbeat
                0x000000000800098c       0x30 ./Core/Src/main.o
                0x000000000800098c                heartbeat
 .text.tasks_1ms
                0x00000000080009bc       0x7c ./Core/Src/main.o
                0x00000000080009bc                tasks_1ms
 .text.tasks_100ms
                0x0000000008000a38       0x34 ./Core/Src/main.o
                0x0000000008000a38                tasks_100ms
 .text.tasks_1s
                0x0000000008000a6c       0x74 ./Core/Src/main.o
                0x0000000008000a6c                tasks_1s
 .text.SystemClock_Config
                0x0000000008000ae0       0x82 ./Core/Src/main.o
                0x0000000008000ae0                SystemClock_Config
 *fill*         0x0000000008000b62        0x2 
 .text.startup.main
                0x0000000008000b64      0x480 ./Core/Src/main.o
                0x0000000008000b64                main
 .text.Error_Handler
                0x0000000008000fe4        0x4 ./Core/Src/main.o
                0x0000000008000fe4                Error_Handler
 .text.pcomm_init
                0x0000000008000fe8       0x2a ./Core/Src/pcomm.o
                0x0000000008000fe8                pcomm_init
 .text.pcomm_rx_receive_array
                0x0000000008001012       0x26 ./Core/Src/pcomm.o
                0x0000000008001012                pcomm_rx_receive_array
 .text.pcomm_rx_receive_byte
                0x0000000008001038       0x1a ./Core/Src/pcomm.o
                0x0000000008001038                pcomm_rx_receive_byte
 *fill*         0x0000000008001052        0x2 
 .text.pcomm_rx_data_ready
                0x0000000008001054      0x108 ./Core/Src/pcomm.o
                0x0000000008001054                pcomm_rx_data_ready
 .text.pcomm_rx_data_flush
                0x000000000800115c        0x8 ./Core/Src/pcomm.o
                0x000000000800115c                pcomm_rx_data_flush
 .text.pcomm_rx_tout_up
                0x0000000008001164        0xe ./Core/Src/pcomm.o
                0x0000000008001164                pcomm_rx_tout_up
 *fill*         0x0000000008001172        0x2 
 .text.pcomm_tx_put_header
                0x0000000008001174       0x60 ./Core/Src/pcomm.o
                0x0000000008001174                pcomm_tx_put_header
 .text.pcomm_tx_put_data_frame
                0x00000000080011d4       0x62 ./Core/Src/pcomm.o
                0x00000000080011d4                pcomm_tx_put_data_frame
 .text.pcomm_tx_data_ready
                0x0000000008001236        0x4 ./Core/Src/pcomm.o
                0x0000000008001236                pcomm_tx_data_ready
 .text.pcomm_tx_read_byte
                0x000000000800123a       0x24 ./Core/Src/pcomm.o
                0x000000000800123a                pcomm_tx_read_byte
 .text.pcomm_tx_data_flush
                0x000000000800125e       0x10 ./Core/Src/pcomm.o
                0x000000000800125e                pcomm_tx_data_flush
 *fill*         0x000000000800126e        0x2 
 .text.HAL_MspInit
                0x0000000008001270       0x44 ./Core/Src/stm32f1xx_hal_msp.o
                0x0000000008001270                HAL_MspInit
 .text.HAL_ADC_MspInit
                0x00000000080012b4       0x94 ./Core/Src/stm32f1xx_hal_msp.o
                0x00000000080012b4                HAL_ADC_MspInit
 .text.HAL_TIM_Base_MspInit
                0x0000000008001348       0x8c ./Core/Src/stm32f1xx_hal_msp.o
                0x0000000008001348                HAL_TIM_Base_MspInit
 .text.HAL_TIM_MspPostInit
                0x00000000080013d4       0x64 ./Core/Src/stm32f1xx_hal_msp.o
                0x00000000080013d4                HAL_TIM_MspPostInit
 .text.HAL_UART_MspInit
                0x0000000008001438       0x88 ./Core/Src/stm32f1xx_hal_msp.o
                0x0000000008001438                HAL_UART_MspInit
 .text.NMI_Handler
                0x00000000080014c0        0x2 ./Core/Src/stm32f1xx_it.o
                0x00000000080014c0                NMI_Handler
 .text.HardFault_Handler
                0x00000000080014c2        0x2 ./Core/Src/stm32f1xx_it.o
                0x00000000080014c2                HardFault_Handler
 .text.MemManage_Handler
                0x00000000080014c4        0x2 ./Core/Src/stm32f1xx_it.o
                0x00000000080014c4                MemManage_Handler
 .text.BusFault_Handler
                0x00000000080014c6        0x2 ./Core/Src/stm32f1xx_it.o
                0x00000000080014c6                BusFault_Handler
 .text.UsageFault_Handler
                0x00000000080014c8        0x2 ./Core/Src/stm32f1xx_it.o
                0x00000000080014c8                UsageFault_Handler
 .text.SVC_Handler
                0x00000000080014ca        0x2 ./Core/Src/stm32f1xx_it.o
                0x00000000080014ca                SVC_Handler
 .text.DebugMon_Handler
                0x00000000080014cc        0x2 ./Core/Src/stm32f1xx_it.o
                0x00000000080014cc                DebugMon_Handler
 .text.PendSV_Handler
                0x00000000080014ce        0x2 ./Core/Src/stm32f1xx_it.o
                0x00000000080014ce                PendSV_Handler
 .text.SysTick_Handler
                0x00000000080014d0        0x4 ./Core/Src/stm32f1xx_it.o
                0x00000000080014d0                SysTick_Handler
 .text.DMA1_Channel1_IRQHandler
                0x00000000080014d4        0xc ./Core/Src/stm32f1xx_it.o
                0x00000000080014d4                DMA1_Channel1_IRQHandler
 .text.USB_LP_CAN1_RX0_IRQHandler
                0x00000000080014e0        0xc ./Core/Src/stm32f1xx_it.o
                0x00000000080014e0                USB_LP_CAN1_RX0_IRQHandler
 .text.TIM1_UP_IRQHandler
                0x00000000080014ec        0xc ./Core/Src/stm32f1xx_it.o
                0x00000000080014ec                TIM1_UP_IRQHandler
 .text.TIM2_IRQHandler
                0x00000000080014f8        0xc ./Core/Src/stm32f1xx_it.o
                0x00000000080014f8                TIM2_IRQHandler
 .text.USART1_IRQHandler
                0x0000000008001504        0xc ./Core/Src/stm32f1xx_it.o
                0x0000000008001504                USART1_IRQHandler
 .text.SystemInit
                0x0000000008001510        0x2 ./Core/Src/system_stm32f1xx.o
                0x0000000008001510                SystemInit
 .text.usrcnt_init
                0x0000000008001512        0xa ./Core/Src/util.o
                0x0000000008001512                usrcnt_init
 .text.heartbeat_init
                0x000000000800151c        0xc ./Core/Src/util.o
                0x000000000800151c                heartbeat_init
 .text.adc_init
                0x0000000008001528        0xa ./Core/Src/util.o
                0x0000000008001528                adc_init
 *fill*         0x0000000008001532        0x2 
 .text.Reset_Handler
                0x0000000008001534       0x48 ./Core/Startup/startup_stm32f103cbtx.o
                0x0000000008001534                Reset_Handler
 .text.Default_Handler
                0x000000000800157c        0x2 ./Core/Startup/startup_stm32f103cbtx.o
                0x000000000800157c                RTC_Alarm_IRQHandler
                0x000000000800157c                EXTI2_IRQHandler
                0x000000000800157c                TIM1_CC_IRQHandler
                0x000000000800157c                PVD_IRQHandler
                0x000000000800157c                EXTI3_IRQHandler
                0x000000000800157c                EXTI0_IRQHandler
                0x000000000800157c                I2C2_EV_IRQHandler
                0x000000000800157c                ADC1_2_IRQHandler
                0x000000000800157c                SPI1_IRQHandler
                0x000000000800157c                TAMPER_IRQHandler
                0x000000000800157c                DMA1_Channel4_IRQHandler
                0x000000000800157c                USART3_IRQHandler
                0x000000000800157c                RTC_IRQHandler
                0x000000000800157c                DMA1_Channel7_IRQHandler
                0x000000000800157c                CAN1_RX1_IRQHandler
                0x000000000800157c                TIM4_IRQHandler
                0x000000000800157c                I2C1_EV_IRQHandler
                0x000000000800157c                DMA1_Channel6_IRQHandler
                0x000000000800157c                TIM3_IRQHandler
                0x000000000800157c                RCC_IRQHandler
                0x000000000800157c                TIM1_TRG_COM_IRQHandler
                0x000000000800157c                Default_Handler
                0x000000000800157c                EXTI15_10_IRQHandler
                0x000000000800157c                EXTI9_5_IRQHandler
                0x000000000800157c                SPI2_IRQHandler
                0x000000000800157c                DMA1_Channel5_IRQHandler
                0x000000000800157c                EXTI4_IRQHandler
                0x000000000800157c                USB_HP_CAN1_TX_IRQHandler
                0x000000000800157c                DMA1_Channel3_IRQHandler
                0x000000000800157c                WWDG_IRQHandler
                0x000000000800157c                TIM1_BRK_IRQHandler
                0x000000000800157c                EXTI1_IRQHandler
                0x000000000800157c                USART2_IRQHandler
                0x000000000800157c                I2C2_ER_IRQHandler
                0x000000000800157c                DMA1_Channel2_IRQHandler
                0x000000000800157c                CAN1_SCE_IRQHandler
                0x000000000800157c                FLASH_IRQHandler
                0x000000000800157c                I2C1_ER_IRQHandler
                0x000000000800157c                USBWakeUp_IRQHandler
 *fill*         0x000000000800157e        0x2 
 .text.HAL_InitTick
                0x0000000008001580       0x48 ./Drivers/STM32F1xx_HAL_Driver/Src/stm32f1xx_hal.o
                0x0000000008001580                HAL_InitTick
 .text.HAL_Init
                0x00000000080015c8       0x24 ./Drivers/STM32F1xx_HAL_Driver/Src/stm32f1xx_hal.o
                0x00000000080015c8                HAL_Init
 .text.HAL_IncTick
                0x00000000080015ec       0x18 ./Drivers/STM32F1xx_HAL_Driver/Src/stm32f1xx_hal.o
                0x00000000080015ec                HAL_IncTick
 .text.HAL_GetTick
                0x0000000008001604        0xc ./Drivers/STM32F1xx_HAL_Driver/Src/stm32f1xx_hal.o
                0x0000000008001604                HAL_GetTick
 .text.ADC_DMAConvCplt
                0x0000000008001610       0x4e ./Drivers/STM32F1xx_HAL_Driver/Src/stm32f1xx_hal_adc.o
                0x0000000008001610                ADC_DMAConvCplt
 .text.HAL_ADC_ConvHalfCpltCallback
                0x000000000800165e        0x2 ./Drivers/STM32F1xx_HAL_Driver/Src/stm32f1xx_hal_adc.o
                0x000000000800165e                HAL_ADC_ConvHalfCpltCallback
 .text.ADC_DMAHalfConvCplt
                0x0000000008001660        0xa ./Drivers/STM32F1xx_HAL_Driver/Src/stm32f1xx_hal_adc.o
                0x0000000008001660                ADC_DMAHalfConvCplt
 .text.HAL_ADC_ErrorCallback
                0x000000000800166a        0x2 ./Drivers/STM32F1xx_HAL_Driver/Src/stm32f1xx_hal_adc.o
                0x000000000800166a                HAL_ADC_ErrorCallback
 .text.ADC_DMAError
                0x000000000800166c       0x1a ./Drivers/STM32F1xx_HAL_Driver/Src/stm32f1xx_hal_adc.o
                0x000000000800166c                ADC_DMAError
 *fill*         0x0000000008001686        0x2 
 .text.HAL_ADC_ConfigChannel
                0x0000000008001688       0xfc ./Drivers/STM32F1xx_HAL_Driver/Src/stm32f1xx_hal_adc.o
                0x0000000008001688                HAL_ADC_ConfigChannel
 .text.ADC_Enable
                0x0000000008001784       0x78 ./Drivers/STM32F1xx_HAL_Driver/Src/stm32f1xx_hal_adc.o
                0x0000000008001784                ADC_Enable
 .text.HAL_ADC_Start_DMA
                0x00000000080017fc      0x11c ./Drivers/STM32F1xx_HAL_Driver/Src/stm32f1xx_hal_adc.o
                0x00000000080017fc                HAL_ADC_Start_DMA
 .text.ADC_ConversionStop_Disable
                0x0000000008001918       0x4c ./Drivers/STM32F1xx_HAL_Driver/Src/stm32f1xx_hal_adc.o
                0x0000000008001918                ADC_ConversionStop_Disable
 .text.HAL_ADC_Init
                0x0000000008001964       0xfc ./Drivers/STM32F1xx_HAL_Driver/Src/stm32f1xx_hal_adc.o
                0x0000000008001964                HAL_ADC_Init
 .text.HAL_NVIC_SetPriorityGrouping
                0x0000000008001a60       0x24 ./Drivers/STM32F1xx_HAL_Driver/Src/stm32f1xx_hal_cortex.o
                0x0000000008001a60                HAL_NVIC_SetPriorityGrouping
 .text.HAL_NVIC_SetPriority
                0x0000000008001a84       0x64 ./Drivers/STM32F1xx_HAL_Driver/Src/stm32f1xx_hal_cortex.o
                0x0000000008001a84                HAL_NVIC_SetPriority
 .text.HAL_NVIC_EnableIRQ
                0x0000000008001ae8       0x1c ./Drivers/STM32F1xx_HAL_Driver/Src/stm32f1xx_hal_cortex.o
                0x0000000008001ae8                HAL_NVIC_EnableIRQ
 .text.HAL_SYSTICK_Config
                0x0000000008001b04       0x28 ./Drivers/STM32F1xx_HAL_Driver/Src/stm32f1xx_hal_cortex.o
                0x0000000008001b04                HAL_SYSTICK_Config
 .text.HAL_DMA_Init
                0x0000000008001b2c       0x5c ./Drivers/STM32F1xx_HAL_Driver/Src/stm32f1xx_hal_dma.o
                0x0000000008001b2c                HAL_DMA_Init
 .text.HAL_DMA_Start_IT
                0x0000000008001b88       0x78 ./Drivers/STM32F1xx_HAL_Driver/Src/stm32f1xx_hal_dma.o
                0x0000000008001b88                HAL_DMA_Start_IT
 .text.HAL_DMA_Abort
                0x0000000008001c00       0x3c ./Drivers/STM32F1xx_HAL_Driver/Src/stm32f1xx_hal_dma.o
                0x0000000008001c00                HAL_DMA_Abort
 .text.HAL_DMA_Abort_IT
                0x0000000008001c3c       0x8c ./Drivers/STM32F1xx_HAL_Driver/Src/stm32f1xx_hal_dma.o
                0x0000000008001c3c                HAL_DMA_Abort_IT
 .text.HAL_DMA_IRQHandler
                0x0000000008001cc8      0x124 ./Drivers/STM32F1xx_HAL_Driver/Src/stm32f1xx_hal_dma.o
                0x0000000008001cc8                HAL_DMA_IRQHandler
 .text.HAL_GPIO_Init
                0x0000000008001dec      0x1b4 ./Drivers/STM32F1xx_HAL_Driver/Src/stm32f1xx_hal_gpio.o
                0x0000000008001dec                HAL_GPIO_Init
 .text.HAL_GPIO_WritePin
                0x0000000008001fa0        0xa ./Drivers/STM32F1xx_HAL_Driver/Src/stm32f1xx_hal_gpio.o
                0x0000000008001fa0                HAL_GPIO_WritePin
 .text.HAL_PCD_Init
                0x0000000008001faa       0xf2 ./Drivers/STM32F1xx_HAL_Driver/Src/stm32f1xx_hal_pcd.o
                0x0000000008001faa                HAL_PCD_Init
 .text.HAL_PCD_Start
                0x000000000800209c       0x32 ./Drivers/STM32F1xx_HAL_Driver/Src/stm32f1xx_hal_pcd.o
                0x000000000800209c                HAL_PCD_Start
 .text.HAL_PCD_SetAddress
                0x00000000080020ce       0x28 ./Drivers/STM32F1xx_HAL_Driver/Src/stm32f1xx_hal_pcd.o
                0x00000000080020ce                HAL_PCD_SetAddress
 *fill*         0x00000000080020f6        0x2 
 .text.HAL_PCD_IRQHandler
                0x00000000080020f8      0x968 ./Drivers/STM32F1xx_HAL_Driver/Src/stm32f1xx_hal_pcd.o
                0x00000000080020f8                HAL_PCD_IRQHandler
 .text.HAL_PCD_EP_Open
                0x0000000008002a60       0x62 ./Drivers/STM32F1xx_HAL_Driver/Src/stm32f1xx_hal_pcd.o
                0x0000000008002a60                HAL_PCD_EP_Open
 .text.HAL_PCD_EP_Close
                0x0000000008002ac2       0x50 ./Drivers/STM32F1xx_HAL_Driver/Src/stm32f1xx_hal_pcd.o
                0x0000000008002ac2                HAL_PCD_EP_Close
 .text.HAL_PCD_EP_Receive
                0x0000000008002b12       0x2e ./Drivers/STM32F1xx_HAL_Driver/Src/stm32f1xx_hal_pcd.o
                0x0000000008002b12                HAL_PCD_EP_Receive
 .text.HAL_PCD_EP_GetRxCount
                0x0000000008002b40       0x10 ./Drivers/STM32F1xx_HAL_Driver/Src/stm32f1xx_hal_pcd.o
                0x0000000008002b40                HAL_PCD_EP_GetRxCount
 .text.HAL_PCD_EP_Transmit
                0x0000000008002b50       0x34 ./Drivers/STM32F1xx_HAL_Driver/Src/stm32f1xx_hal_pcd.o
                0x0000000008002b50                HAL_PCD_EP_Transmit
 .text.HAL_PCD_EP_SetStall
                0x0000000008002b84       0x68 ./Drivers/STM32F1xx_HAL_Driver/Src/stm32f1xx_hal_pcd.o
                0x0000000008002b84                HAL_PCD_EP_SetStall
 .text.HAL_PCD_EP_ClrStall
                0x0000000008002bec       0x62 ./Drivers/STM32F1xx_HAL_Driver/Src/stm32f1xx_hal_pcd.o
                0x0000000008002bec                HAL_PCD_EP_ClrStall
 .text.HAL_PCDEx_PMAConfig
                0x0000000008002c4e       0x32 ./Drivers/STM32F1xx_HAL_Driver/Src/stm32f1xx_hal_pcd_ex.o
                0x0000000008002c4e                HAL_PCDEx_PMAConfig
 .text.HAL_RCC_OscConfig
                0x0000000008002c80      0x338 ./Drivers/STM32F1xx_HAL_Driver/Src/stm32f1xx_hal_rcc.o
                0x0000000008002c80                HAL_RCC_OscConfig
 .text.HAL_RCC_GetSysClockFreq
                0x0000000008002fb8       0x74 ./Drivers/STM32F1xx_HAL_Driver/Src/stm32f1xx_hal_rcc.o
                0x0000000008002fb8                HAL_RCC_GetSysClockFreq
 .text.HAL_RCC_ClockConfig
                0x000000000800302c      0x138 ./Drivers/STM32F1xx_HAL_Driver/Src/stm32f1xx_hal_rcc.o
                0x000000000800302c                HAL_RCC_ClockConfig
 .text.HAL_RCC_GetPCLK1Freq
                0x0000000008003164       0x20 ./Drivers/STM32F1xx_HAL_Driver/Src/stm32f1xx_hal_rcc.o
                0x0000000008003164                HAL_RCC_GetPCLK1Freq
 .text.HAL_RCC_GetPCLK2Freq
                0x0000000008003184       0x20 ./Drivers/STM32F1xx_HAL_Driver/Src/stm32f1xx_hal_rcc.o
                0x0000000008003184                HAL_RCC_GetPCLK2Freq
 .text.HAL_RCCEx_PeriphCLKConfig
                0x00000000080031a4       0xf4 ./Drivers/STM32F1xx_HAL_Driver/Src/stm32f1xx_hal_rcc_ex.o
                0x00000000080031a4                HAL_RCCEx_PeriphCLKConfig
 .text.TIM_OC1_SetConfig
                0x0000000008003298       0x50 ./Drivers/STM32F1xx_HAL_Driver/Src/stm32f1xx_hal_tim.o
 .text.TIM_OC3_SetConfig
                0x00000000080032e8       0x54 ./Drivers/STM32F1xx_HAL_Driver/Src/stm32f1xx_hal_tim.o
 .text.TIM_OC4_SetConfig
                0x000000000800333c       0x44 ./Drivers/STM32F1xx_HAL_Driver/Src/stm32f1xx_hal_tim.o
 .text.HAL_TIM_Base_Start
                0x0000000008003380       0x4c ./Drivers/STM32F1xx_HAL_Driver/Src/stm32f1xx_hal_tim.o
                0x0000000008003380                HAL_TIM_Base_Start
 .text.HAL_TIM_Base_Start_IT
                0x00000000080033cc       0x54 ./Drivers/STM32F1xx_HAL_Driver/Src/stm32f1xx_hal_tim.o
                0x00000000080033cc                HAL_TIM_Base_Start_IT
 .text.HAL_TIM_OC_MspInit
                0x0000000008003420        0x2 ./Drivers/STM32F1xx_HAL_Driver/Src/stm32f1xx_hal_tim.o
                0x0000000008003420                HAL_TIM_OC_MspInit
 .text.HAL_TIM_PWM_MspInit
                0x0000000008003422        0x2 ./Drivers/STM32F1xx_HAL_Driver/Src/stm32f1xx_hal_tim.o
                0x0000000008003422                HAL_TIM_PWM_MspInit
 .text.HAL_TIM_OC_DelayElapsedCallback
                0x0000000008003424        0x2 ./Drivers/STM32F1xx_HAL_Driver/Src/stm32f1xx_hal_tim.o
                0x0000000008003424                HAL_TIM_OC_DelayElapsedCallback
 .text.HAL_TIM_IC_CaptureCallback
                0x0000000008003426        0x2 ./Drivers/STM32F1xx_HAL_Driver/Src/stm32f1xx_hal_tim.o
                0x0000000008003426                HAL_TIM_IC_CaptureCallback
 .text.HAL_TIM_PWM_PulseFinishedCallback
                0x0000000008003428        0x2 ./Drivers/STM32F1xx_HAL_Driver/Src/stm32f1xx_hal_tim.o
                0x0000000008003428                HAL_TIM_PWM_PulseFinishedCallback
 .text.HAL_TIM_TriggerCallback
                0x000000000800342a        0x2 ./Drivers/STM32F1xx_HAL_Driver/Src/stm32f1xx_hal_tim.o
                0x000000000800342a                HAL_TIM_TriggerCallback
 .text.HAL_TIM_IRQHandler
                0x000000000800342c      0x144 ./Drivers/STM32F1xx_HAL_Driver/Src/stm32f1xx_hal_tim.o
                0x000000000800342c                HAL_TIM_IRQHandler
 .text.TIM_Base_SetConfig
                0x0000000008003570       0x70 ./Drivers/STM32F1xx_HAL_Driver/Src/stm32f1xx_hal_tim.o
                0x0000000008003570                TIM_Base_SetConfig
 .text.HAL_TIM_Base_Init
                0x00000000080035e0       0x58 ./Drivers/STM32F1xx_HAL_Driver/Src/stm32f1xx_hal_tim.o
                0x00000000080035e0                HAL_TIM_Base_Init
 .text.HAL_TIM_OC_Init
                0x0000000008003638       0x58 ./Drivers/STM32F1xx_HAL_Driver/Src/stm32f1xx_hal_tim.o
                0x0000000008003638                HAL_TIM_OC_Init
 .text.HAL_TIM_PWM_Init
                0x0000000008003690       0x58 ./Drivers/STM32F1xx_HAL_Driver/Src/stm32f1xx_hal_tim.o
                0x0000000008003690                HAL_TIM_PWM_Init
 .text.TIM_OC2_SetConfig
                0x00000000080036e8       0x58 ./Drivers/STM32F1xx_HAL_Driver/Src/stm32f1xx_hal_tim.o
                0x00000000080036e8                TIM_OC2_SetConfig
 .text.HAL_TIM_OC_ConfigChannel
                0x0000000008003740       0x4e ./Drivers/STM32F1xx_HAL_Driver/Src/stm32f1xx_hal_tim.o
                0x0000000008003740                HAL_TIM_OC_ConfigChannel
 .text.HAL_TIM_PWM_ConfigChannel
                0x000000000800378e       0xb6 ./Drivers/STM32F1xx_HAL_Driver/Src/stm32f1xx_hal_tim.o
                0x000000000800378e                HAL_TIM_PWM_ConfigChannel
 .text.TIM_ETR_SetConfig
                0x0000000008003844       0x14 ./Drivers/STM32F1xx_HAL_Driver/Src/stm32f1xx_hal_tim.o
                0x0000000008003844                TIM_ETR_SetConfig
 .text.HAL_TIM_ConfigClockSource
                0x0000000008003858      0x128 ./Drivers/STM32F1xx_HAL_Driver/Src/stm32f1xx_hal_tim.o
                0x0000000008003858                HAL_TIM_ConfigClockSource
 .text.HAL_TIMEx_MasterConfigSynchronization
                0x0000000008003980       0x5c ./Drivers/STM32F1xx_HAL_Driver/Src/stm32f1xx_hal_tim_ex.o
                0x0000000008003980                HAL_TIMEx_MasterConfigSynchronization
 .text.HAL_TIMEx_CommutCallback
                0x00000000080039dc        0x2 ./Drivers/STM32F1xx_HAL_Driver/Src/stm32f1xx_hal_tim_ex.o
                0x00000000080039dc                HAL_TIMEx_CommutCallback
 .text.HAL_TIMEx_BreakCallback
                0x00000000080039de        0x2 ./Drivers/STM32F1xx_HAL_Driver/Src/stm32f1xx_hal_tim_ex.o
                0x00000000080039de                HAL_TIMEx_BreakCallback
 .text.UART_EndRxTransfer
                0x00000000080039e0       0x2c ./Drivers/STM32F1xx_HAL_Driver/Src/stm32f1xx_hal_uart.o
 .text.UART_SetConfig
                0x0000000008003a0c       0x74 ./Drivers/STM32F1xx_HAL_Driver/Src/stm32f1xx_hal_uart.o
 .text.HAL_UART_Init
                0x0000000008003a80       0x5c ./Drivers/STM32F1xx_HAL_Driver/Src/stm32f1xx_hal_uart.o
                0x0000000008003a80                HAL_UART_Init
 .text.HAL_UART_Transmit_IT
                0x0000000008003adc       0x3e ./Drivers/STM32F1xx_HAL_Driver/Src/stm32f1xx_hal_uart.o
                0x0000000008003adc                HAL_UART_Transmit_IT
 .text.HAL_UART_ErrorCallback
                0x0000000008003b1a        0x2 ./Drivers/STM32F1xx_HAL_Driver/Src/stm32f1xx_hal_uart.o
                0x0000000008003b1a                HAL_UART_ErrorCallback
 .text.UART_DMAAbortOnError
                0x0000000008003b1c       0x10 ./Drivers/STM32F1xx_HAL_Driver/Src/stm32f1xx_hal_uart.o
 .text.HAL_UARTEx_RxEventCallback
                0x0000000008003b2c        0x2 ./Drivers/STM32F1xx_HAL_Driver/Src/stm32f1xx_hal_uart.o
                0x0000000008003b2c                HAL_UARTEx_RxEventCallback
 .text.UART_Receive_IT.part.0.isra.0
                0x0000000008003b2e       0x98 ./Drivers/STM32F1xx_HAL_Driver/Src/stm32f1xx_hal_uart.o
 *fill*         0x0000000008003bc6        0x2 
 .text.HAL_UART_IRQHandler
                0x0000000008003bc8      0x210 ./Drivers/STM32F1xx_HAL_Driver/Src/stm32f1xx_hal_uart.o
                0x0000000008003bc8                HAL_UART_IRQHandler
 .text.UART_Start_Receive_IT
                0x0000000008003dd8       0x32 ./Drivers/STM32F1xx_HAL_Driver/Src/stm32f1xx_hal_uart.o
                0x0000000008003dd8                UART_Start_Receive_IT
 .text.HAL_UART_Receive_IT
                0x0000000008003e0a       0x30 ./Drivers/STM32F1xx_HAL_Driver/Src/stm32f1xx_hal_uart.o
                0x0000000008003e0a                HAL_UART_Receive_IT
 .text.USB_CoreInit
                0x0000000008003e3a        0xe ./Drivers/STM32F1xx_HAL_Driver/Src/stm32f1xx_ll_usb.o
                0x0000000008003e3a                USB_CoreInit
 .text.USB_EnableGlobalInt
                0x0000000008003e48       0x12 ./Drivers/STM32F1xx_HAL_Driver/Src/stm32f1xx_ll_usb.o
                0x0000000008003e48                USB_EnableGlobalInt
 .text.USB_DisableGlobalInt
                0x0000000008003e5a       0x14 ./Drivers/STM32F1xx_HAL_Driver/Src/stm32f1xx_ll_usb.o
                0x0000000008003e5a                USB_DisableGlobalInt
 .text.USB_SetCurrentMode
                0x0000000008003e6e        0x4 ./Drivers/STM32F1xx_HAL_Driver/Src/stm32f1xx_ll_usb.o
                0x0000000008003e6e                USB_SetCurrentMode
 .text.USB_DevInit
                0x0000000008003e72       0x28 ./Drivers/STM32F1xx_HAL_Driver/Src/stm32f1xx_ll_usb.o
                0x0000000008003e72                USB_DevInit
 *fill*         0x0000000008003e9a        0x2 
 .text.USB_ActivateEndpoint
                0x0000000008003e9c      0x278 ./Drivers/STM32F1xx_HAL_Driver/Src/stm32f1xx_ll_usb.o
                0x0000000008003e9c                USB_ActivateEndpoint
 .text.USB_DeactivateEndpoint
                0x0000000008004114      0x1a2 ./Drivers/STM32F1xx_HAL_Driver/Src/stm32f1xx_ll_usb.o
                0x0000000008004114                USB_DeactivateEndpoint
 .text.USB_EPSetStall
                0x00000000080042b6       0x40 ./Drivers/STM32F1xx_HAL_Driver/Src/stm32f1xx_ll_usb.o
                0x00000000080042b6                USB_EPSetStall
 .text.USB_EPClearStall
                0x00000000080042f6       0x92 ./Drivers/STM32F1xx_HAL_Driver/Src/stm32f1xx_ll_usb.o
                0x00000000080042f6                USB_EPClearStall
 .text.USB_SetDevAddress
                0x0000000008004388        0xc ./Drivers/STM32F1xx_HAL_Driver/Src/stm32f1xx_ll_usb.o
                0x0000000008004388                USB_SetDevAddress
 .text.USB_DevConnect
                0x0000000008004394        0x4 ./Drivers/STM32F1xx_HAL_Driver/Src/stm32f1xx_ll_usb.o
                0x0000000008004394                USB_DevConnect
 .text.USB_DevDisconnect
                0x0000000008004398        0x4 ./Drivers/STM32F1xx_HAL_Driver/Src/stm32f1xx_ll_usb.o
                0x0000000008004398                USB_DevDisconnect
 .text.USB_ReadInterrupts
                0x000000000800439c        0x8 ./Drivers/STM32F1xx_HAL_Driver/Src/stm32f1xx_ll_usb.o
                0x000000000800439c                USB_ReadInterrupts
 .text.USB_EP0_OutStart
                0x00000000080043a4        0x4 ./Drivers/STM32F1xx_HAL_Driver/Src/stm32f1xx_ll_usb.o
                0x00000000080043a4                USB_EP0_OutStart
 .text.USB_WritePMA
                0x00000000080043a8       0x20 ./Drivers/STM32F1xx_HAL_Driver/Src/stm32f1xx_ll_usb.o
                0x00000000080043a8                USB_WritePMA
 .text.USB_EPStartXfer
                0x00000000080043c8      0x51c ./Drivers/STM32F1xx_HAL_Driver/Src/stm32f1xx_ll_usb.o
                0x00000000080043c8                USB_EPStartXfer
 .text.USB_ReadPMA
                0x00000000080048e4       0x38 ./Drivers/STM32F1xx_HAL_Driver/Src/stm32f1xx_ll_usb.o
                0x00000000080048e4                USB_ReadPMA
 .text.USBD_CDC_EP0_RxReady
                0x000000000800491c       0x28 ./Middlewares/ST/STM32_USB_Device_Library/Class/CDC/Src/usbd_cdc.o
 .text.USBD_CDC_GetFSCfgDesc
                0x0000000008004944        0xc ./Middlewares/ST/STM32_USB_Device_Library/Class/CDC/Src/usbd_cdc.o
 .text.USBD_CDC_GetHSCfgDesc
                0x0000000008004950        0xc ./Middlewares/ST/STM32_USB_Device_Library/Class/CDC/Src/usbd_cdc.o
 .text.USBD_CDC_GetOtherSpeedCfgDesc
                0x000000000800495c        0xc ./Middlewares/ST/STM32_USB_Device_Library/Class/CDC/Src/usbd_cdc.o
 .text.USBD_CDC_GetDeviceQualifierDescriptor
                0x0000000008004968        0xc ./Middlewares/ST/STM32_USB_Device_Library/Class/CDC/Src/usbd_cdc.o
                0x0000000008004968                USBD_CDC_GetDeviceQualifierDescriptor
 .text.USBD_CDC_DataOut
                0x0000000008004974       0x2e ./Middlewares/ST/STM32_USB_Device_Library/Class/CDC/Src/usbd_cdc.o
 .text.USBD_CDC_DataIn
                0x00000000080049a2       0x42 ./Middlewares/ST/STM32_USB_Device_Library/Class/CDC/Src/usbd_cdc.o
 .text.USBD_CDC_Setup
                0x00000000080049e4       0xb6 ./Middlewares/ST/STM32_USB_Device_Library/Class/CDC/Src/usbd_cdc.o
 .text.USBD_CDC_DeInit
                0x0000000008004a9a       0x42 ./Middlewares/ST/STM32_USB_Device_Library/Class/CDC/Src/usbd_cdc.o
 .text.USBD_CDC_Init
                0x0000000008004adc       0xa2 ./Middlewares/ST/STM32_USB_Device_Library/Class/CDC/Src/usbd_cdc.o
 .text.USBD_CDC_RegisterInterface
                0x0000000008004b7e        0xe ./Middlewares/ST/STM32_USB_Device_Library/Class/CDC/Src/usbd_cdc.o
                0x0000000008004b7e                USBD_CDC_RegisterInterface
 .text.USBD_CDC_SetTxBuffer
                0x0000000008004b8c       0x10 ./Middlewares/ST/STM32_USB_Device_Library/Class/CDC/Src/usbd_cdc.o
                0x0000000008004b8c                USBD_CDC_SetTxBuffer
 .text.USBD_CDC_SetRxBuffer
                0x0000000008004b9c        0xc ./Middlewares/ST/STM32_USB_Device_Library/Class/CDC/Src/usbd_cdc.o
                0x0000000008004b9c                USBD_CDC_SetRxBuffer
 .text.USBD_CDC_TransmitPacket
                0x0000000008004ba8       0x32 ./Middlewares/ST/STM32_USB_Device_Library/Class/CDC/Src/usbd_cdc.o
                0x0000000008004ba8                USBD_CDC_TransmitPacket
 .text.USBD_CDC_ReceivePacket
                0x0000000008004bda       0x2e ./Middlewares/ST/STM32_USB_Device_Library/Class/CDC/Src/usbd_cdc.o
                0x0000000008004bda                USBD_CDC_ReceivePacket
 .text.USBD_Init
                0x0000000008004c08       0x2a ./Middlewares/ST/STM32_USB_Device_Library/Core/Src/usbd_core.o
                0x0000000008004c08                USBD_Init
 .text.USBD_RegisterClass
                0x0000000008004c32        0xe ./Middlewares/ST/STM32_USB_Device_Library/Core/Src/usbd_core.o
                0x0000000008004c32                USBD_RegisterClass
 .text.USBD_Start
                0x0000000008004c40        0xa ./Middlewares/ST/STM32_USB_Device_Library/Core/Src/usbd_core.o
                0x0000000008004c40                USBD_Start
 .text.USBD_SetClassConfig
                0x0000000008004c4a       0x16 ./Middlewares/ST/STM32_USB_Device_Library/Core/Src/usbd_core.o
                0x0000000008004c4a                USBD_SetClassConfig
 .text.USBD_ClrClassConfig
                0x0000000008004c60        0xe ./Middlewares/ST/STM32_USB_Device_Library/Core/Src/usbd_core.o
                0x0000000008004c60                USBD_ClrClassConfig
 .text.USBD_LL_SetupStage
                0x0000000008004c6e       0x5a ./Middlewares/ST/STM32_USB_Device_Library/Core/Src/usbd_core.o
                0x0000000008004c6e                USBD_LL_SetupStage
 .text.USBD_LL_DataOutStage
                0x0000000008004cc8       0x74 ./Middlewares/ST/STM32_USB_Device_Library/Core/Src/usbd_core.o
                0x0000000008004cc8                USBD_LL_DataOutStage
 .text.USBD_LL_DataInStage
                0x0000000008004d3c       0xb6 ./Middlewares/ST/STM32_USB_Device_Library/Core/Src/usbd_core.o
                0x0000000008004d3c                USBD_LL_DataInStage
 .text.USBD_LL_Reset
                0x0000000008004df2       0x4e ./Middlewares/ST/STM32_USB_Device_Library/Core/Src/usbd_core.o
                0x0000000008004df2                USBD_LL_Reset
 .text.USBD_LL_SetSpeed
                0x0000000008004e40        0x6 ./Middlewares/ST/STM32_USB_Device_Library/Core/Src/usbd_core.o
                0x0000000008004e40                USBD_LL_SetSpeed
 .text.USBD_LL_Suspend
                0x0000000008004e46       0x12 ./Middlewares/ST/STM32_USB_Device_Library/Core/Src/usbd_core.o
                0x0000000008004e46                USBD_LL_Suspend
 .text.USBD_LL_Resume
                0x0000000008004e58       0x14 ./Middlewares/ST/STM32_USB_Device_Library/Core/Src/usbd_core.o
                0x0000000008004e58                USBD_LL_Resume
 .text.USBD_LL_SOF
                0x0000000008004e6c       0x18 ./Middlewares/ST/STM32_USB_Device_Library/Core/Src/usbd_core.o
                0x0000000008004e6c                USBD_LL_SOF
 .text.USBD_CtlError.constprop.0
                0x0000000008004e84       0x16 ./Middlewares/ST/STM32_USB_Device_Library/Core/Src/usbd_ctlreq.o
 *fill*         0x0000000008004e9a        0x2 
 .text.USBD_StdDevReq
                0x0000000008004e9c      0x254 ./Middlewares/ST/STM32_USB_Device_Library/Core/Src/usbd_ctlreq.o
                0x0000000008004e9c                USBD_StdDevReq
 .text.USBD_StdItfReq
                0x00000000080050f0       0x48 ./Middlewares/ST/STM32_USB_Device_Library/Core/Src/usbd_ctlreq.o
                0x00000000080050f0                USBD_StdItfReq
 .text.USBD_StdEPReq
                0x0000000008005138      0x114 ./Middlewares/ST/STM32_USB_Device_Library/Core/Src/usbd_ctlreq.o
                0x0000000008005138                USBD_StdEPReq
 .text.USBD_ParseSetupRequest
                0x000000000800524c       0x28 ./Middlewares/ST/STM32_USB_Device_Library/Core/Src/usbd_ctlreq.o
                0x000000000800524c                USBD_ParseSetupRequest
 .text.USBD_CtlError
                0x0000000008005274       0x16 ./Middlewares/ST/STM32_USB_Device_Library/Core/Src/usbd_ctlreq.o
                0x0000000008005274                USBD_CtlError
 .text.USBD_GetString
                0x000000000800528a       0x38 ./Middlewares/ST/STM32_USB_Device_Library/Core/Src/usbd_ctlreq.o
                0x000000000800528a                USBD_GetString
 .text.USBD_CtlSendData
                0x00000000080052c2       0x1a ./Middlewares/ST/STM32_USB_Device_Library/Core/Src/usbd_ioreq.o
                0x00000000080052c2                USBD_CtlSendData
 .text.USBD_CtlContinueSendData
                0x00000000080052dc       0x10 ./Middlewares/ST/STM32_USB_Device_Library/Core/Src/usbd_ioreq.o
                0x00000000080052dc                USBD_CtlContinueSendData
 .text.USBD_CtlPrepareRx
                0x00000000080052ec       0x1a ./Middlewares/ST/STM32_USB_Device_Library/Core/Src/usbd_ioreq.o
                0x00000000080052ec                USBD_CtlPrepareRx
 .text.USBD_CtlContinueRx
                0x0000000008005306       0x10 ./Middlewares/ST/STM32_USB_Device_Library/Core/Src/usbd_ioreq.o
                0x0000000008005306                USBD_CtlContinueRx
 .text.USBD_CtlSendStatus
                0x0000000008005316       0x16 ./Middlewares/ST/STM32_USB_Device_Library/Core/Src/usbd_ioreq.o
                0x0000000008005316                USBD_CtlSendStatus
 .text.USBD_CtlReceiveStatus
                0x000000000800532c       0x16 ./Middlewares/ST/STM32_USB_Device_Library/Core/Src/usbd_ioreq.o
                0x000000000800532c                USBD_CtlReceiveStatus
 *fill*         0x0000000008005342        0x2 
 .text.MX_USB_DEVICE_Init
                0x0000000008005344       0x50 ./USB_DEVICE/App/usb_device.o
                0x0000000008005344                MX_USB_DEVICE_Init
 .text.CDC_DeInit_FS
                0x0000000008005394        0x4 ./USB_DEVICE/App/usbd_cdc_if.o
 .text.CDC_Control_FS
                0x0000000008005398        0x4 ./USB_DEVICE/App/usbd_cdc_if.o
 .text.CDC_Receive_FS
                0x000000000800539c       0x28 ./USB_DEVICE/App/usbd_cdc_if.o
 .text.CDC_Init_FS
                0x00000000080053c4       0x28 ./USB_DEVICE/App/usbd_cdc_if.o
 .text.CDC_Transmit_FS
                0x00000000080053ec       0x2c ./USB_DEVICE/App/usbd_cdc_if.o
                0x00000000080053ec                CDC_Transmit_FS
 .text.CDC_Attach_Receive_FS
                0x0000000008005418        0xc ./USB_DEVICE/App/usbd_cdc_if.o
                0x0000000008005418                CDC_Attach_Receive_FS
 .text.USBD_FS_DeviceDescriptor
                0x0000000008005424        0xc ./USB_DEVICE/App/usbd_desc.o
                0x0000000008005424                USBD_FS_DeviceDescriptor
 .text.USBD_FS_LangIDStrDescriptor
                0x0000000008005430        0xc ./USB_DEVICE/App/usbd_desc.o
                0x0000000008005430                USBD_FS_LangIDStrDescriptor
 .text.IntToUnicode
                0x000000000800543c       0x2a ./USB_DEVICE/App/usbd_desc.o
 *fill*         0x0000000008005466        0x2 
 .text.USBD_FS_SerialStrDescriptor
                0x0000000008005468       0x3c ./USB_DEVICE/App/usbd_desc.o
                0x0000000008005468                USBD_FS_SerialStrDescriptor
 .text.USBD_FS_ManufacturerStrDescriptor
                0x00000000080054a4       0x1c ./USB_DEVICE/App/usbd_desc.o
                0x00000000080054a4                USBD_FS_ManufacturerStrDescriptor
 .text.USBD_FS_ProductStrDescriptor
                0x00000000080054c0       0x1c ./USB_DEVICE/App/usbd_desc.o
                0x00000000080054c0                USBD_FS_ProductStrDescriptor
 .text.USBD_FS_ConfigStrDescriptor
                0x00000000080054dc       0x1c ./USB_DEVICE/App/usbd_desc.o
                0x00000000080054dc                USBD_FS_ConfigStrDescriptor
 .text.USBD_FS_InterfaceStrDescriptor
                0x00000000080054f8       0x1c ./USB_DEVICE/App/usbd_desc.o
                0x00000000080054f8                USBD_FS_InterfaceStrDescriptor
 .text.USBD_Get_USB_Status
                0x0000000008005514       0x10 ./USB_DEVICE/Target/usbd_conf.o
 .text.HAL_PCD_MspInit
                0x0000000008005524       0x40 ./USB_DEVICE/Target/usbd_conf.o
                0x0000000008005524                HAL_PCD_MspInit
 .text.HAL_PCD_SetupStageCallback
                0x0000000008005564        0xc ./USB_DEVICE/Target/usbd_conf.o
                0x0000000008005564                HAL_PCD_SetupStageCallback
 .text.HAL_PCD_DataOutStageCallback
                0x0000000008005570       0x12 ./USB_DEVICE/Target/usbd_conf.o
                0x0000000008005570                HAL_PCD_DataOutStageCallback
 .text.HAL_PCD_DataInStageCallback
                0x0000000008005582       0x10 ./USB_DEVICE/Target/usbd_conf.o
                0x0000000008005582                HAL_PCD_DataInStageCallback
 .text.HAL_PCD_SOFCallback
                0x0000000008005592        0x8 ./USB_DEVICE/Target/usbd_conf.o
                0x0000000008005592                HAL_PCD_SOFCallback
 .text.HAL_PCD_ResetCallback
                0x000000000800559a       0x24 ./USB_DEVICE/Target/usbd_conf.o
                0x000000000800559a                HAL_PCD_ResetCallback
 *fill*         0x00000000080055be        0x2 
 .text.HAL_PCD_SuspendCallback
                0x00000000080055c0       0x20 ./USB_DEVICE/Target/usbd_conf.o
                0x00000000080055c0                HAL_PCD_SuspendCallback
 .text.HAL_PCD_ResumeCallback
                0x00000000080055e0        0x8 ./USB_DEVICE/Target/usbd_conf.o
                0x00000000080055e0                HAL_PCD_ResumeCallback
 .text.USBD_LL_Init
                0x00000000080055e8       0x84 ./USB_DEVICE/Target/usbd_conf.o
                0x00000000080055e8                USBD_LL_Init
 .text.USBD_LL_Start
                0x000000000800566c       0x12 ./USB_DEVICE/Target/usbd_conf.o
                0x000000000800566c                USBD_LL_Start
 .text.USBD_LL_OpenEP
                0x000000000800567e       0x18 ./USB_DEVICE/Target/usbd_conf.o
                0x000000000800567e                USBD_LL_OpenEP
 .text.USBD_LL_CloseEP
                0x0000000008005696       0x12 ./USB_DEVICE/Target/usbd_conf.o
                0x0000000008005696                USBD_LL_CloseEP
 .text.USBD_LL_StallEP
                0x00000000080056a8       0x12 ./USB_DEVICE/Target/usbd_conf.o
                0x00000000080056a8                USBD_LL_StallEP
 .text.USBD_LL_ClearStallEP
                0x00000000080056ba       0x12 ./USB_DEVICE/Target/usbd_conf.o
                0x00000000080056ba                USBD_LL_ClearStallEP
 .text.USBD_LL_IsStallEP
                0x00000000080056cc       0x24 ./USB_DEVICE/Target/usbd_conf.o
                0x00000000080056cc                USBD_LL_IsStallEP
 .text.USBD_LL_SetUSBAddress
                0x00000000080056f0       0x12 ./USB_DEVICE/Target/usbd_conf.o
                0x00000000080056f0                USBD_LL_SetUSBAddress
 .text.USBD_LL_Transmit
                0x0000000008005702       0x12 ./USB_DEVICE/Target/usbd_conf.o
                0x0000000008005702                USBD_LL_Transmit
 .text.USBD_LL_PrepareReceive
                0x0000000008005714       0x12 ./USB_DEVICE/Target/usbd_conf.o
                0x0000000008005714                USBD_LL_PrepareReceive
 .text.USBD_LL_GetRxDataSize
                0x0000000008005726        0x8 ./USB_DEVICE/Target/usbd_conf.o
                0x0000000008005726                USBD_LL_GetRxDataSize
 *fill*         0x000000000800572e        0x2 
 .text.USBD_static_malloc
                0x0000000008005730        0x8 ./USB_DEVICE/Target/usbd_conf.o
                0x0000000008005730                USBD_static_malloc
 .text.USBD_static_free
                0x0000000008005738        0x2 ./USB_DEVICE/Target/usbd_conf.o
                0x0000000008005738                USBD_static_free
 .text.HAL_PCDEx_SetConnectionState
                0x000000000800573a        0x2 ./USB_DEVICE/Target/usbd_conf.o
                0x000000000800573a                HAL_PCDEx_SetConnectionState
 .text.__libc_init_array
                0x000000000800573c       0x48 /opt/st/stm32cubeide_1.10.1/plugins/com.st.stm32cube.ide.mcu.externaltools.gnu-tools-for-stm32.10.3-2021.10.linux64_1.0.0.202111181127/tools/bin/../lib/gcc/arm-none-eabi/10.3.1/../../../../arm-none-eabi/lib/thumb/v7-m/nofp/libc_nano.a(lib_a-init.o)
                0x000000000800573c                __libc_init_array
 .text.memset   0x0000000008005784       0x10 /opt/st/stm32cubeide_1.10.1/plugins/com.st.stm32cube.ide.mcu.externaltools.gnu-tools-for-stm32.10.3-2021.10.linux64_1.0.0.202111181127/tools/bin/../lib/gcc/arm-none-eabi/10.3.1/../../../../arm-none-eabi/lib/thumb/v7-m/nofp/libc_nano.a(lib_a-memset.o)
                0x0000000008005784                memset
 *(.glue_7)
 .glue_7        0x0000000008005794        0x0 linker stubs
 *(.glue_7t)
 .glue_7t       0x0000000008005794        0x0 linker stubs
 *(.eh_frame)
 .eh_frame      0x0000000008005794        0x0 /opt/st/stm32cubeide_1.10.1/plugins/com.st.stm32cube.ide.mcu.externaltools.gnu-tools-for-stm32.10.3-2021.10.linux64_1.0.0.202111181127/tools/bin/../lib/gcc/arm-none-eabi/10.3.1/thumb/v7-m/nofp/crtbegin.o
 *(.init)
 .init          0x0000000008005794        0x4 /opt/st/stm32cubeide_1.10.1/plugins/com.st.stm32cube.ide.mcu.externaltools.gnu-tools-for-stm32.10.3-2021.10.linux64_1.0.0.202111181127/tools/bin/../lib/gcc/arm-none-eabi/10.3.1/thumb/v7-m/nofp/crti.o
                0x0000000008005794                _init
 .init          0x0000000008005798        0x8 /opt/st/stm32cubeide_1.10.1/plugins/com.st.stm32cube.ide.mcu.externaltools.gnu-tools-for-stm32.10.3-2021.10.linux64_1.0.0.202111181127/tools/bin/../lib/gcc/arm-none-eabi/10.3.1/thumb/v7-m/nofp/crtn.o
 *(.fini)
 .fini          0x00000000080057a0        0x4 /opt/st/stm32cubeide_1.10.1/plugins/com.st.stm32cube.ide.mcu.externaltools.gnu-tools-for-stm32.10.3-2021.10.linux64_1.0.0.202111181127/tools/bin/../lib/gcc/arm-none-eabi/10.3.1/thumb/v7-m/nofp/crti.o
                0x00000000080057a0                _fini
 .fini          0x00000000080057a4        0x8 /opt/st/stm32cubeide_1.10.1/plugins/com.st.stm32cube.ide.mcu.externaltools.gnu-tools-for-stm32.10.3-2021.10.linux64_1.0.0.202111181127/tools/bin/../lib/gcc/arm-none-eabi/10.3.1/thumb/v7-m/nofp/crtn.o
                0x00000000080057ac                . = ALIGN (0x4)
                0x00000000080057ac                _etext = .

.vfp11_veneer   0x00000000080057ac        0x0
 .vfp11_veneer  0x00000000080057ac        0x0 linker stubs

.v4_bx          0x00000000080057ac        0x0
 .v4_bx         0x00000000080057ac        0x0 linker stubs

.iplt           0x00000000080057ac        0x0
 .iplt          0x00000000080057ac        0x0 /opt/st/stm32cubeide_1.10.1/plugins/com.st.stm32cube.ide.mcu.externaltools.gnu-tools-for-stm32.10.3-2021.10.linux64_1.0.0.202111181127/tools/bin/../lib/gcc/arm-none-eabi/10.3.1/thumb/v7-m/nofp/crtbegin.o

.rodata         0x00000000080057ac      0x17c
                0x00000000080057ac                . = ALIGN (0x4)
 *(.rodata)
 .rodata        0x00000000080057ac       0xf5 ./Core/Src/esp8266_transport.o
 .rodata        0x00000000080058a1        0xb ./Core/Src/main.o
 *(.rodata*)
 .rodata.cmd_exec.str1.1
                0x00000000080058ac        0x7 ./Core/Src/cmdparser.o
 .rodata.header
                0x00000000080058b3        0x6 ./Core/Src/pcomm.o
 .rodata.AHBPrescTable
                0x00000000080058b9       0x10 ./Core/Src/system_stm32f1xx.o
                0x00000000080058b9                AHBPrescTable
 .rodata.APBPrescTable
                0x00000000080058c9        0x8 ./Core/Src/system_stm32f1xx.o
                0x00000000080058c9                APBPrescTable
 .rodata.HAL_RCC_GetSysClockFreq.str1.1
                0x00000000080058d1       0x11 ./Drivers/STM32F1xx_HAL_Driver/Src/stm32f1xx_hal_rcc.o
 .rodata.USBD_FS_ManufacturerStrDescriptor.str1.1
                0x00000000080058e2       0x13 ./USB_DEVICE/App/usbd_desc.o
 .rodata.USBD_FS_ProductStrDescriptor.str1.1
                0x00000000080058f5       0x16 ./USB_DEVICE/App/usbd_desc.o
 .rodata.USBD_FS_ConfigStrDescriptor.str1.1
                0x000000000800590b        0xb ./USB_DEVICE/App/usbd_desc.o
 .rodata.USBD_FS_InterfaceStrDescriptor.str1.1
                0x0000000008005916        0xe ./USB_DEVICE/App/usbd_desc.o
 .rodata.CSWTCH.3
                0x0000000008005924        0x4 ./USB_DEVICE/Target/usbd_conf.o
                0x0000000008005928                . = ALIGN (0x4)

.rel.dyn        0x0000000008005928        0x0
 .rel.iplt      0x0000000008005928        0x0 /opt/st/stm32cubeide_1.10.1/plugins/com.st.stm32cube.ide.mcu.externaltools.gnu-tools-for-stm32.10.3-2021.10.linux64_1.0.0.202111181127/tools/bin/../lib/gcc/arm-none-eabi/10.3.1/thumb/v7-m/nofp/crtbegin.o

.ARM.extab      0x0000000008005928        0x0
                0x0000000008005928                . = ALIGN (0x4)
 *(.ARM.extab* .gnu.linkonce.armextab.*)
                0x0000000008005928                . = ALIGN (0x4)

.ARM            0x0000000008005928        0x0
                0x0000000008005928                . = ALIGN (0x4)
                0x0000000008005928                __exidx_start = .
 *(.ARM.exidx*)
                0x0000000008005928                __exidx_end = .
                0x0000000008005928                . = ALIGN (0x4)

.preinit_array  0x0000000008005928        0x0
                0x0000000008005928                . = ALIGN (0x4)
                0x0000000008005928                PROVIDE (__preinit_array_start = .)
 *(.preinit_array*)
                0x0000000008005928                PROVIDE (__preinit_array_end = .)
                0x0000000008005928                . = ALIGN (0x4)

.init_array     0x0000000008005928        0x4
                0x0000000008005928                . = ALIGN (0x4)
                0x0000000008005928                PROVIDE (__init_array_start = .)
 *(SORT_BY_NAME(.init_array.*))
 *(.init_array*)
 .init_array    0x0000000008005928        0x4 /opt/st/stm32cubeide_1.10.1/plugins/com.st.stm32cube.ide.mcu.externaltools.gnu-tools-for-stm32.10.3-2021.10.linux64_1.0.0.202111181127/tools/bin/../lib/gcc/arm-none-eabi/10.3.1/thumb/v7-m/nofp/crtbegin.o
                0x000000000800592c                PROVIDE (__init_array_end = .)
                0x000000000800592c                . = ALIGN (0x4)

.fini_array     0x000000000800592c        0x4
                0x000000000800592c                . = ALIGN (0x4)
                [!provide]                        PROVIDE (__fini_array_start = .)
 *(SORT_BY_NAME(.fini_array.*))
 *(.fini_array*)
 .fini_array    0x000000000800592c        0x4 /opt/st/stm32cubeide_1.10.1/plugins/com.st.stm32cube.ide.mcu.externaltools.gnu-tools-for-stm32.10.3-2021.10.linux64_1.0.0.202111181127/tools/bin/../lib/gcc/arm-none-eabi/10.3.1/thumb/v7-m/nofp/crtbegin.o
                [!provide]                        PROVIDE (__fini_array_end = .)
                0x0000000008005930                . = ALIGN (0x4)
                0x0000000008005930                _sidata = LOADADDR (.data)

.data           0x0000000020000000      0x180 load address 0x0000000008005930
                0x0000000020000000                . = ALIGN (0x4)
                0x0000000020000000                _sdata = .
 *(.data)
 *(.data*)
 .data.firmware_version
                0x0000000020000000        0x4 ./Core/Src/main.o
                0x0000000020000000                firmware_version
 .data.SystemCoreClock
                0x0000000020000004        0x4 ./Core/Src/system_stm32f1xx.o
                0x0000000020000004                SystemCoreClock
 .data.uwTickFreq
                0x0000000020000008        0x1 ./Drivers/STM32F1xx_HAL_Driver/Src/stm32f1xx_hal.o
                0x0000000020000008                uwTickFreq
 *fill*         0x0000000020000009        0x3 
 .data.uwTickPrio
                0x000000002000000c        0x4 ./Drivers/STM32F1xx_HAL_Driver/Src/stm32f1xx_hal.o
                0x000000002000000c                uwTickPrio
 .data.USBD_CDC
                0x0000000020000010       0x38 ./Middlewares/ST/STM32_USB_Device_Library/Class/CDC/Src/usbd_cdc.o
                0x0000000020000010                USBD_CDC
 .data.USBD_CDC_CfgFSDesc
                0x0000000020000048       0x43 ./Middlewares/ST/STM32_USB_Device_Library/Class/CDC/Src/usbd_cdc.o
                0x0000000020000048                USBD_CDC_CfgFSDesc
 *fill*         0x000000002000008b        0x1 
 .data.USBD_CDC_CfgHSDesc
                0x000000002000008c       0x43 ./Middlewares/ST/STM32_USB_Device_Library/Class/CDC/Src/usbd_cdc.o
                0x000000002000008c                USBD_CDC_CfgHSDesc
 *fill*         0x00000000200000cf        0x1 
 .data.USBD_CDC_DeviceQualifierDesc
                0x00000000200000d0        0xa ./Middlewares/ST/STM32_USB_Device_Library/Class/CDC/Src/usbd_cdc.o
 *fill*         0x00000000200000da        0x2 
 .data.USBD_CDC_OtherSpeedCfgDesc
                0x00000000200000dc       0x43 ./Middlewares/ST/STM32_USB_Device_Library/Class/CDC/Src/usbd_cdc.o
                0x00000000200000dc                USBD_CDC_OtherSpeedCfgDesc
 *fill*         0x000000002000011f        0x1 
 .data.USBD_Interface_fops_FS
                0x0000000020000120       0x10 ./USB_DEVICE/App/usbd_cdc_if.o
                0x0000000020000120                USBD_Interface_fops_FS
 .data.FS_Desc  0x0000000020000130       0x1c ./USB_DEVICE/App/usbd_desc.o
                0x0000000020000130                FS_Desc
 .data.USBD_FS_DeviceDesc
                0x000000002000014c       0x12 ./USB_DEVICE/App/usbd_desc.o
                0x000000002000014c                USBD_FS_DeviceDesc
 *fill*         0x000000002000015e        0x2 
 .data.USBD_LangIDDesc
                0x0000000020000160        0x4 ./USB_DEVICE/App/usbd_desc.o
                0x0000000020000160                USBD_LangIDDesc
 .data.USBD_StringSerial
                0x0000000020000164       0x1a ./USB_DEVICE/App/usbd_desc.o
                0x0000000020000164                USBD_StringSerial
 *(.RamFunc)
 *(.RamFunc*)
                0x0000000020000180                . = ALIGN (0x4)
 *fill*         0x000000002000017e        0x2 
                0x0000000020000180                _edata = .

.igot.plt       0x0000000020000180        0x0 load address 0x0000000008005ab0
 .igot.plt      0x0000000020000180        0x0 /opt/st/stm32cubeide_1.10.1/plugins/com.st.stm32cube.ide.mcu.externaltools.gnu-tools-for-stm32.10.3-2021.10.linux64_1.0.0.202111181127/tools/bin/../lib/gcc/arm-none-eabi/10.3.1/thumb/v7-m/nofp/crtbegin.o
                0x0000000020000180                . = ALIGN (0x4)

.bss            0x0000000020000180     0x2a4c load address 0x0000000008005ab0
                0x0000000020000180                _sbss = .
                0x0000000020000180                __bss_start__ = _sbss
 *(.bss)
 .bss           0x0000000020000180       0x1c /opt/st/stm32cubeide_1.10.1/plugins/com.st.stm32cube.ide.mcu.externaltools.gnu-tools-for-stm32.10.3-2021.10.linux64_1.0.0.202111181127/tools/bin/../lib/gcc/arm-none-eabi/10.3.1/thumb/v7-m/nofp/crtbegin.o
 *(.bss*)
 .bss.__rx_bf_cdc
                0x000000002000019c      0x400 ./Core/Src/main.o
                0x000000002000019c                __rx_bf_cdc
 .bss.__rx_bf_wless
                0x000000002000059c      0x400 ./Core/Src/main.o
                0x000000002000059c                __rx_bf_wless
 .bss.__tx_bf_cdc
                0x000000002000099c      0x400 ./Core/Src/main.o
                0x000000002000099c                __tx_bf_cdc
 .bss.__tx_bf_wless
                0x0000000020000d9c      0x400 ./Core/Src/main.o
                0x0000000020000d9c                __tx_bf_wless
 .bss.__tx_double_bf_cdc
                0x000000002000119c      0x400 ./Core/Src/main.o
                0x000000002000119c                __tx_double_bf_cdc
 .bss.adc       0x000000002000159c        0x8 ./Core/Src/main.o
                0x000000002000159c                adc
 .bss.cdc       0x00000000200015a4       0x30 ./Core/Src/main.o
                0x00000000200015a4                cdc
 .bss.cnt       0x00000000200015d4        0x8 ./Core/Src/main.o
                0x00000000200015d4                cnt
 .bss.espt      0x00000000200015dc      0x280 ./Core/Src/main.o
                0x00000000200015dc                espt
 .bss.hadc1     0x000000002000185c       0x30 ./Core/Src/main.o
                0x000000002000185c                hadc1
 .bss.hb        0x000000002000188c        0x4 ./Core/Src/main.o
                0x000000002000188c                hb
 .bss.hdma_adc1
                0x0000000020001890       0x44 ./Core/Src/main.o
                0x0000000020001890                hdma_adc1
 .bss.htim1     0x00000000200018d4       0x48 ./Core/Src/main.o
                0x00000000200018d4                htim1
 .bss.htim2     0x000000002000191c       0x48 ./Core/Src/main.o
                0x000000002000191c                htim2
 .bss.htim3     0x0000000020001964       0x48 ./Core/Src/main.o
                0x0000000020001964                htim3
 .bss.huart1    0x00000000200019ac       0x44 ./Core/Src/main.o
                0x00000000200019ac                huart1
 .bss.wless     0x00000000200019f0       0x30 ./Core/Src/main.o
                0x00000000200019f0                wless
 .bss.uwTick    0x0000000020001a20        0x4 ./Drivers/STM32F1xx_HAL_Driver/Src/stm32f1xx_hal.o
                0x0000000020001a20                uwTick
 .bss.cfgidx.0  0x0000000020001a24        0x1 ./Middlewares/ST/STM32_USB_Device_Library/Core/Src/usbd_ctlreq.o
 *fill*         0x0000000020001a25        0x3 
 .bss.hUsbDeviceFS
                0x0000000020001a28      0x2c4 ./USB_DEVICE/App/usb_device.o
                0x0000000020001a28                hUsbDeviceFS
 .bss.CDC_Rx_to_buff
                0x0000000020001cec        0x4 ./USB_DEVICE/App/usbd_cdc_if.o
                0x0000000020001cec                CDC_Rx_to_buff
 .bss.UserRxBufferFS
                0x0000000020001cf0      0x3e8 ./USB_DEVICE/App/usbd_cdc_if.o
                0x0000000020001cf0                UserRxBufferFS
 .bss.UserTxBufferFS
                0x00000000200020d8      0x3e8 ./USB_DEVICE/App/usbd_cdc_if.o
                0x00000000200020d8                UserTxBufferFS
 .bss.USBD_StrDesc
                0x00000000200024c0      0x200 ./USB_DEVICE/App/usbd_desc.o
                0x00000000200024c0                USBD_StrDesc
 .bss.hpcd_USB_FS
                0x00000000200026c0      0x2ec ./USB_DEVICE/Target/usbd_conf.o
                0x00000000200026c0                hpcd_USB_FS
 .bss.mem.0     0x00000000200029ac      0x220 ./USB_DEVICE/Target/usbd_conf.o
 *(COMMON)
                0x0000000020002bcc                . = ALIGN (0x4)
                0x0000000020002bcc                _ebss = .
                0x0000000020002bcc                __bss_end__ = _ebss

._user_heap_stack
                0x0000000020002bcc      0x604 load address 0x0000000008005ab0
                0x0000000020002bd0                . = ALIGN (0x8)
 *fill*         0x0000000020002bcc        0x4 
                [!provide]                        PROVIDE (end = .)
                0x0000000020002bd0                PROVIDE (_end = .)
                0x0000000020002dd0                . = (. + _Min_Heap_Size)
 *fill*         0x0000000020002bd0      0x200 
                0x00000000200031d0                . = (. + _Min_Stack_Size)
 *fill*         0x0000000020002dd0      0x400 
                0x00000000200031d0                . = ALIGN (0x8)

/DISCARD/
 libc.a(*)
 libm.a(*)
 libgcc.a(*)

.ARM.attributes
                0x0000000000000000       0x29
 *(.ARM.attributes)
 .ARM.attributes
                0x0000000000000000       0x1d /opt/st/stm32cubeide_1.10.1/plugins/com.st.stm32cube.ide.mcu.externaltools.gnu-tools-for-stm32.10.3-2021.10.linux64_1.0.0.202111181127/tools/bin/../lib/gcc/arm-none-eabi/10.3.1/thumb/v7-m/nofp/crti.o
 .ARM.attributes
                0x000000000000001d       0x2d /opt/st/stm32cubeide_1.10.1/plugins/com.st.stm32cube.ide.mcu.externaltools.gnu-tools-for-stm32.10.3-2021.10.linux64_1.0.0.202111181127/tools/bin/../lib/gcc/arm-none-eabi/10.3.1/thumb/v7-m/nofp/crtbegin.o
 .ARM.attributes
                0x000000000000004a       0x2d ./Core/Src/cmdparser.o
 .ARM.attributes
                0x0000000000000077       0x2d ./Core/Src/esp8266_transport.o
 .ARM.attributes
                0x00000000000000a4       0x2d ./Core/Src/main.o
 .ARM.attributes
                0x00000000000000d1       0x2d ./Core/Src/pcomm.o
 .ARM.attributes
                0x00000000000000fe       0x2d ./Core/Src/stm32f1xx_hal_msp.o
 .ARM.attributes
                0x000000000000012b       0x2d ./Core/Src/stm32f1xx_it.o
 .ARM.attributes
                0x0000000000000158       0x2d ./Core/Src/system_stm32f1xx.o
 .ARM.attributes
                0x0000000000000185       0x2d ./Core/Src/util.o
 .ARM.attributes
                0x00000000000001b2       0x21 ./Core/Startup/startup_stm32f103cbtx.o
 .ARM.attributes
                0x00000000000001d3       0x2d ./Drivers/STM32F1xx_HAL_Driver/Src/stm32f1xx_hal.o
 .ARM.attributes
                0x0000000000000200       0x2d ./Drivers/STM32F1xx_HAL_Driver/Src/stm32f1xx_hal_adc.o
 .ARM.attributes
                0x000000000000022d       0x2d ./Drivers/STM32F1xx_HAL_Driver/Src/stm32f1xx_hal_cortex.o
 .ARM.attributes
                0x000000000000025a       0x2d ./Drivers/STM32F1xx_HAL_Driver/Src/stm32f1xx_hal_dma.o
 .ARM.attributes
                0x0000000000000287       0x2d ./Drivers/STM32F1xx_HAL_Driver/Src/stm32f1xx_hal_gpio.o
 .ARM.attributes
                0x00000000000002b4       0x2d ./Drivers/STM32F1xx_HAL_Driver/Src/stm32f1xx_hal_pcd.o
 .ARM.attributes
                0x00000000000002e1       0x2d ./Drivers/STM32F1xx_HAL_Driver/Src/stm32f1xx_hal_pcd_ex.o
 .ARM.attributes
                0x000000000000030e       0x2d ./Drivers/STM32F1xx_HAL_Driver/Src/stm32f1xx_hal_rcc.o
 .ARM.attributes
                0x000000000000033b       0x2d ./Drivers/STM32F1xx_HAL_Driver/Src/stm32f1xx_hal_rcc_ex.o
 .ARM.attributes
                0x0000000000000368       0x2d ./Drivers/STM32F1xx_HAL_Driver/Src/stm32f1xx_hal_tim.o
 .ARM.attributes
                0x0000000000000395       0x2d ./Drivers/STM32F1xx_HAL_Driver/Src/stm32f1xx_hal_tim_ex.o
 .ARM.attributes
                0x00000000000003c2       0x2d ./Drivers/STM32F1xx_HAL_Driver/Src/stm32f1xx_hal_uart.o
 .ARM.attributes
                0x00000000000003ef       0x2d ./Drivers/STM32F1xx_HAL_Driver/Src/stm32f1xx_ll_usb.o
 .ARM.attributes
                0x000000000000041c       0x2d ./Middlewares/ST/STM32_USB_Device_Library/Class/CDC/Src/usbd_cdc.o
 .ARM.attributes
                0x0000000000000449       0x2d ./Middlewares/ST/STM32_USB_Device_Library/Core/Src/usbd_core.o
 .ARM.attributes
                0x0000000000000476       0x2d ./Middlewares/ST/STM32_USB_Device_Library/Core/Src/usbd_ctlreq.o
 .ARM.attributes
                0x00000000000004a3       0x2d ./Middlewares/ST/STM32_USB_Device_Library/Core/Src/usbd_ioreq.o
 .ARM.attributes
                0x00000000000004d0       0x2d ./USB_DEVICE/App/usb_device.o
 .ARM.attributes
                0x00000000000004fd       0x2d ./USB_DEVICE/App/usbd_cdc_if.o
 .ARM.attributes
                0x000000000000052a       0x2d ./USB_DEVICE/App/usbd_desc.o
 .ARM.attributes
                0x0000000000000557       0x2d ./USB_DEVICE/Target/usbd_conf.o
 .ARM.attributes
                0x0000000000000584       0x2d /opt/st/stm32cubeide_1.10.1/plugins/com.st.stm32cube.ide.mcu.externaltools.gnu-tools-for-stm32.10.3-2021.10.linux64_1.0.0.202111181127/tools/bin/../lib/gcc/arm-none-eabi/10.3.1/../../../../arm-none-eabi/lib/thumb/v7-m/nofp/libc_nano.a(lib_a-init.o)
 .ARM.attributes
                0x00000000000005b1       0x2d /opt/st/stm32cubeide_1.10.1/plugins/com.st.stm32cube.ide.mcu.externaltools.gnu-tools-for-stm32.10.3-2021.10.linux64_1.0.0.202111181127/tools/bin/../lib/gcc/arm-none-eabi/10.3.1/../../../../arm-none-eabi/lib/thumb/v7-m/nofp/libc_nano.a(lib_a-memset.o)
 .ARM.attributes
                0x00000000000005de       0x1d /opt/st/stm32cubeide_1.10.1/plugins/com.st.stm32cube.ide.mcu.externaltools.gnu-tools-for-stm32.10.3-2021.10.linux64_1.0.0.202111181127/tools/bin/../lib/gcc/arm-none-eabi/10.3.1/thumb/v7-m/nofp/crtn.o
OUTPUT(mic_auto.elf elf32-littlearm)
LOAD linker stubs
LOAD /opt/st/stm32cubeide_1.10.1/plugins/com.st.stm32cube.ide.mcu.externaltools.gnu-tools-for-stm32.10.3-2021.10.linux64_1.0.0.202111181127/tools/bin/../lib/gcc/arm-none-eabi/10.3.1/../../../../arm-none-eabi/lib/thumb/v7-m/nofp/libc.a
LOAD /opt/st/stm32cubeide_1.10.1/plugins/com.st.stm32cube.ide.mcu.externaltools.gnu-tools-for-stm32.10.3-2021.10.linux64_1.0.0.202111181127/tools/bin/../lib/gcc/arm-none-eabi/10.3.1/../../../../arm-none-eabi/lib/thumb/v7-m/nofp/libm.a
LOAD /opt/st/stm32cubeide_1.10.1/plugins/com.st.stm32cube.ide.mcu.externaltools.gnu-tools-for-stm32.10.3-2021.10.linux64_1.0.0.202111181127/tools/bin/../lib/gcc/arm-none-eabi/10.3.1/thumb/v7-m/nofp/libgcc.a

.comment        0x0000000000000000       0x50
 .comment       0x0000000000000000       0x50 ./Core/Src/cmdparser.o
                                         0x51 (size before relaxing)
 .comment       0x0000000000000050       0x51 ./Core/Src/esp8266_transport.o
 .comment       0x0000000000000050       0x51 ./Core/Src/main.o
 .comment       0x0000000000000050       0x51 ./Core/Src/pcomm.o
 .comment       0x0000000000000050       0x51 ./Core/Src/stm32f1xx_hal_msp.o
 .comment       0x0000000000000050       0x51 ./Core/Src/stm32f1xx_it.o
 .comment       0x0000000000000050       0x51 ./Core/Src/system_stm32f1xx.o
 .comment       0x0000000000000050       0x51 ./Core/Src/util.o
 .comment       0x0000000000000050       0x51 ./Drivers/STM32F1xx_HAL_Driver/Src/stm32f1xx_hal.o
 .comment       0x0000000000000050       0x51 ./Drivers/STM32F1xx_HAL_Driver/Src/stm32f1xx_hal_adc.o
 .comment       0x0000000000000050       0x51 ./Drivers/STM32F1xx_HAL_Driver/Src/stm32f1xx_hal_cortex.o
 .comment       0x0000000000000050       0x51 ./Drivers/STM32F1xx_HAL_Driver/Src/stm32f1xx_hal_dma.o
 .comment       0x0000000000000050       0x51 ./Drivers/STM32F1xx_HAL_Driver/Src/stm32f1xx_hal_gpio.o
 .comment       0x0000000000000050       0x51 ./Drivers/STM32F1xx_HAL_Driver/Src/stm32f1xx_hal_pcd.o
 .comment       0x0000000000000050       0x51 ./Drivers/STM32F1xx_HAL_Driver/Src/stm32f1xx_hal_pcd_ex.o
 .comment       0x0000000000000050       0x51 ./Drivers/STM32F1xx_HAL_Driver/Src/stm32f1xx_hal_rcc.o
 .comment       0x0000000000000050       0x51 ./Drivers/STM32F1xx_HAL_Driver/Src/stm32f1xx_hal_rcc_ex.o
 .comment       0x0000000000000050       0x51 ./Drivers/STM32F1xx_HAL_Driver/Src/stm32f1xx_hal_tim.o
 .comment       0x0000000000000050       0x51 ./Drivers/STM32F1xx_HAL_Driver/Src/stm32f1xx_hal_tim_ex.o
 .comment       0x0000000000000050       0x51 ./Drivers/STM32F1xx_HAL_Driver/Src/stm32f1xx_hal_uart.o
 .comment       0x0000000000000050       0x51 ./Drivers/STM32F1xx_HAL_Driver/Src/stm32f1xx_ll_usb.o
 .comment       0x0000000000000050       0x51 ./Middlewares/ST/STM32_USB_Device_Library/Class/CDC/Src/usbd_cdc.o
 .comment       0x0000000000000050       0x51 ./Middlewares/ST/STM32_USB_Device_Library/Core/Src/usbd_core.o
 .comment       0x0000000000000050       0x51 ./Middlewares/ST/STM32_USB_Device_Library/Core/Src/usbd_ctlreq.o
 .comment       0x0000000000000050       0x51 ./Middlewares/ST/STM32_USB_Device_Library/Core/Src/usbd_ioreq.o
 .comment       0x0000000000000050       0x51 ./USB_DEVICE/App/usb_device.o
 .comment       0x0000000000000050       0x51 ./USB_DEVICE/App/usbd_cdc_if.o
 .comment       0x0000000000000050       0x51 ./USB_DEVICE/App/usbd_desc.o
 .comment       0x0000000000000050       0x51 ./USB_DEVICE/Target/usbd_conf.o

.debug_frame    0x0000000000000000       0x4c
 .debug_frame   0x0000000000000000       0x2c /opt/st/stm32cubeide_1.10.1/plugins/com.st.stm32cube.ide.mcu.externaltools.gnu-tools-for-stm32.10.3-2021.10.linux64_1.0.0.202111181127/tools/bin/../lib/gcc/arm-none-eabi/10.3.1/../../../../arm-none-eabi/lib/thumb/v7-m/nofp/libc_nano.a(lib_a-init.o)
 .debug_frame   0x000000000000002c       0x20 /opt/st/stm32cubeide_1.10.1/plugins/com.st.stm32cube.ide.mcu.externaltools.gnu-tools-for-stm32.10.3-2021.10.linux64_1.0.0.202111181127/tools/bin/../lib/gcc/arm-none-eabi/10.3.1/../../../../arm-none-eabi/lib/thumb/v7-m/nofp/libc_nano.a(lib_a-memset.o)
