../Core/Src/pcomm.c:22:6:pcomm_init	12	static
../Core/Src/pcomm.c:47:6:pcomm_rx_receive_array	16	static
../Core/Src/pcomm.c:55:6:pcomm_rx_receive_byte	8	static
../Core/Src/pcomm.c:65:9:pcomm_rx_data_ready	24	static
../Core/Src/pcomm.c:75:6:pcomm_rx_data_flush	0	static
../Core/Src/pcomm.c:79:6:pcomm_rx_tout_up	0	static
../Core/Src/pcomm.c:90:6:pcomm_tx_put_header	16	static
../Core/Src/pcomm.c:109:6:pcomm_tx_put_data	8	static
../Core/Src/pcomm.c:118:6:pcomm_tx_put_chksum	0	static
../Core/Src/pcomm.c:130:6:pcomm_tx_put_data_frame	24	static
../Core/Src/pcomm.c:148:10:pcomm_tx_data_ready	0	static
../Core/Src/pcomm.c:156:9:pcomm_tx_read_byte	8	static
../Core/Src/pcomm.c:170:6:pcomm_tx_data_flush	0	static
