../Core/Src/main.c:92:6:HAL_ADC_ConvCpltCallback	16	static
../Core/Src/main.c:108:6:heartbeat_gpio_callback	16	static
../Core/Src/main.c:117:6:tasks_1ms	4	static
../Core/Src/main.c:119:6:tasks_10ms	4	static
../Core/Src/main.c:121:6:tasks_100ms	8	static
../Core/Src/main.c:125:6:tasks_1s	4	static
../Core/Src/main.c:127:6:tasks_10s	4	static
../Core/Src/main.c:137:5:main	8	static
../Core/Src/main.c:192:6:SystemClock_Config	88	static
../Core/Src/main.c:239:13:MX_ADC1_Init	24	static
../Core/Src/main.c:286:13:MX_GPIO_Init	40	static
../Core/Src/main.c:361:6:Error_Handler	4	static,ignoring_inline_asm
