../Core/Src/esp8266_transport.c:799:16:_strcmp	12	static
../Core/Src/esp8266_transport.c:817:16:_strlen	0	static
../Core/Src/esp8266_transport.c:860:16:_to_uint16	32	static
../Core/Src/esp8266_transport.c:835:17:_cut.constprop	16	static
../Core/Src/esp8266_transport.c:883:16:_to_str.isra	24	static
../Core/Src/esp8266_transport.c:76:6:espt_init	16	static
../Core/Src/esp8266_transport.c:135:6:espt_work	48	static
../Core/Src/esp8266_transport.c:310:6:espt_update_tout	0	static
../Core/Src/esp8266_transport.c:320:9:espt_status	0	static
../Core/Src/esp8266_transport.c:329:6:espt_alive	8	static
../Core/Src/esp8266_transport.c:345:6:espt_restore	8	static
../Core/Src/esp8266_transport.c:368:6:espt_list_available_ap	8	static
../Core/Src/esp8266_transport.c:387:6:espt_ap_connect	16	static
../Core/Src/esp8266_transport.c:417:6:espt_ap_disconnect	8	static
../Core/Src/esp8266_transport.c:440:10:espt_get_apaddr	0	static
../Core/Src/esp8266_transport.c:444:10:espt_get_srcaddr	0	static
../Core/Src/esp8266_transport.c:452:9:espt_socket_open	64	static
../Core/Src/esp8266_transport.c:539:6:espt_socket_send	40	static
../Core/Src/esp8266_transport.c:573:6:espt_socket_close	40	static
