../Core/Src/main.c:172:6:tasks_10ms	0	static
../Core/Src/main.c:143:6:heartbeat_gpio_callback	0	static
../Core/Src/main.c:150:6:cdc_receive	0	static
../Core/Src/main.c:157:6:tasks_1ms	8	static
../Core/Src/main.c:174:6:tasks_100ms	0	static
../Core/Src/main.c:180:6:tasks_10s	0	static
../Core/Src/main.c:178:6:tasks_1s	0	static
../Core/Src/main.c:125:6:HAL_ADC_ConvCpltCallback	16	static
../Core/Src/main.c:280:6:SystemClock_Config	88	static,ignoring_inline_asm
../Core/Src/main.c:190:5:main	96	static,ignoring_inline_asm
../Core/Src/main.c:579:6:Error_Handler	0	static,ignoring_inline_asm
